Component: ARM Compiler 5.06 update 6 (build 750) Tool: armlink [4d35ed]

==============================================================================

Section Cross References

    startup_n32g430.o(RESET) refers to startup_n32g430.o(STACK) for __initial_sp
    startup_n32g430.o(RESET) refers to startup_n32g430.o(.text) for Reset_Handler
    startup_n32g430.o(RESET) refers to n32g430_it.o(.text) for NMI_Handler
    startup_n32g430.o(RESET) refers to port.o(.emb_text) for SVC_Handler
    startup_n32g430.o(.text) refers to system_n32g430_1.o(.text) for System_Initializes
    startup_n32g430.o(.text) refers to entry.o(.ARM.Collect$$$$00000000) for __main
    system_n32g430_1.o(.text) refers to system_n32g430_1.o(.data) for SystemCoreClock
    system_n32g430_1.o(.text) refers to system_n32g430_1.o(.constdata) for AHBPrescTable
    n32g430_adc.o(.text) refers to n32g430_rcc.o(.text) for RCC_AHB_Peripheral_Reset
    n32g430_adc.o(.text) refers to n32g430_adc.o(.data) for vrefint_value
    n32g430_gpio.o(.text) refers to n32g430_rcc.o(.text) for RCC_AHB_Peripheral_Reset
    n32g430_rcc.o(.text) refers to n32g430_rcc.o(.constdata) for APBAHBPresTable
    n32g430_spi.o(.text) refers to n32g430_rcc.o(.text) for RCC_APB2_Peripheral_Reset
    n32g430_usart.o(.text) refers to n32g430_rcc.o(.text) for RCC_APB2_Peripheral_Reset
    n32g430_tim.o(.text) refers to n32g430_rcc.o(.text) for RCC_APB2_Peripheral_Reset
    n32g430_rtc.o(.text) refers to n32g430_rtc.o(.data) for first_init_flag
    n32g430_rtc.o(.text) refers to system_n32g430_1.o(.data) for SystemCoreClock
    n32g430_pwr.o(.text) refers to n32g430_rcc.o(.text) for RCC_APB1_Peripheral_Reset
    main.o(.text) refers to system_init.o(.text) for UserSystemInit
    main.o(.text) refers to adc.o(.text) for Battery_Voltage_get
    main.o(.text) refers to usart.o(.text) for Usart1_Receive_Deal
    main.o(.text) refers to system_init.o(.data) for battery_value
    main.o(.text) refers to usart.o(.data) for Flag_usart1_recive
    main.o(.text) refers to n32g430_it.o(.data) for Flag_5ms
    adc.o(.text) refers to n32g430_rcc.o(.text) for RCC_AHB_Peripheral_Clock_Enable
    adc.o(.text) refers to n32g430_adc.o(.text) for ADC_Clock_Mode_Config
    adc.o(.text) refers to n32g430_gpio.o(.text) for GPIO_Structure_Initialize
    adc.o(.text) refers to dflti.o(.text) for __aeabi_i2d
    adc.o(.text) refers to dmul.o(.text) for __aeabi_dmul
    adc.o(.text) refers to ddiv.o(.text) for __aeabi_ddiv
    adc.o(.text) refers to dfixui.o(.text) for __aeabi_d2uiz
    adc.o(.text) refers to dma.o(.bss) for ADCConvertedValue
    adc.o(.text) refers to system_init.o(.data) for Dianping_Voltage
    adc.o(.text) refers to adc.o(.data) for Power_72V_flag
    adc.o(.text) refers to adc.o(.constdata) for wRTtable
    n32g430_it.o(.text) refers to n32g430_tim.o(.text) for TIM_Interrupt_Status_Get
    n32g430_it.o(.text) refers to n32g430_usart.o(.text) for USART_Interrupt_Status_Get
    n32g430_it.o(.text) refers to n32g430_dma.o(.text) for DMA_Channel_Disable
    n32g430_it.o(.text) refers to buffermanage.o(.text) for BufferManageWrite
    n32g430_it.o(.text) refers to system_init.o(.data) for time_delay
    n32g430_it.o(.text) refers to n32g430_it.o(.data) for Flag_1ms
    n32g430_it.o(.text) refers to usart.o(.data) for Uart1ReadBuffCnt
    n32g430_it.o(.text) refers to usart.o(.bss) for Uart1ReadBuff
    n32g430_it.o(.text) refers to buffermanage.o(.bss) for buff_manage_struct_test
    spi.o(.text) refers to n32g430_rcc.o(.text) for RCC_APB2_Peripheral_Clock_Enable
    spi.o(.text) refers to n32g430_gpio.o(.text) for GPIO_Structure_Initialize
    spi.o(.text) refers to n32g430_spi.o(.text) for SPI_I2S_Reset
    spi.o(.text) refers to spi.o(.bss) for showing_arr_Aip1
    spi.o(.text) refers to spi.o(.constdata) for Speed_num1
    spi.o(.text) refers to main.o(.data) for odotrip_show_Flag
    spi.o(.text) refers to system_init.o(.data) for kilometer_sub
    spi.o(.text) refers to usart.o(.data) for Flag_bluetooth_Connecting
    system_init.o(.text) refers to n32g430_rcc.o(.text) for RCC_Reset
    system_init.o(.text) refers to n32g430_flash.o(.text) for FLASH_Prefetch_Buffer_Enable
    system_init.o(.text) refers to n32g430_gpio.o(.text) for GPIO_Structure_Initialize
    system_init.o(.text) refers to n32g430_exti.o(.text) for EXTI_Peripheral_Initializes
    system_init.o(.text) refers to misc.o(.text) for NVIC_Initializes
    system_init.o(.text) refers to system_init.o(.data) for HSIStartUpStatus
    system_init.o(.text) refers to system_n32g430_1.o(.data) for SystemCoreClock
    system_init.o(.text) refers to flash_helper.o(.text) for flash_data_get_count
    system_init.o(.text) refers to spi.o(.text) for All_LED_Switch
    system_init.o(.text) refers to adc.o(.text) for Speed_get
    system_init.o(.text) refers to n32g430_it.o(.data) for Flag_5ms
    system_init.o(.text) refers to spi.o(.bss) for All_LED_num
[...]
    ADC_Clock_Mode_Config                    0x08000c83   Thumb Code    40  n32g430_adc.o(.text)
    NVIC_Priority_Group_Set                  0x08000cb5   Thumb Code    10  misc.o(.text)
    NVIC_Initializes                         0x08000cbf   Thumb Code   100  misc.o(.text)
    NVIC_Vector_Table_Set                    0x08000d23   Thumb Code    14  misc.o(.text)
    NVIC_System_LowPower_Enable              0x08000d31   Thumb Code    16  misc.o(.text)
    NVIC_System_Low_Power_Disable            0x08000d41   Thumb Code    16  misc.o(.text)
    SysTick_Clock_Source_Set                 0x08000d51   Thumb Code    40  misc.o(.text)
    DMA_Reset                                0x08000d8d   Thumb Code   224  n32g430_dma.o(.text)
    DMA_Memory_2_Memory_Config               0x08000e6d   Thumb Code    16  n32g430_dma.o(.text)
    DMA_Priority_Config                      0x08000e7d   Thumb Code    16  n32g430_dma.o(.text)
    DMA_Circular_Mode_Config                 0x08000e8d   Thumb Code    16  n32g430_dma.o(.text)
    DMA_Memory_Data_Width_Config             0x08000e9d   Thumb Code    16  n32g430_dma.o(.text)
    DMA_Peripheral_Data_Width_Config         0x08000ead   Thumb Code    16  n32g430_dma.o(.text)
    DMA_Memory_Addr_Increment_Config         0x08000ebd   Thumb Code    16  n32g430_dma.o(.text)
    DMA_Peripheral_Addr_Increment_Config     0x08000ecd   Thumb Code    16  n32g430_dma.o(.text)
    DMA_Buffer_Size_Config                   0x08000edd   Thumb Code     4  n32g430_dma.o(.text)
    DMA_Destination_Config                   0x08000ee1   Thumb Code    16  n32g430_dma.o(.text)
    DMA_Memory_Address_Config                0x08000ef1   Thumb Code     4  n32g430_dma.o(.text)
    DMA_Peripheral_Address_Config            0x08000ef5   Thumb Code     4  n32g430_dma.o(.text)
    DMA_Initializes                          0x08000ef9   Thumb Code    96  n32g430_dma.o(.text)
    DMA_Structure_Initializes                0x08000f59   Thumb Code    26  n32g430_dma.o(.text)
    DMA_Channel_Enable                       0x08000f73   Thumb Code    10  n32g430_dma.o(.text)
    DMA_Channel_Disable                      0x08000f7d   Thumb Code    10  n32g430_dma.o(.text)
    DMA_Interrupts_Enable                    0x08000f87   Thumb Code     8  n32g430_dma.o(.text)
    DMA_Interrupts_Disable                   0x08000f8f   Thumb Code     8  n32g430_dma.o(.text)
    DMA_Current_Data_Transfer_Number_Set     0x08000f97   Thumb Code     4  n32g430_dma.o(.text)
    DMA_Current_Data_Transfer_Number_Get     0x08000f9b   Thumb Code     8  n32g430_dma.o(.text)
    DMA_Flag_Status_Get                      0x08000fa3   Thumb Code    16  n32g430_dma.o(.text)
    DMA_Flag_Status_Clear                    0x08000fb3   Thumb Code     4  n32g430_dma.o(.text)
    DMA_Interrupt_Status_Get                 0x08000fb7   Thumb Code    16  n32g430_dma.o(.text)
    DMA_Interrupt_Status_Clear               0x08000fc7   Thumb Code     4  n32g430_dma.o(.text)
    DMA_Channel_Request_Remap                0x08000fcb   Thumb Code     4  n32g430_dma.o(.text)
    FLASH_Latency_Set                        0x08000fd5   Thumb Code    18  n32g430_flash.o(.text)
    FLASH_Latency_Get                        0x08000fe7   Thumb Code    10  n32g430_flash.o(.text)
    FLASH_Prefetch_Buffer_Enable             0x08000ff1   Thumb Code    14  n32g430_flash.o(.text)
    FLASH_Prefetch_Buffer_Disable            0x08000fff   Thumb Code    14  n32g430_flash.o(.text)
    FLASH_ICache_Reset                       0x0800100d   Thumb Code    14  n32g430_flash.o(.text)
    FLASH_ICache_Enable                      0x0800101b   Thumb Code    14  n32g430_flash.o(.text)
    FLASH_ICache_Disable                     0x08001029   Thumb Code    14  n32g430_flash.o(.text)
    FLASH_ICache_Status_Get                  0x08001037   Thumb Code    18  n32g430_flash.o(.text)
    FLASH_Cache_LOCK_Start                   0x08001049   Thumb Code    22  n32g430_flash.o(.text)
    FLASH_Cache_LOCK_Stop                    0x0800105f   Thumb Code    12  n32g430_flash.o(.text)
    FLASH_Cache_LOCK_Cancel                  0x0800106b   Thumb Code    20  n32g430_flash.o(.text)
    FLASH_Cache_LOCK_Status_Get              0x0800107f   Thumb Code    18  n32g430_flash.o(.text)
    FLASH_Unlock                             0x08001091   Thumb Code    12  n32g430_flash.o(.text)
    FLASH_Lock                               0x0800109d   Thumb Code    14  n32g430_flash.o(.text)
    Option_Bytes_Unlock                      0x080010ab   Thumb Code    12  n32g430_flash.o(.text)
    Option_Bytes_Lock                        0x080010b7   Thumb Code    14  n32g430_flash.o(.text)
    Option_Bytes_Lock_Status_Get             0x080010c5   Thumb Code    18  n32g430_flash.o(.text)
    FLASH_Status_Get                         0x080010d7   Thumb Code    48  n32g430_flash.o(.text)
    FLASH_Last_Operation_Wait                0x08001107   Thumb Code    38  n32g430_flash.o(.text)
    FLASH_Flag_Status_Clear                  0x0800112d   Thumb Code    12  n32g430_flash.o(.text)
    FLASH_One_Page_Erase                     0x08001139   Thumb Code    76  n32g430_flash.o(.text)
    FLASH_Mass_Erase                         0x08001185   Thumb Code    72  n32g430_flash.o(.text)
    FLASH_Word_Program                       0x080011cd   Thumb Code    76  n32g430_flash.o(.text)
    FLASH_Read_Out_Protection_L2_Status_Get  0x08001219   Thumb Code    18  n32g430_flash.o(.text)
    FLASH_Option_Bytes_Erase                 0x0800122b   Thumb Code   114  n32g430_flash.o(.text)
    FLASH_Option_Bytes_User_RDP1_Program     0x0800129d   Thumb Code   130  n32g430_flash.o(.text)
    FLASH_Option_Bytes_DATA_Program          0x0800131f   Thumb Code    90  n32g430_flash.o(.text)
    FLASH_Write_Protection_Enable            0x08001379   Thumb Code   134  n32g430_flash.o(.text)
    FLASH_Option_Bytes_User2_RDP2_Program    0x080013ff   Thumb Code   106  n32g430_flash.o(.text)
    FLASH_Read_Out_Protection_L1_Enable      0x08001469   Thumb Code   170  n32g430_flash.o(.text)
    FLASH_Read_Out_Protection_L1_Disable     0x08001513   Thumb Code   170  n32g430_flash.o(.text)
    FLASH_Read_Out_Protection_Status_Get     0x080015bd   Thumb Code    18  n32g430_flash.o(.text)
    FLASH_Read_Out_Protection_L2_Enable      0x080015cf   Thumb Code   202  n32g430_flash.o(.text)
    FLASH_Option_Bytes_User_Get              0x08001699   Thumb Code     8  n32g430_flash.o(.text)
    FLASH_Option_Bytes2_User_Get             0x080016a1   Thumb Code    18  n32g430_flash.o(.text)
    FLASH_Option_Bytes_Data0_Get             0x080016b3   Thumb Code    10  n32g430_flash.o(.text)
    FLASH_Option_Bytes_Data1_Get             0x080016bd   Thumb Code    10  n32g430_flash.o(.text)
    FLASH_Option_Bytes_Write_Protection_Get  0x080016c7   Thumb Code     6  n32g430_flash.o(.text)
    FLASH_Prefetch_Buffer_Status_Get         0x080016cd   Thumb Code    18  n32g430_flash.o(.text)
    FLASH_Interrupt_Enable                   0x080016df   Thumb Code    12  n32g430_flash.o(.text)
    FLASH_Interrupt_Disable                  0x080016eb   Thumb Code    12  n32g430_flash.o(.text)
    FLASH_Flag_Status_Get                    0x080016f7   Thumb Code    18  n32g430_flash.o(.text)
    FLASH_Option_Bytes_Flag_Get              0x08001709   Thumb Code    18  n32g430_flash.o(.text)
    GPIO_Reset                               0x08001729   Thumb Code    66  n32g430_gpio.o(.text)
    GPIOA_Pin_Reset                          0x0800176b   Thumb Code   256  n32g430_gpio.o(.text)
    GPIOB_Pin_Reset                          0x0800186b   Thumb Code   230  n32g430_gpio.o(.text)
    GPIOC_Pin_Reset                          0x08001951   Thumb Code   144  n32g430_gpio.o(.text)
    GPIOD_Pin_Reset                          0x080019e1   Thumb Code   194  n32g430_gpio.o(.text)
    AFIO_EXTI_Reset                          0x08001aa3   Thumb Code    62  n32g430_gpio.o(.text)
    GPIO_ALLPin_Reset                        0x08001ae1   Thumb Code    36  n32g430_gpio.o(.text)
    GPIO_Alternate_Set                       0x08001b05   Thumb Code    86  n32g430_gpio.o(.text)
    GPIO_Mode_Set                            0x08001b5b   Thumb Code    68  n32g430_gpio.o(.text)
    GPIO_Pull_Set                            0x08001b9f   Thumb Code    28  n32g430_gpio.o(.text)
    GPIO_SlewRate_Set                        0x08001bbb   Thumb Code    24  n32g430_gpio.o(.text)
    GPIO_Driver_Set                          0x08001bd3   Thumb Code    28  n32g430_gpio.o(.text)
    GPIO_Peripheral_Initialize               0x08001bef   Thumb Code    86  n32g430_gpio.o(.text)
    GPIO_Alternate_Function_Reset            0x08001c45   Thumb Code    10  n32g430_gpio.o(.text)
    GPIO_Structure_Initialize                0x08001c4f   Thumb Code    24  n32g430_gpio.o(.text)
    GPIO_Input_Pin_Data_Get                  0x08001c67   Thumb Code    16  n32g430_gpio.o(.text)
    GPIO_Input_Data_Get                      0x08001c77   Thumb Code     8  n32g430_gpio.o(.text)
    GPIO_Output_Pin_Data_Get                 0x08001c7f   Thumb Code    16  n32g430_gpio.o(.text)
    GPIO_Output_Data_Get                     0x08001c8f   Thumb Code     8  n32g430_gpio.o(.text)
    GPIO_Pins_Set                            0x08001c97   Thumb Code     4  n32g430_gpio.o(.text)
    GPIO_Pins_Reset                          0x08001c9b   Thumb Code     4  n32g430_gpio.o(.text)
    GPIO_PBSC_Pins_Reset                     0x08001c9f   Thumb Code     8  n32g430_gpio.o(.text)
    GPIO_PBC_Pins_Reset                      0x08001ca7   Thumb Code     4  n32g430_gpio.o(.text)
    GPIO_Write                               0x08001cab   Thumb Code     4  n32g430_gpio.o(.text)
    GPIO_Pin_Toggle                          0x08001caf   Thumb Code     8  n32g430_gpio.o(.text)
    GPIO_Pin_Lock_Set                        0x08001cb7   Thumb Code    18  n32g430_gpio.o(.text)
    GPIO_Pin_Remap_Set                       0x08001cc9   Thumb Code    94  n32g430_gpio.o(.text)
    GPIO_EXTI_Line_Set                       0x08001d27   Thumb Code    56  n32g430_gpio.o(.text)
    AFIO_SPI_NSS_Mode_Set                    0x08001d5f   Thumb Code    30  n32g430_gpio.o(.text)
    AFIO_ADC_External_Trigger_Remap_Set      0x08001d7d   Thumb Code    82  n32g430_gpio.o(.text)
    AFIO_5V_Tolerance_Enable                 0x08001dcf   Thumb Code    16  n32g430_gpio.o(.text)
    AFIO_5V_Tolerance_Disable                0x08001ddf   Thumb Code    16  n32g430_gpio.o(.text)
    AFIO_Filter_Stage_Ctrl                   0x08001def   Thumb Code     8  n32g430_gpio.o(.text)
    AFIO_EFT_Enable                          0x08001df7   Thumb Code   130  n32g430_gpio.o(.text)
    AFIO_EFT_Disable                         0x08001e79   Thumb Code   130  n32g430_gpio.o(.text)
    AFIO_Digital_EFT_Enable                  0x08001efb   Thumb Code   130  n32g430_gpio.o(.text)
    AFIO_Digital_EFT_Disable                 0x08001f7d   Thumb Code   130  n32g430_gpio.o(.text)
    RCC_Reset                                0x08002015   Thumb Code    74  n32g430_rcc.o(.text)
    RCC_HSE_Config                           0x0800205f   Thumb Code    60  n32g430_rcc.o(.text)
    RCC_Flag_Status_Get                      0x0800209b   Thumb Code    58  n32g430_rcc.o(.text)
    RCC_Clocks_Frequencies_Value_Get         0x080020d5   Thumb Code   250  n32g430_rcc.o(.text)
    RCC_HSE_Stable_Wait                      0x080021cf   Thumb Code    78  n32g430_rcc.o(.text)
    RCC_Clock_Security_System_Enable         0x0800221d   Thumb Code     8  n32g430_rcc.o(.text)
    RCC_Clock_Security_System_Disable        0x08002225   Thumb Code     8  n32g430_rcc.o(.text)
    RCC_HSI_Calibration_Value_Set            0x0800222d   Thumb Code    20  n32g430_rcc.o(.text)
    RCC_HSI_Enable                           0x08002241   Thumb Code     8  n32g430_rcc.o(.text)
    RCC_HSI_Disable                          0x08002249   Thumb Code     8  n32g430_rcc.o(.text)
    RCC_HSI_Stable_Wait                      0x08002251   Thumb Code    78  n32g430_rcc.o(.text)
    RCC_PLL_Config                           0x0800229f   Thumb Code    46  n32g430_rcc.o(.text)
    RCC_PLL_Enable                           0x080022cd   Thumb Code     8  n32g430_rcc.o(.text)
    RCC_PLL_Disable                          0x080022d5   Thumb Code     8  n32g430_rcc.o(.text)
    RCC_Sysclk_Config                        0x080022dd   Thumb Code    18  n32g430_rcc.o(.text)
    RCC_Sysclk_Source_Get                    0x080022ef   Thumb Code    10  n32g430_rcc.o(.text)
    RCC_Hclk_Config                          0x080022f9   Thumb Code    18  n32g430_rcc.o(.text)
    RCC_Pclk1_Config                         0x0800230b   Thumb Code    18  n32g430_rcc.o(.text)
    RCC_Pclk2_Config                         0x0800231d   Thumb Code    20  n32g430_rcc.o(.text)
    RCC_Interrupt_Enable                     0x08002331   Thumb Code    12  n32g430_rcc.o(.text)
    RCC_Interrupt_Disable                    0x0800233d   Thumb Code    12  n32g430_rcc.o(.text)
    RCC_TIM1_8_Clock_Config                  0x08002349   Thumb Code    18  n32g430_rcc.o(.text)
    RCC_ADC_1M_Clock_Config                  0x0800235b   Thumb Code    24  n32g430_rcc.o(.text)
    RCC_ADC_PLL_Clock_Prescaler_Enable       0x08002373   Thumb Code    18  n32g430_rcc.o(.text)
    RCC_ADC_PLL_Clock_Disable                0x08002385   Thumb Code    14  n32g430_rcc.o(.text)
    RCC_ADC_Hclk_Config                      0x08002393   Thumb Code    18  n32g430_rcc.o(.text)
    RCC_ADC_Hclk_Enable                      0x080023a5   Thumb Code    18  n32g430_rcc.o(.text)
    RCC_ADC_Hclk_Disable                     0x080023b7   Thumb Code    18  n32g430_rcc.o(.text)
    RCC_LSE_Trim_Config                      0x080023c9   Thumb Code    38  n32g430_rcc.o(.text)
    RCC_APB1_Peripheral_Clock_Enable         0x080023ef   Thumb Code    70  n32g430_rcc.o(.text)
    RCC_LSE_Config                           0x08002435   Thumb Code    88  n32g430_rcc.o(.text)
    RCC_LSE_Clock_Security_System_Enable     0x0800248d   Thumb Code     8  n32g430_rcc.o(.text)
    RCC_LSE_Clock_Security_System_Disable    0x08002495   Thumb Code     8  n32g430_rcc.o(.text)
    RCC_LSE_Clock_Security_System_Status_Get 0x0800249d   Thumb Code    18  n32g430_rcc.o(.text)
    RCC_LSE_Stable_Wait                      0x080024af   Thumb Code    78  n32g430_rcc.o(.text)
    RCC_LSI_Enable                           0x080024fd   Thumb Code    10  n32g430_rcc.o(.text)
    RCC_LSI_Disable                          0x08002507   Thumb Code    10  n32g430_rcc.o(.text)
    RCC_LSI_Stable_Wait                      0x08002511   Thumb Code    78  n32g430_rcc.o(.text)
    RCC_RTC_Clock_Config                     0x0800255f   Thumb Code    22  n32g430_rcc.o(.text)
    RCC_RTC_Clock_Enable                     0x08002575   Thumb Code    10  n32g430_rcc.o(.text)
    RCC_RTC_Clock_Disable                    0x0800257f   Thumb Code    10  n32g430_rcc.o(.text)
    RCC_LPTIM_Clock_Config                   0x08002589   Thumb Code    46  n32g430_rcc.o(.text)
    RCC_LPTIM_Reset                          0x080025b7   Thumb Code    24  n32g430_rcc.o(.text)
    RCC_LPTIM_Enable                         0x080025cf   Thumb Code    14  n32g430_rcc.o(.text)
    RCC_LPTIM_Disable                        0x080025dd   Thumb Code    14  n32g430_rcc.o(.text)
    RCC_AHB_Peripheral_Clock_Enable          0x080025eb   Thumb Code    12  n32g430_rcc.o(.text)
    RCC_AHB_Peripheral_Clock_Disable         0x080025f7   Thumb Code    12  n32g430_rcc.o(.text)
    RCC_APB2_Peripheral_Clock_Enable         0x08002603   Thumb Code    12  n32g430_rcc.o(.text)
    RCC_APB2_Peripheral_Clock_Disable        0x0800260f   Thumb Code    12  n32g430_rcc.o(.text)
    RCC_APB1_Peripheral_Clock_Disable        0x0800261b   Thumb Code    12  n32g430_rcc.o(.text)
    RCC_AHB_Peripheral_Reset                 0x08002627   Thumb Code    20  n32g430_rcc.o(.text)
    RCC_APB2_Peripheral_Reset                0x0800263b   Thumb Code    20  n32g430_rcc.o(.text)
    RCC_APB1_Peripheral_Reset                0x0800264f   Thumb Code    20  n32g430_rcc.o(.text)
    RCC_Backup_Reset                         0x08002663   Thumb Code    14  n32g430_rcc.o(.text)
    RCC_MCO_PLL_Prescaler_Config             0x08002671   Thumb Code    18  n32g430_rcc.o(.text)
    RCC_MCO_Source_Config                    0x08002683   Thumb Code    18  n32g430_rcc.o(.text)
    RCC_Reset_Flag_Clear                     0x08002695   Thumb Code    24  n32g430_rcc.o(.text)
    RCC_Interrupt_Status_Get                 0x080026ad   Thumb Code    18  n32g430_rcc.o(.text)
    RCC_Interrupt_Status_Clear               0x080026bf   Thumb Code    12  n32g430_rcc.o(.text)
    SPI_I2S_Reset                            0x080026dd   Thumb Code    34  n32g430_spi.o(.text)
    SPI_ON                                   0x080026ff   Thumb Code    10  n32g430_spi.o(.text)
    SPI_OFF                                  0x08002709   Thumb Code    10  n32g430_spi.o(.text)
    SPI_Initializes_Structure                0x08002713   Thumb Code    24  n32g430_spi.o(.text)
    SPI_CRC_Polynomial_Set                   0x0800272b   Thumb Code     4  n32g430_spi.o(.text)
    SPI_FirstBit_Config                      0x0800272f   Thumb Code    16  n32g430_spi.o(.text)
    SPI_BaudRatePres_Config                  0x0800273f   Thumb Code    16  n32g430_spi.o(.text)
    SPI_NSS_Config                           0x0800274f   Thumb Code    16  n32g430_spi.o(.text)
    SPI_CLKPOL_Config                        0x0800275f   Thumb Code    16  n32g430_spi.o(.text)
    SPI_CLKPHA_Config                        0x0800276f   Thumb Code    16  n32g430_spi.o(.text)
    SPI_DataLen_Config                       0x0800277f   Thumb Code    16  n32g430_spi.o(.text)
    SPI_SpiMode_Config                       0x0800278f   Thumb Code    16  n32g430_spi.o(.text)
    SPI_DataDirection_Config                 0x0800279f   Thumb Code    16  n32g430_spi.o(.text)
    SPI_Initializes                          0x080027af   Thumb Code    80  n32g430_spi.o(.text)
    SPI_Set_Nss_Level                        0x080027ff   Thumb Code    26  n32g430_spi.o(.text)
    SPI_SS_Output_Enable                     0x08002819   Thumb Code    10  n32g430_spi.o(.text)
    SPI_SS_Output_Disable                    0x08002823   Thumb Code    10  n32g430_spi.o(.text)
    SPI_Next_Transmit_CRC                    0x0800282d   Thumb Code    10  n32g430_spi.o(.text)
    SPI_CRC_Enable                           0x08002837   Thumb Code    10  n32g430_spi.o(.text)
    SPI_CRC_Disable                          0x08002841   Thumb Code    10  n32g430_spi.o(.text)
    SPI_CRC_Data_Get                         0x0800284b   Thumb Code    14  n32g430_spi.o(.text)
    SPI_CRC_Polynomial_Get                   0x08002859   Thumb Code     6  n32g430_spi.o(.text)
    SPI_I2S_Mode_Select                      0x0800285f   Thumb Code    16  n32g430_spi.o(.text)
    I2S_ON                                   0x0800286f   Thumb Code    10  n32g430_spi.o(.text)
    I2S_OFF                                  0x08002879   Thumb Code    10  n32g430_spi.o(.text)
    I2S_Initializes_Structure                0x08002883   Thumb Code    20  n32g430_spi.o(.text)
    I2S_CLKPOL_Config                        0x08002897   Thumb Code    16  n32g430_spi.o(.text)
    I2S_AudioFrequency_Config                0x080028a7   Thumb Code   170  n32g430_spi.o(.text)
    I2S_MCLK_Disable                         0x08002951   Thumb Code    10  n32g430_spi.o(.text)
    I2S_MCLK_Enable                          0x0800295b   Thumb Code    10  n32g430_spi.o(.text)
    I2S_DataFormat_Config                    0x08002965   Thumb Code    16  n32g430_spi.o(.text)
    I2S_Standard_Config                      0x08002975   Thumb Code    16  n32g430_spi.o(.text)
    I2S_Mode_Config                          0x08002985   Thumb Code    16  n32g430_spi.o(.text)
    I2S_Initializes                          0x08002995   Thumb Code    68  n32g430_spi.o(.text)
    SPI_I2S_Interrupts_Enable                0x080029d9   Thumb Code     8  n32g430_spi.o(.text)
    SPI_I2S_Interrupts_Disable               0x080029e1   Thumb Code     8  n32g430_spi.o(.text)
    SPI_I2S_DMA_Transfer_Enable              0x080029e9   Thumb Code     8  n32g430_spi.o(.text)
    SPI_I2S_DMA_Transfer_Disable             0x080029f1   Thumb Code     8  n32g430_spi.o(.text)
    SPI_I2S_Data_Transmit                    0x080029f9   Thumb Code     4  n32g430_spi.o(.text)
    SPI_I2S_Data_Get                         0x080029fd   Thumb Code     6  n32g430_spi.o(.text)
    SPI_I2S_Flag_Status_Get                  0x08002a03   Thumb Code    18  n32g430_spi.o(.text)
    SPI_I2S_Interrupt_Flag_Status_Get        0x08002a15   Thumb Code   122  n32g430_spi.o(.text)
    SPI_I2S_Clear_Flag_Status                0x08002a8f   Thumb Code    80  n32g430_spi.o(.text)
    USART_Reset                              0x08002ae1   Thumb Code    68  n32g430_usart.o(.text)
    USART_Hardware_Flow_Control_Config       0x08002b25   Thumb Code    16  n32g430_usart.o(.text)
    USART_Mode_Config                        0x08002b35   Thumb Code    16  n32g430_usart.o(.text)
    USART_Parity_Config                      0x08002b45   Thumb Code    16  n32g430_usart.o(.text)
    USART_Stop_Bits_Config                   0x08002b55   Thumb Code    16  n32g430_usart.o(.text)
    USART_Word_Length_Config                 0x08002b65   Thumb Code    16  n32g430_usart.o(.text)
    USART_Baud_Rate_Config                   0x08002b75   Thumb Code   114  n32g430_usart.o(.text)
    USART_Initializes                        0x08002be7   Thumb Code    56  n32g430_usart.o(.text)
    USART_Structure_Initializes              0x08002c1f   Thumb Code    24  n32g430_usart.o(.text)
    USART_Last_Bit_Config                    0x08002c37   Thumb Code    16  n32g430_usart.o(.text)
    USART_Phase_Config                       0x08002c47   Thumb Code    16  n32g430_usart.o(.text)
    USART_Polarity_Config                    0x08002c57   Thumb Code    16  n32g430_usart.o(.text)
    USART_Clock_Config                       0x08002c67   Thumb Code    16  n32g430_usart.o(.text)
    USART_Clock_Initializes                  0x08002c77   Thumb Code    40  n32g430_usart.o(.text)
    USART_Clock_Structure_Initializes        0x08002c9f   Thumb Code    12  n32g430_usart.o(.text)
    USART_Enable                             0x08002cab   Thumb Code    10  n32g430_usart.o(.text)
    USART_Disable                            0x08002cb5   Thumb Code    10  n32g430_usart.o(.text)
    USART_Interrput_Enable                   0x08002cbf   Thumb Code    54  n32g430_usart.o(.text)
    USART_Interrput_Disable                  0x08002cf5   Thumb Code    54  n32g430_usart.o(.text)
    USART_DMA_Transfer_Enable                0x08002d2b   Thumb Code     8  n32g430_usart.o(.text)
    USART_DMA_Transfer_Disable               0x08002d33   Thumb Code     8  n32g430_usart.o(.text)
    USART_Address_Set                        0x08002d3b   Thumb Code    16  n32g430_usart.o(.text)
    USART_WakeUp_Mode_Set                    0x08002d4b   Thumb Code    16  n32g430_usart.o(.text)
    USART_Receiver_Wakeup_Enable             0x08002d5b   Thumb Code    10  n32g430_usart.o(.text)
    USART_Receiver_Wakeup_Disable            0x08002d65   Thumb Code    10  n32g430_usart.o(.text)
    USART_LIN_Break_Detect_Length_Set        0x08002d6f   Thumb Code    16  n32g430_usart.o(.text)
    USART_LIN_Enable                         0x08002d7f   Thumb Code    10  n32g430_usart.o(.text)
    USART_LIN_Disable                        0x08002d89   Thumb Code    10  n32g430_usart.o(.text)
    USART_Data_Send                          0x08002d93   Thumb Code     8  n32g430_usart.o(.text)
    USART_Data_Receive                       0x08002d9b   Thumb Code    10  n32g430_usart.o(.text)
    USART_Break_Frame_Send                   0x08002da5   Thumb Code    10  n32g430_usart.o(.text)
    USART_Guard_Time_Set                     0x08002daf   Thumb Code    16  n32g430_usart.o(.text)
    USART_Prescaler_Set                      0x08002dbf   Thumb Code    16  n32g430_usart.o(.text)
    USART_Smart_Card_Enable                  0x08002dcf   Thumb Code    10  n32g430_usart.o(.text)
    USART_Smart_Card_Disable                 0x08002dd9   Thumb Code    10  n32g430_usart.o(.text)
    USART_Smart_Card_NACK_Enable             0x08002de3   Thumb Code    10  n32g430_usart.o(.text)
    USART_Smart_Card_NACK_Disable            0x08002ded   Thumb Code    10  n32g430_usart.o(.text)
    USART_Half_Duplex_Enable                 0x08002df7   Thumb Code    10  n32g430_usart.o(.text)
    USART_Half_Duplex_Disable                0x08002e01   Thumb Code    10  n32g430_usart.o(.text)
    USART_IrDA_Mode_Set                      0x08002e0b   Thumb Code    16  n32g430_usart.o(.text)
    USART_IrDA_Enable                        0x08002e1b   Thumb Code    10  n32g430_usart.o(.text)
    USART_IrDA_Disable                       0x08002e25   Thumb Code    10  n32g430_usart.o(.text)
    USART_Flag_Status_Get                    0x08002e2f   Thumb Code    16  n32g430_usart.o(.text)
    USART_Flag_Clear                         0x08002e3f   Thumb Code     6  n32g430_usart.o(.text)
    USART_Interrupt_Status_Get               0x08002e45   Thumb Code    74  n32g430_usart.o(.text)
    USART_Interrupt_Status_Clear             0x08002e8f   Thumb Code    20  n32g430_usart.o(.text)
    TIM_Reset                                0x08002eb5   Thumb Code   102  n32g430_tim.o(.text)
    TIM_Base_Count_Mode_Set                  0x08002f1b   Thumb Code    16  n32g430_tim.o(.text)
    TIM_Base_Center_Aligned_Mode_OC4_7_8_9_Trigger_Set 0x08002f2b   Thumb Code    16  n32g430_tim.o(.text)
    TIM_Asymmetric_Enable                    0x08002f3b   Thumb Code    10  n32g430_tim.o(.text)
    TIM_Asymmetric_Disable                   0x08002f45   Thumb Code    10  n32g430_tim.o(.text)
    TIM_Base_Auto_Reload_Set                 0x08002f4f   Thumb Code     4  n32g430_tim.o(.text)
    TIM_Base_Prescaler_Set                   0x08002f53   Thumb Code     4  n32g430_tim.o(.text)
    TIM_Base_Reload_Mode_Set                 0x08002f57   Thumb Code     4  n32g430_tim.o(.text)
    TIM_Base_Repeat_Count_Set                0x08002f5b   Thumb Code     4  n32g430_tim.o(.text)
    TIM_Base_Channel1                        0x08002f5f   Thumb Code    22  n32g430_tim.o(.text)
    TIM_Base_Channel2                        0x08002f75   Thumb Code    22  n32g430_tim.o(.text)
    TIM_Base_Channel3                        0x08002f8b   Thumb Code    22  n32g430_tim.o(.text)
    TIM_Base_Channel4                        0x08002fa1   Thumb Code    22  n32g430_tim.o(.text)
    TIM_Base_OCrefClear                      0x08002fb7   Thumb Code    22  n32g430_tim.o(.text)
    TIM_Clock_Division_Set                   0x08002fcd   Thumb Code    16  n32g430_tim.o(.text)
    TIM_Base_Initialize                      0x08002fdd   Thumb Code   156  n32g430_tim.o(.text)
    TIM_Base_Struct_Initialize               0x08003079   Thumb Code    30  n32g430_tim.o(.text)
    TIM_Base_Count_Set                       0x08003097   Thumb Code     4  n32g430_tim.o(.text)
    TIM_Base_Count_Get                       0x0800309b   Thumb Code     6  n32g430_tim.o(.text)
    TIM_Auto_Reload_Get                      0x080030a1   Thumb Code     6  n32g430_tim.o(.text)
    TIM_Base_Prescaler_Get                   0x080030a7   Thumb Code     6  n32g430_tim.o(.text)
    TIM_On                                   0x080030ad   Thumb Code    10  n32g430_tim.o(.text)
    TIM_Off                                  0x080030b7   Thumb Code    10  n32g430_tim.o(.text)
    TIM_Output_Channel1_Preload_Set          0x080030c1   Thumb Code    18  n32g430_tim.o(.text)
    TIM_Output_Channel2_Preload_Set          0x080030d3   Thumb Code    26  n32g430_tim.o(.text)
    TIM_Output_Channel3_Preload_Set          0x080030ed   Thumb Code    20  n32g430_tim.o(.text)
    TIM_Output_Channel4_Preload_Set          0x08003101   Thumb Code    28  n32g430_tim.o(.text)
    TIM_Output_Channel5_Preload_Set          0x0800311d   Thumb Code    22  n32g430_tim.o(.text)
    TIM_Output_Channel6_Preload_Set          0x08003133   Thumb Code    30  n32g430_tim.o(.text)
    TIM_Output_Channel7_Preload_Set          0x08003151   Thumb Code    26  n32g430_tim.o(.text)
    TIM_Output_Channel8_Preload_Set          0x0800316b   Thumb Code    26  n32g430_tim.o(.text)
    TIM_Output_Channel9_Preload_Set          0x08003185   Thumb Code    26  n32g430_tim.o(.text)
    TIM_Auto_Reload_Preload_Enable           0x0800319f   Thumb Code    10  n32g430_tim.o(.text)
    TIM_Auto_Reload_Preload_Disable          0x080031a9   Thumb Code    10  n32g430_tim.o(.text)
    TIM_Update_Event_Enable                  0x080031b3   Thumb Code    10  n32g430_tim.o(.text)
    TIM_Update_Event_Disable                 0x080031bd   Thumb Code    10  n32g430_tim.o(.text)
    TIM_Update_Request_Source_Set            0x080031c7   Thumb Code    22  n32g430_tim.o(.text)
    TIM_Event_Generate                       0x080031dd   Thumb Code     4  n32g430_tim.o(.text)
    TIM_Commutation_Event_Enable             0x080031e1   Thumb Code    10  n32g430_tim.o(.text)
    TIM_Commutation_Event_Disable            0x080031eb   Thumb Code    10  n32g430_tim.o(.text)
    TIM_Capture_Compare_Control_Preload_Enable 0x080031f5   Thumb Code    10  n32g430_tim.o(.text)
    TIM_Capture_Compare_Control_Preload_Disable 0x080031ff   Thumb Code    10  n32g430_tim.o(.text)
    TIM_Compare1_Set                         0x08003209   Thumb Code    14  n32g430_tim.o(.text)
    TIM_Compare2_Set                         0x08003217   Thumb Code    14  n32g430_tim.o(.text)
    TIM_Compare3_Set                         0x08003225   Thumb Code    14  n32g430_tim.o(.text)
    TIM_Compare4_Set                         0x08003233   Thumb Code    14  n32g430_tim.o(.text)
    TIM_Compare5_Set                         0x08003241   Thumb Code     6  n32g430_tim.o(.text)
    TIM_Compare6_Set                         0x08003247   Thumb Code     6  n32g430_tim.o(.text)
    TIM_Compare7_Set                         0x0800324d   Thumb Code     6  n32g430_tim.o(.text)
    TIM_Compare8_Set                         0x08003253   Thumb Code     6  n32g430_tim.o(.text)
    TIM_Compare9_Set                         0x08003259   Thumb Code     6  n32g430_tim.o(.text)
    TIM_Compare1_D_Set                       0x0800325f   Thumb Code    14  n32g430_tim.o(.text)
    TIM_Compare2_D_Set                       0x0800326d   Thumb Code    14  n32g430_tim.o(.text)
    TIM_Compare3_D_Set                       0x0800327b   Thumb Code    14  n32g430_tim.o(.text)
    TIM_Compare4_D_Set                       0x08003289   Thumb Code    40  n32g430_tim.o(.text)
    TIM_Compare_Capture1_Get                 0x080032b1   Thumb Code     8  n32g430_tim.o(.text)
    TIM_Compare_Capture2_Get                 0x080032b9   Thumb Code     8  n32g430_tim.o(.text)
    TIM_Compare_Capture3_Get                 0x080032c1   Thumb Code     8  n32g430_tim.o(.text)
    TIM_Compare_Capture4_Get                 0x080032c9   Thumb Code     8  n32g430_tim.o(.text)
    TIM_Compare_Capture5_Get                 0x080032d1   Thumb Code     8  n32g430_tim.o(.text)
    TIM_Compare_Capture6_Get                 0x080032d9   Thumb Code     8  n32g430_tim.o(.text)
    TIM_Compare_Capture7_Get                 0x080032e1   Thumb Code     8  n32g430_tim.o(.text)
    TIM_Compare_Capture8_Get                 0x080032e9   Thumb Code     8  n32g430_tim.o(.text)
    TIM_Compare_Capture9_Get                 0x080032f1   Thumb Code     8  n32g430_tim.o(.text)
    TIM_Compare_Capture1_D_Get               0x080032f9   Thumb Code     8  n32g430_tim.o(.text)
    TIM_Compare_Capture2_D_Get               0x08003301   Thumb Code     8  n32g430_tim.o(.text)
    TIM_Compare_Capture3_D_Get               0x08003309   Thumb Code     8  n32g430_tim.o(.text)
    TIM_Compare_Capture4_D_Get               0x08003311   Thumb Code     8  n32g430_tim.o(.text)
    TIM_Trigger_Source_Select                0x08003319   Thumb Code    18  n32g430_tim.o(.text)
    Input_Channel1_Config                    0x0800332b   Thumb Code   104  n32g430_tim.o(.text)
    Input_Channel2_Config                    0x08003393   Thumb Code   116  n32g430_tim.o(.text)
    Input_Channel3_Config                    0x08003407   Thumb Code   110  n32g430_tim.o(.text)
    Input_Channel4_Config                    0x08003475   Thumb Code   118  n32g430_tim.o(.text)
    TIM_External_Trigger_Filter_Set          0x080034eb   Thumb Code    24  n32g430_tim.o(.text)
    TIM_External_Trigger_Prescaler_Set       0x08003503   Thumb Code    16  n32g430_tim.o(.text)
    TIM_External_Trigger_Polarity_Set        0x08003513   Thumb Code    26  n32g430_tim.o(.text)
    TIM_Internal_Clock_Set                   0x0800352d   Thumb Code    12  n32g430_tim.o(.text)
    TIM_Input_Capture1_Prescaler_Set         0x08003539   Thumb Code    18  n32g430_tim.o(.text)
    TIM_Input_Capture2_Prescaler_Set         0x0800354b   Thumb Code    26  n32g430_tim.o(.text)
    TIM_Input_Capture3_Prescaler_Set         0x08003565   Thumb Code    18  n32g430_tim.o(.text)
    TIM_Input_Capture4_Prescaler_Set         0x08003577   Thumb Code    20  n32g430_tim.o(.text)
    TIM_Internal_Trig_To_Ext_Set             0x0800358b   Thumb Code    24  n32g430_tim.o(.text)
    TIM_Trigger_As_External_Clock            0x080035a3   Thumb Code    58  n32g430_tim.o(.text)
    TIM_External_Clock_Mode1_Set             0x080035dd   Thumb Code    66  n32g430_tim.o(.text)
    TIM_External_Clock_Mode2_Set             0x0800361f   Thumb Code    44  n32g430_tim.o(.text)
    TIM_Slave_Mode_Select                    0x0800364b   Thumb Code    18  n32g430_tim.o(.text)
    TIM_Master_Slave_Mode_Set                0x0800365d   Thumb Code    18  n32g430_tim.o(.text)
    TIM_Output_Trigger_Select                0x0800366f   Thumb Code    16  n32g430_tim.o(.text)
    TIM_OC4REF_Trigger_To_ADC_Enable         0x0800367f   Thumb Code    10  n32g430_tim.o(.text)
    TIM_OC4REF_Trigger_To_ADC_Disable        0x08003689   Thumb Code    10  n32g430_tim.o(.text)
    TIM_OC7REF_Trigger_To_ADC_Enable         0x08003693   Thumb Code    10  n32g430_tim.o(.text)
    TIM_OC7REF_Trigger_To_ADC_Disable        0x0800369d   Thumb Code    10  n32g430_tim.o(.text)
    TIM_OC8REF_Trigger_To_ADC_Enable         0x080036a7   Thumb Code    10  n32g430_tim.o(.text)
    TIM_OC8REF_Trigger_To_ADC_Disable        0x080036b1   Thumb Code    10  n32g430_tim.o(.text)
    TIM_OC9REF_Trigger_To_ADC_Enable         0x080036bb   Thumb Code    10  n32g430_tim.o(.text)
    TIM_OC9REF_Trigger_To_ADC_Disable        0x080036c5   Thumb Code    10  n32g430_tim.o(.text)
    TIM_One_Pulse_Mode_Select                0x080036cf   Thumb Code    16  n32g430_tim.o(.text)
    TIM_Input_Struct_Initialize              0x080036df   Thumb Code    16  n32g430_tim.o(.text)
    TIM_Input_Channel_Initialize             0x080036ef   Thumb Code   136  n32g430_tim.o(.text)
    TIM_PWM_Input_Channel_Config             0x08003777   Thumb Code   120  n32g430_tim.o(.text)
    TIM_Output_Channel_Polarity_Set          0x080037ef   Thumb Code    22  n32g430_tim.o(.text)
    TIM_Output_Channel_N_Polarity_Set        0x08003805   Thumb Code    22  n32g430_tim.o(.text)
    TIM_Capture_Compare_Ch_Enable            0x0800381b   Thumb Code    12  n32g430_tim.o(.text)
    TIM_Capture_Compare_Ch_Disable           0x08003827   Thumb Code    12  n32g430_tim.o(.text)
    TIM_Capture_Compare_Ch_N_Enable          0x08003833   Thumb Code    12  n32g430_tim.o(.text)
    TIM_Capture_Compare_Ch_N_Disable         0x0800383f   Thumb Code    12  n32g430_tim.o(.text)
    TIM_CCEN_Status_Get                      0x0800384b   Thumb Code    16  n32g430_tim.o(.text)
    TIM_Output_Channel_Mode_Set              0x0800385b   Thumb Code    86  n32g430_tim.o(.text)
    TIM_Forced_Output_Channel1_Set           0x080038b1   Thumb Code    18  n32g430_tim.o(.text)
    TIM_Forced_Output_Channel2_Set           0x080038c3   Thumb Code    26  n32g430_tim.o(.text)
    TIM_Forced_Output_Channel3_Set           0x080038dd   Thumb Code    20  n32g430_tim.o(.text)
    TIM_Forced_Output_Channel4_Set           0x080038f1   Thumb Code    28  n32g430_tim.o(.text)
    TIM_Forced_Output_Channel5_Set           0x0800390d   Thumb Code    22  n32g430_tim.o(.text)
    TIM_Forced_Output_Channel6_Set           0x08003923   Thumb Code    30  n32g430_tim.o(.text)
    TIM_Output_Channel1_Fast_Set             0x08003941   Thumb Code    18  n32g430_tim.o(.text)
    TIM_Output_Channel2_Fast_Set             0x08003953   Thumb Code    26  n32g430_tim.o(.text)
    TIM_Output_Channel3_Fast_Set             0x0800396d   Thumb Code    20  n32g430_tim.o(.text)
    TIM_Output_Channel4_Fast_Set             0x08003981   Thumb Code    28  n32g430_tim.o(.text)
    TIM_Output_Channel5_Fast_Set             0x0800399d   Thumb Code    22  n32g430_tim.o(.text)
    TIM_Output_Channel6_Fast_Set             0x080039b3   Thumb Code    30  n32g430_tim.o(.text)
    TIM_Output_Channel1_Reference_Clear      0x080039d1   Thumb Code    18  n32g430_tim.o(.text)
    TIM_Output_Channel2_Reference_Clear      0x080039e3   Thumb Code    24  n32g430_tim.o(.text)
    TIM_Output_Channel3_Reference_Clear      0x080039fb   Thumb Code    20  n32g430_tim.o(.text)
    TIM_Output_Channel4_Reference_Clear      0x08003a0f   Thumb Code    26  n32g430_tim.o(.text)
    TIM_Output_Channel5_Reference_Clear      0x08003a29   Thumb Code    22  n32g430_tim.o(.text)
    TIM_Output_Channel6_Reference_Clear      0x08003a3f   Thumb Code    28  n32g430_tim.o(.text)
    TIM_Output_Channel1_Initialize           0x08003a5b   Thumb Code   140  n32g430_tim.o(.text)
    TIM_Output_Channel2_Initialize           0x08003ae7   Thumb Code   152  n32g430_tim.o(.text)
    TIM_Output_Channel3_Initialize           0x08003b7f   Thumb Code   146  n32g430_tim.o(.text)
    TIM_Output_Channel4_Initialize           0x08003c11   Thumb Code   166  n32g430_tim.o(.text)
    TIM_Output_Channel5_Initialize           0x08003cb7   Thumb Code   102  n32g430_tim.o(.text)
    TIM_Output_Channel6_Initialize           0x08003d1d   Thumb Code   110  n32g430_tim.o(.text)
    TIM_PWM_Output_Enable                    0x08003d8b   Thumb Code    14  n32g430_tim.o(.text)
    TIM_PWM_Output_Disable                   0x08003d99   Thumb Code    14  n32g430_tim.o(.text)
    TIM_Output_Channel_Struct_Initialize     0x08003da7   Thumb Code    20  n32g430_tim.o(.text)
    TIM_Lock_Up_Break_Enable                 0x08003dbb   Thumb Code    10  n32g430_tim.o(.text)
    TIM_Lock_Up_Break_Disable                0x08003dc5   Thumb Code    10  n32g430_tim.o(.text)
    TIM_Pvd_Break_Enable                     0x08003dcf   Thumb Code    10  n32g430_tim.o(.text)
    TIM_Pvd_Break_Disable                    0x08003dd9   Thumb Code    10  n32g430_tim.o(.text)
    TIM_IOM_Comp_Break                       0x08003de3   Thumb Code    22  n32g430_tim.o(.text)
    TIM_Break_And_Dead_Time_Set              0x08003df9   Thumb Code    96  n32g430_tim.o(.text)
    TIM_Break_And_Dead_Time_Struct_Initialize 0x08003e59   Thumb Code    24  n32g430_tim.o(.text)
    TIM_Interrupt_Enable                     0x08003e71   Thumb Code     8  n32g430_tim.o(.text)
    TIM_Interrupt_Disable                    0x08003e79   Thumb Code    16  n32g430_tim.o(.text)
    TIM_Interrupt_Status_Get                 0x08003e89   Thumb Code    32  n32g430_tim.o(.text)
    TIM_Interrupt_Status_Clear               0x08003ea9   Thumb Code     6  n32g430_tim.o(.text)
    TIM_Flag_Status_Get                      0x08003eaf   Thumb Code    16  n32g430_tim.o(.text)
    TIM_Flag_Clear                           0x08003ebf   Thumb Code     6  n32g430_tim.o(.text)
    TIM_Dma_Config                           0x08003ec5   Thumb Code    10  n32g430_tim.o(.text)
    TIM_Dma_Enable                           0x08003ecf   Thumb Code     8  n32g430_tim.o(.text)
    TIM_Dma_Disable                          0x08003ed7   Thumb Code     8  n32g430_tim.o(.text)
    TIM_Hall_Sensor_Enable                   0x08003edf   Thumb Code    10  n32g430_tim.o(.text)
    TIM_Hall_Sensor_Disable                  0x08003ee9   Thumb Code    10  n32g430_tim.o(.text)
    TIM_Encoder_Interface_Set                0x08003ef3   Thumb Code    64  n32g430_tim.o(.text)
    TIM_Channel1_Filter_Config               0x08003f33   Thumb Code    52  n32g430_tim.o(.text)
    TIM_Channel2_Filter_Config               0x08003f67   Thumb Code    52  n32g430_tim.o(.text)
    TIM_Channel3_Filter_Config               0x08003f9b   Thumb Code    52  n32g430_tim.o(.text)
    TIM_Channel4_Filter_Config               0x08003fcf   Thumb Code    52  n32g430_tim.o(.text)
    TIM_Break_Filter_Config                  0x08004003   Thumb Code    40  n32g430_tim.o(.text)
    TIM_Channel1_Filter_Enable               0x0800402b   Thumb Code    10  n32g430_tim.o(.text)
    TIM_Channel1_Filter_Disable              0x08004035   Thumb Code    10  n32g430_tim.o(.text)
    TIM_Channel2_Filter_Enable               0x0800403f   Thumb Code    10  n32g430_tim.o(.text)
    TIM_Channel2_Filter_Disable              0x08004049   Thumb Code    10  n32g430_tim.o(.text)
    TIM_Channel3_Filter_Enable               0x08004053   Thumb Code    10  n32g430_tim.o(.text)
    TIM_Channel3_Filter_Disable              0x0800405d   Thumb Code    10  n32g430_tim.o(.text)
    TIM_Channel4_Filter_Enable               0x08004067   Thumb Code    10  n32g430_tim.o(.text)
    TIM_Channel4_Filter_Disable              0x08004071   Thumb Code    10  n32g430_tim.o(.text)
    TIM_Break_Filter_Enable                  0x0800407b   Thumb Code    10  n32g430_tim.o(.text)
    TIM_Break_Filter_Disable                 0x08004085   Thumb Code    10  n32g430_tim.o(.text)
    EXTI_Reset                               0x080040a9   Thumb Code    30  n32g430_exti.o(.text)
    EXTI_LineCmd_Disable                     0x080040c7   Thumb Code    20  n32g430_exti.o(.text)
    EXTI_Trigger_Config                      0x080040db   Thumb Code    68  n32g430_exti.o(.text)
    EXTI_Work_Mode_Config                    0x0800411f   Thumb Code    38  n32g430_exti.o(.text)
    EXTI_Peripheral_Initializes              0x08004145   Thumb Code    32  n32g430_exti.o(.text)
    EXTI_Structure_Initializes               0x08004165   Thumb Code    16  n32g430_exti.o(.text)
    EXTI_Software_Interrupt_Trigger          0x08004175   Thumb Code    16  n32g430_exti.o(.text)
    EXTI_Flag_Status_Get                     0x08004185   Thumb Code    20  n32g430_exti.o(.text)
    EXTI_Flag_Status_Clear                   0x08004199   Thumb Code     8  n32g430_exti.o(.text)
    EXTI_Interrupt_Status_Get                0x080041a1   Thumb Code    28  n32g430_exti.o(.text)
    EXTI_Interrupt_Status_Clear              0x080041bd   Thumb Code     8  n32g430_exti.o(.text)
    EXTI_RTC_Time_Stamp_Select               0x080041c5   Thumb Code    24  n32g430_exti.o(.text)
    RTC_Structure_Initializes                0x080041e1   Thumb Code    14  n32g430_rtc.o(.text)
    RTC_Write_Protection_Enable              0x080041ef   Thumb Code     8  n32g430_rtc.o(.text)
    RTC_Write_Protection_Disable             0x080041f7   Thumb Code    12  n32g430_rtc.o(.text)
    RTC_Initialization_Mode_Enter            0x08004203   Thumb Code    72  n32g430_rtc.o(.text)
    RTC_Initialization_Mode_Exit             0x0800424b   Thumb Code    18  n32g430_rtc.o(.text)
    RTC_Wait_For_Synchronization             0x080042d9   Thumb Code    78  n32g430_rtc.o(.text)
    RTC_Deinitializes                        0x08004327   Thumb Code   112  n32g430_rtc.o(.text)
    RTC_Reference_Clock_Enable               0x08004397   Thumb Code    46  n32g430_rtc.o(.text)
    RTC_Reference_Clock_Disable              0x080043c5   Thumb Code    46  n32g430_rtc.o(.text)
    RTC_Bypass_Shadow_Enable                 0x080043f3   Thumb Code    28  n32g430_rtc.o(.text)
    RTC_Bypass_Shadow_Disable                0x0800440f   Thumb Code    28  n32g430_rtc.o(.text)
    RTC_Time_Struct_Initializes              0x0800442b   Thumb Code    12  n32g430_rtc.o(.text)
    RTC_Time_Get                             0x0800444d   Thumb Code    74  n32g430_rtc.o(.text)
    RTC_SubSecond_Get                        0x08004497   Thumb Code     8  n32g430_rtc.o(.text)
    RTC_Calendar_Initializes                 0x080044bb   Thumb Code   422  n32g430_rtc.o(.text)
    RTC_Date_Struct_Initializes              0x08004661   Thumb Code    14  n32g430_rtc.o(.text)
    RTC_Date_Get                             0x0800466f   Thumb Code    68  n32g430_rtc.o(.text)
    RTC_Alarm_Set                            0x080046b3   Thumb Code   176  n32g430_rtc.o(.text)
    RTC_Alarm_Struct_Initializes             0x08004763   Thumb Code    22  n32g430_rtc.o(.text)
    RTC_Alarm_Get                            0x08004779   Thumb Code   114  n32g430_rtc.o(.text)
    RTC_Alarm_Enable                         0x080047eb   Thumb Code    30  n32g430_rtc.o(.text)
    RTC_Alarm_Disable                        0x08004809   Thumb Code    78  n32g430_rtc.o(.text)
    RTC_Alarm_SubSecond_Config               0x08004857   Thumb Code    42  n32g430_rtc.o(.text)
    RTC_Alarm_SubSecond_Get                  0x08004881   Thumb Code    34  n32g430_rtc.o(.text)
    RTC_WakeUp_Clock_Select                  0x080048a3   Thumb Code    38  n32g430_rtc.o(.text)
    RTC_WakeUp_Counter_Set                   0x080048c9   Thumb Code    42  n32g430_rtc.o(.text)
    RTC_WakeUp_Counter_Get                   0x080048f3   Thumb Code    10  n32g430_rtc.o(.text)
    RTC_WakeUp_Enable                        0x080048fd   Thumb Code    30  n32g430_rtc.o(.text)
    RTC_WakeUp_Disable                       0x0800491b   Thumb Code    78  n32g430_rtc.o(.text)
    RTC_Day_Light_Saving_Config              0x08004969   Thumb Code    54  n32g430_rtc.o(.text)
    RTC_Store_Operation_Get                  0x0800499f   Thumb Code    12  n32g430_rtc.o(.text)
    RTC_Output_Config                        0x080049ab   Thumb Code    52  n32g430_rtc.o(.text)
    RTC_Calibration_Output_Enable            0x080049df   Thumb Code    54  n32g430_rtc.o(.text)
    RTC_Calibration_Output_Disable           0x08004a15   Thumb Code    24  n32g430_rtc.o(.text)
    RTC_Calibration_Output_Config            0x08004a2d   Thumb Code    34  n32g430_rtc.o(.text)
    RTC_Smooth_Calibration_Config            0x08004a4f   Thumb Code    86  n32g430_rtc.o(.text)
    RTC_TimeStamp_Enable                     0x08004aa5   Thumb Code    38  n32g430_rtc.o(.text)
    RTC_TimeStamp_Disable                    0x08004acb   Thumb Code    30  n32g430_rtc.o(.text)
    RTC_TimeStamp_Get                        0x08004ae9   Thumb Code   144  n32g430_rtc.o(.text)
    RTC_TimeStamp_SubSecond_Get              0x08004b79   Thumb Code     8  n32g430_rtc.o(.text)
    RTC_Output_Mode_Config                   0x08004b81   Thumb Code    26  n32g430_rtc.o(.text)
    RTC_Synchronization_Shift_Config         0x08004b9b   Thumb Code   108  n32g430_rtc.o(.text)
    RTC_Interrupts_Enable                    0x08004c07   Thumb Code    24  n32g430_rtc.o(.text)
    RTC_Interrupts_Disable                   0x08004c1f   Thumb Code    24  n32g430_rtc.o(.text)
    RTC_Flag_Status_Get                      0x08004c37   Thumb Code    30  n32g430_rtc.o(.text)
    RTC_Flag_Clear                           0x08004c55   Thumb Code    28  n32g430_rtc.o(.text)
    RTC_Interrupt_Status_Get                 0x08004c71   Thumb Code    72  n32g430_rtc.o(.text)
    RTC_Interrupt_Status_Clear               0x08004cb9   Thumb Code    32  n32g430_rtc.o(.text)
    RTC_Tamper_Trigger_Config                0x08004cd9   Thumb Code    34  n32g430_rtc.o(.text)
    RTC_Tamper_Enable                        0x08004cfb   Thumb Code    16  n32g430_rtc.o(.text)
    RTC_Tamper_Disable                       0x08004d0b   Thumb Code    16  n32g430_rtc.o(.text)
    RTC_Tamper_Filter_Config                 0x08004d1b   Thumb Code    26  n32g430_rtc.o(.text)
    RTC_Tamper_Sampling_Frequency_Config     0x08004d35   Thumb Code    26  n32g430_rtc.o(.text)
    RTC_Tamper_Pins_Precharge_Duration       0x08004d4f   Thumb Code    26  n32g430_rtc.o(.text)
    RTC_TimeStamp_On_Tamper_Detection_Enable 0x08004d69   Thumb Code    18  n32g430_rtc.o(.text)
    RTC_TimeStamp_On_Tamper_Detection_Disable 0x08004d7b   Thumb Code    18  n32g430_rtc.o(.text)
    RTC_Tamper_Precharge_Enable              0x08004d8d   Thumb Code    18  n32g430_rtc.o(.text)
    RTC_Tamper_Precharge_Disable             0x08004d9f   Thumb Code    18  n32g430_rtc.o(.text)
    RTC_Tamper_Interrput_Enable              0x08004db1   Thumb Code    16  n32g430_rtc.o(.text)
    RTC_Tamper_Interrput_Disable             0x08004dc1   Thumb Code    16  n32g430_rtc.o(.text)
    RTC_Tamper_Backup_Register_Clear_Disable 0x08004dd1   Thumb Code    16  n32g430_rtc.o(.text)
    RTC_Tamper_Backup_Register_Clear_Enable  0x08004de1   Thumb Code    16  n32g430_rtc.o(.text)
    RTC_Backup_Register_Write                0x08004df1   Thumb Code    32  n32g430_rtc.o(.text)
    RTC_Backup_Register_Read                 0x08004e11   Thumb Code    14  n32g430_rtc.o(.text)
    PWR_Reset                                0x08004e25   Thumb Code    12  n32g430_pwr.o(.text)
    PWR_RTC_Backup_Access_Enable             0x08004e31   Thumb Code     8  n32g430_pwr.o(.text)
    PWR_RTC_Backup_Access_Disable            0x08004e39   Thumb Code     8  n32g430_pwr.o(.text)
    PWR_PVD_Enable                           0x08004e41   Thumb Code     8  n32g430_pwr.o(.text)
    PWR_PVD_Disable                          0x08004e49   Thumb Code     8  n32g430_pwr.o(.text)
    PWR_PVD_Level_Config                     0x08004e51   Thumb Code    18  n32g430_pwr.o(.text)
    PWR_Wakeup_Pin_Enable                    0x08004e63   Thumb Code    74  n32g430_pwr.o(.text)
    PWR_Wakeup_Pin_Disable                   0x08004ead   Thumb Code    56  n32g430_pwr.o(.text)
    PWR_RTC_Wakeup_Enable                    0x08004ee5   Thumb Code    10  n32g430_pwr.o(.text)
    PWR_RTC_Wakeup_Disable                   0x08004eef   Thumb Code    10  n32g430_pwr.o(.text)
    PWR_SLEEP_Mode_Enter                     0x08004ef9   Thumb Code    58  n32g430_pwr.o(.text)
    PWR_STOP0_Mode_Enter                     0x08004f33   Thumb Code    58  n32g430_pwr.o(.text)
    PWR_STOP2_Mode_Enter                     0x08004f6d   Thumb Code    62  n32g430_pwr.o(.text)
    PWR_STANDBY_Mode_Enter                   0x08004fab   Thumb Code    64  n32g430_pwr.o(.text)
    PWR_Flag_Status_Get                      0x08004feb   Thumb Code    18  n32g430_pwr.o(.text)
    PWR_Flag_Status_Clear                    0x08004ffd   Thumb Code    32  n32g430_pwr.o(.text)
    main                                     0x08005029   Thumb Code   164  main.o(.text)
    ADC_Init                                 0x08005105   Thumb Code   154  adc.o(.text)
    bubble_sort                              0x0800519f   Thumb Code    70  adc.o(.text)
    ADC_GetData                              0x080051e5   Thumb Code   130  adc.o(.text)
    Speed_get                                0x08005267   Thumb Code    90  adc.o(.text)
    Battery_Voltage_get                      0x080052c1   Thumb Code   814  adc.o(.text)
    FindAdcTemp                              0x080055ef   Thumb Code   174  adc.o(.text)
    NMI_Handler                              0x080056b1   Thumb Code     2  n32g430_it.o(.text)
    HardFault_Handler                        0x080056b3   Thumb Code     4  n32g430_it.o(.text)
    MemManage_Handler                        0x080056b7   Thumb Code     4  n32g430_it.o(.text)
    BusFault_Handler                         0x080056bb   Thumb Code     4  n32g430_it.o(.text)
    UsageFault_Handler                       0x080056bf   Thumb Code     4  n32g430_it.o(.text)
    DebugMon_Handler                         0x080056c3   Thumb Code     2  n32g430_it.o(.text)
    SysTick_Handler                          0x080056c5   Thumb Code    18  n32g430_it.o(.text)
    TIM6_IRQHandler                          0x080056d7   Thumb Code    60  n32g430_it.o(.text)
    USART1_IRQHandler                        0x08005713   Thumb Code   118  n32g430_it.o(.text)
    TIM4_IRQHandler                          0x08005789   Thumb Code    22  n32g430_it.o(.text)
    EXTI1_IRQHandler                         0x0800579f   Thumb Code     2  n32g430_it.o(.text)
    EXTI0_IRQHandler                         0x080057a1   Thumb Code     2  n32g430_it.o(.text)
    EXTI2_IRQHandler                         0x080057a3   Thumb Code     2  n32g430_it.o(.text)
    EXTI3_IRQHandler                         0x080057a5   Thumb Code     2  n32g430_it.o(.text)
    EXTI4_IRQHandler                         0x080057a7   Thumb Code     2  n32g430_it.o(.text)
    EXTI9_5_IRQHandler                       0x080057a9   Thumb Code     2  n32g430_it.o(.text)
    EXTI15_10_IRQHandler                     0x080057ab   Thumb Code     2  n32g430_it.o(.text)
    SPI2_Init                                0x080057dd   Thumb Code   172  spi.o(.text)
    Send_AddrInc                             0x08005889   Thumb Code   260  spi.o(.text)
    One_LED_num_Switch                       0x0800598d   Thumb Code   178  spi.o(.text)
    All_LED_Switch                           0x08005a3f   Thumb Code    46  spi.o(.text)
    Current_location                         0x08005a6d   Thumb Code    24  spi.o(.text)
    Clean_All_LED_num                        0x08005a85   Thumb Code    20  spi.o(.text)
    Clean_show_LED_num                       0x08005a99   Thumb Code    24  spi.o(.text)
    Transfer_Speed_to_All_LED_num            0x08005ab1   Thumb Code   974  spi.o(.text)
    Transfer_Trip_to_All_LED_num             0x08005e7f   Thumb Code  1318  spi.o(.text)
    Transfer_battery_to_All_LED_num          0x080063a5   Thumb Code   260  spi.o(.text)
    Transfer_border_to_All_LED_num           0x080064a9   Thumb Code   184  spi.o(.text)
    Transfer_CarLed_to_All_LED_num           0x08006561   Thumb Code   274  spi.o(.text)
    Transfer_onewire_to_All_LED_num          0x08006673   Thumb Code   546  spi.o(.text)
    Transfer_guide_to_All_LED_num            0x08006895   Thumb Code  1384  spi.o(.text)
    SetSysClockToHSI                         0x08006e5b   Thumb Code    78  system_init.o(.text)
    SetSysClockToHSE                         0x08006ea9   Thumb Code    82  system_init.o(.text)
    SetSysClockToPLL                         0x08006efb   Thumb Code   230  system_init.o(.text)
    RccInit                                  0x08006fe1   Thumb Code    14  system_init.o(.text)
    delay_ms                                 0x08006fef   Thumb Code    52  system_init.o(.text)
    delay_us                                 0x08007023   Thumb Code    50  system_init.o(.text)
    RCC_Configuration                        0x08007055   Thumb Code    36  system_init.o(.text)
    GPIO_Configuration                       0x08007079   Thumb Code    98  system_init.o(.text)
    GPIO_ExtiInit                            0x080070db   Thumb Code   326  system_init.o(.text)
    NVIC_Configuration                       0x08007221   Thumb Code    12  system_init.o(.text)
    Sector_select_init                       0x0800722d   Thumb Code   194  system_init.o(.text)
    Polling_Car_Status                       0x080072ef   Thumb Code    98  system_init.o(.text)
    Pro_5ms                                  0x08007351   Thumb Code   118  system_init.o(.text)
    Pro_10ms                                 0x080073c7   Thumb Code    54  system_init.o(.text)
    Pro_50ms                                 0x080073fd   Thumb Code    70  system_init.o(.text)
    Border_detect                            0x08007443   Thumb Code    68  system_init.o(.text)
    Pro_150ms                                0x08007487   Thumb Code   114  system_init.o(.text)
    Pro_500ms                                0x080074f9   Thumb Code   140  system_init.o(.text)
    Pro_1s                                   0x08007585   Thumb Code    58  system_init.o(.text)
    Start_Screen                             0x080075bf   Thumb Code   366  system_init.o(.text)
    Kilo_storage                             0x0800772d   Thumb Code   148  system_init.o(.text)
    UserSystemInit                           0x080077c1   Thumb Code    44  system_init.o(.text)
    Ymodem_Protocol_Crc16                    0x08007809   Thumb Code    66  usart.o(.text)
    Usart1_Init                              0x0800784b   Thumb Code   170  usart.o(.text)
    UsartOutStr                              0x080078f5   Thumb Code    44  usart.o(.text)
    UsartOutChar                             0x08007921   Thumb Code    30  usart.o(.text)
    Guide_Data_Deal                          0x0800793f   Thumb Code   162  usart.o(.text)
    Usart1_Receive_Deal                      0x080079e1   Thumb Code   172  usart.o(.text)
    Buffercmp                                0x08007a8d   Thumb Code    36  usart.o(.text)
    fputc                                    0x08007ab1   Thumb Code    90  usart.o(.text)
    PrintfClockInfo                          0x08007b0b   Thumb Code    56  usart.o(.text)
    Common_BSTIM_RCC_Initialize              0x08007c0d   Thumb Code   102  tim.o(.text)
    Common_TIM_NVIC_Initialize               0x08007c73   Thumb Code    48  tim.o(.text)
    Common_TIM_Base_Initialize               0x08007ca3   Thumb Code    36  tim.o(.text)
    TIME6_Init                               0x08007cc7   Thumb Code    60  tim.o(.text)
    TIME4_Init                               0x08007d03   Thumb Code   146  tim.o(.text)
    TIME3_Init                               0x08007d95   Thumb Code   170  tim.o(.text)
    TIME2_Init                               0x08007e3f   Thumb Code   182  tim.o(.text)
    ADC_DMA_CH1_Init                         0x08007f0d   Thumb Code    82  dma.o(.text)
    USART1_DMA_CH3_Init                      0x08007f5f   Thumb Code    82  dma.o(.text)
    RTC_CLKSource_Config                     0x08007fb1   Thumb Code   310  dma.o(.text)
    RTC_Time_Init                            0x080080f9   Thumb Code    60  dma.o(.text)
    BufferManageCreate                       0x080081e1   Thumb Code    64  buffermanage.o(.text)
    BufferManageWrite                        0x08008221   Thumb Code    84  buffermanage.o(.text)
    BufferManageRead                         0x08008275   Thumb Code    64  buffermanage.o(.text)
    rbCreate                                 0x080082b5   Thumb Code    20  looplist.o(.text)
    rbDelete                                 0x080082c9   Thumb Code    18  looplist.o(.text)
    rbCapacity                               0x080082db   Thumb Code    14  looplist.o(.text)
    rbCanRead                                0x080082e9   Thumb Code    56  looplist.o(.text)
    rbCanWrite                               0x08008321   Thumb Code    30  looplist.o(.text)
    rbRead                                   0x0800833f   Thumb Code   164  looplist.o(.text)
    rbWrite                                  0x080083e3   Thumb Code   160  looplist.o(.text)
    PutData                                  0x08008483   Thumb Code    46  looplist.o(.text)
    FlashHelperReadDataEx                    0x080084b1   Thumb Code    20  flash_helper.o(.text)
    FlashHelperWriteWordsEx                  0x080084c5   Thumb Code    20  flash_helper.o(.text)
    FlashHelperEraseSectorEx                 0x080084d9   Thumb Code    18  flash_helper.o(.text)
    flash_helper_init                        0x080084eb   Thumb Code   176  flash_helper.o(.text)
    flash_helper_update                      0x0800859b   Thumb Code    64  flash_helper.o(.text)
    flash_helper_get                         0x080085db   Thumb Code    40  flash_helper.o(.text)
    flash_data_set_count                     0x08008603   Thumb Code     6  flash_helper.o(.text)
    flash_data_get_count                     0x08008609   Thumb Code    28  flash_helper.o(.text)
    STMFLASH_GetFlashSector                  0x0800862d   Thumb Code   316  stmflash.o(.text)
    STMFLASH_ReadWord                        0x08008769   Thumb Code     6  stmflash.o(.text)
    STMFLASH_Read                            0x0800876f   Thumb Code    32  stmflash.o(.text)
    FlashEraseSector                         0x0800878f   Thumb Code   138  stmflash.o(.text)
    FlashWriteWords                          0x08008819   Thumb Code   108  stmflash.o(.text)
    vListInitialise                          0x08008901   Thumb Code    26  list.o(.text)
    vListInitialiseItem                      0x0800891b   Thumb Code     6  list.o(.text)
    vListInsertEnd                           0x08008921   Thumb Code    24  list.o(.text)
    vListInsert                              0x08008939   Thumb Code    52  list.o(.text)
    uxListRemove                             0x0800896d   Thumb Code    40  list.o(.text)
    xTaskCreate                              0x08008b0b   Thumb Code    96  tasks.o(.text)
    vTaskDelete                              0x08008ba7   Thumb Code   192  tasks.o(.text)
    xTaskIncrementTick                       0x08008c67   Thumb Code   272  tasks.o(.text)
    xTaskResumeAll                           0x08008d77   Thumb Code   348  tasks.o(.text)
    vTaskSuspendAll                          0x08008f4f   Thumb Code    12  tasks.o(.text)
    vTaskDelayUntil                          0x08008f5b   Thumb Code   182  tasks.o(.text)
    vTaskDelay                               0x08009011   Thumb Code    76  tasks.o(.text)
    eTaskGetState                            0x0800905d   Thumb Code   106  tasks.o(.text)
    uxTaskPriorityGet                        0x080090c7   Thumb Code    30  tasks.o(.text)
    uxTaskPriorityGetFromISR                 0x080090e5   Thumb Code    62  tasks.o(.text)
    vTaskPrioritySet                         0x08009123   Thumb Code   306  tasks.o(.text)
    vTaskSwitchContext                       0x08009255   Thumb Code   114  tasks.o(.text)
    vTaskSuspend                             0x080092c7   Thumb Code   190  tasks.o(.text)
    vTaskResume                              0x080093d1   Thumb Code   122  tasks.o(.text)
    xTaskResumeFromISR                       0x0800944b   Thumb Code   152  tasks.o(.text)
    vTaskStartScheduler                      0x08009559   Thumb Code   102  tasks.o(.text)
    vTaskEndScheduler                        0x080095bf   Thumb Code    32  tasks.o(.text)
    xTaskGetTickCount                        0x080095df   Thumb Code     6  tasks.o(.text)
    xTaskGetTickCountFromISR                 0x080095e5   Thumb Code    16  tasks.o(.text)
    uxTaskGetNumberOfTasks                   0x080095f5   Thumb Code     6  tasks.o(.text)
    pcTaskGetName                            0x080095fb   Thumb Code    40  tasks.o(.text)
    vTaskPlaceOnEventList                    0x08009623   Thumb Code   118  tasks.o(.text)
    vTaskPlaceOnUnorderedEventList           0x08009699   Thumb Code    88  tasks.o(.text)
    xTaskRemoveFromEventList                 0x080096f1   Thumb Code   122  tasks.o(.text)
    xTaskRemoveFromUnorderedEventList        0x0800976b   Thumb Code   142  tasks.o(.text)
    vTaskSetTimeOutState                     0x080097f9   Thumb Code    36  tasks.o(.text)
    xTaskCheckForTimeOut                     0x0800981d   Thumb Code   124  tasks.o(.text)
    vTaskMissedYield                         0x08009899   Thumb Code     8  tasks.o(.text)
    xTaskGetSchedulerState                   0x080098a1   Thumb Code    24  tasks.o(.text)
    uxTaskResetEventItemValue                0x080098b9   Thumb Code    24  tasks.o(.text)
    ulTaskNotifyTake                         0x080098d1   Thumb Code   108  tasks.o(.text)
    xTaskNotifyWait                          0x0800993d   Thumb Code   150  tasks.o(.text)
    xTaskGenericNotify                       0x080099d3   Thumb Code   272  tasks.o(.text)
    xTaskGenericNotifyFromISR                0x08009ae3   Thumb Code   286  tasks.o(.text)
    vTaskNotifyGiveFromISR                   0x08009c01   Thumb Code   204  tasks.o(.text)
    xTaskNotifyStateClear                    0x08009ccd   Thumb Code    48  tasks.o(.text)
    pvPortMalloc                             0x08009dd7   Thumb Code   262  heap_4.o(.text)
    vPortFree                                0x08009edd   Thumb Code   120  heap_4.o(.text)
    xPortGetFreeHeapSize                     0x08009f55   Thumb Code     6  heap_4.o(.text)
    xPortGetMinimumEverFreeHeapSize          0x08009f5b   Thumb Code     6  heap_4.o(.text)
    vPortInitialiseBlocks                    0x08009f61   Thumb Code     2  heap_4.o(.text)
    pxPortInitialiseStack                    0x08009fe7   Thumb Code    38  port.o(.text)
    vPortSetupTimerInterrupt                 0x0800a00d   Thumb Code    26  port.o(.text)
    xPortStartScheduler                      0x0800a027   Thumb Code   258  port.o(.text)
    vPortEndScheduler                        0x0800a129   Thumb Code    34  port.o(.text)
    vPortEnterCritical                       0x0800a14b   Thumb Code    70  port.o(.text)
    vPortExitCritical                        0x0800a191   Thumb Code    48  port.o(.text)
    xPortSysTickHandler                      0x0800a1c1   Thumb Code    48  port.o(.text)
    vPortValidateInterruptPriority           0x0800a1f1   Thumb Code    88  port.o(.text)
    __aeabi_memcpy                           0x0800a2a9   Thumb Code    36  memcpya.o(.text)
    __aeabi_memcpy4                          0x0800a2a9   Thumb Code     0  memcpya.o(.text)
    __aeabi_memcpy8                          0x0800a2a9   Thumb Code     0  memcpya.o(.text)
    __aeabi_memset                           0x0800a2cd   Thumb Code    14  memseta.o(.text)
    __aeabi_memset4                          0x0800a2cd   Thumb Code     0  memseta.o(.text)
    __aeabi_memset8                          0x0800a2cd   Thumb Code     0  memseta.o(.text)
    __aeabi_memclr                           0x0800a2db   Thumb Code     4  memseta.o(.text)
    __aeabi_memclr4                          0x0800a2db   Thumb Code     0  memseta.o(.text)
    __aeabi_memclr8                          0x0800a2db   Thumb Code     0  memseta.o(.text)
    _memset$wrapper                          0x0800a2df   Thumb Code    18  memseta.o(.text)
    strstr                                   0x0800a2f1   Thumb Code    36  strstr.o(.text)
    __aeabi_dmul                             0x0800a315   Thumb Code   228  dmul.o(.text)
    __aeabi_ddiv                             0x0800a3f9   Thumb Code   222  ddiv.o(.text)
    __aeabi_i2d                              0x0800a4d7   Thumb Code    34  dflti.o(.text)
    __aeabi_d2uiz                            0x0800a4f9   Thumb Code    50  dfixui.o(.text)
    __aeabi_uidiv                            0x0800a52b   Thumb Code     0  uidiv.o(.text)
    __aeabi_uidivmod                         0x0800a52b   Thumb Code    44  uidiv.o(.text)
    __aeabi_llsr                             0x0800a557   Thumb Code    32  llushr.o(.text)
    _ll_ushift_r                             0x0800a557   Thumb Code     0  llushr.o(.text)
    __I$use$fp                               0x0800a577   Thumb Code     0  iusefp.o(.text)
    _double_round                            0x0800a577   Thumb Code    30  depilogue.o(.text)
    _double_epilogue                         0x0800a595   Thumb Code   156  depilogue.o(.text)
    __scatterload                            0x0800a631   Thumb Code    28  init.o(.text)
    __scatterload_rt2                        0x0800a631   Thumb Code     0  init.o(.text)
    __aeabi_llsl                             0x0800a655   Thumb Code    30  llshl.o(.text)
    _ll_shift_l                              0x0800a655   Thumb Code     0  llshl.o(.text)
    __decompress                             0x0800a673   Thumb Code     0  __dczerorl.o(.text)
    __decompress0                            0x0800a673   Thumb Code    58  __dczerorl.o(.text)
    __0printf$3                              0x0800a6ad   Thumb Code    22  printf3.o(i.__0printf$3)
    __1printf$3                              0x0800a6ad   Thumb Code     0  printf3.o(i.__0printf$3)
    __2printf                                0x0800a6ad   Thumb Code     0  printf3.o(i.__0printf$3)
    __scatterload_copy                       0x0800a6cd   Thumb Code    14  handlers.o(i.__scatterload_copy)
    __scatterload_null                       0x0800a6db   Thumb Code     2  handlers.o(i.__scatterload_null)
    __scatterload_zeroinit                   0x0800a6dd   Thumb Code    14  handlers.o(i.__scatterload_zeroinit)
    AHBPrescTable                            0x0800a8a4   Data          16  system_n32g430_1.o(.constdata)
    wRTtable                                 0x0800a8f4   Data         320  adc.o(.constdata)
    Speed_num1                               0x0800aa34   Data          98  spi.o(.constdata)
    Speed_num2                               0x0800aa96   Data         102  spi.o(.constdata)
    kilometer_num                            0x0800aafc   Data         256  spi.o(.constdata)
    battery                                  0x0800abfc   Data          21  spi.o(.constdata)
    fault                                    0x0800ac11   Data           8  spi.o(.constdata)
    light                                    0x0800ac19   Data          61  spi.o(.constdata)
    guide_num                                0x0800ac56   Data         202  spi.o(.constdata)
    prompt                                   0x0800ad20   Data          40  spi.o(.constdata)
    Region$$Table$$Base                      0x0800ad48   Number         0  anon$$obj.o(Region$$Table)
    Region$$Table$$Limit                     0x0800ad68   Number         0  anon$$obj.o(Region$$Table)
    SystemCoreClock                          0x20000000   Data           4  system_n32g430_1.o(.data)
    vrefint_value                            0x20000004   Data           4  n32g430_adc.o(.data)
    Program_NVR                              0x20000008   Data           4  n32g430_adc.o(.data)
    Get_NVR                                  0x2000000c   Data           4  n32g430_adc.o(.data)
    RTC_Delay_Flag                           0x20000010   Data           4  n32g430_rtc.o(.data)
    odotrip_show_Flag                        0x20000018   Data           1  main.o(.data)
    Power_48V_flag                           0x2000001c   Data           1  adc.o(.data)
    Power_72V_flag                           0x2000001d   Data           1  adc.o(.data)
    TempValue                                0x20000020   Data           4  adc.o(.data)
    Flag_1ms                                 0x20000028   Data           1  n32g430_it.o(.data)
    Flag_5ms                                 0x20000029   Data           1  n32g430_it.o(.data)
    Flag_10ms                                0x2000002a   Data           1  n32g430_it.o(.data)
    Flag_50ms                                0x2000002b   Data           1  n32g430_it.o(.data)
    Flag_150ms                               0x2000002c   Data           1  n32g430_it.o(.data)
    Flag_500ms                               0x2000002d   Data           1  n32g430_it.o(.data)
    Flag_1s                                  0x2000002e   Data           1  n32g430_it.o(.data)
    PB1_ReadValueL                           0x20000030   Data           2  n32g430_it.o(.data)
    PB1_ReadValueH                           0x20000032   Data           2  n32g430_it.o(.data)
    PB11_ReadValueL                          0x20000034   Data           2  n32g430_it.o(.data)
    PB11_ReadValueH                          0x20000036   Data           2  n32g430_it.o(.data)
    CaptureNumber_TIM3                       0x20000038   Data           2  n32g430_it.o(.data)
    CaptureNumber_TIM2                       0x2000003a   Data           2  n32g430_it.o(.data)
    PB1_Capture                              0x2000003c   Data           4  n32g430_it.o(.data)
    PB1_CaptureH                             0x20000040   Data           4  n32g430_it.o(.data)
    PB1_CaptureL                             0x20000044   Data           4  n32g430_it.o(.data)
    PB11_Capture                             0x20000048   Data           4  n32g430_it.o(.data)
    PB11_CaptureH                            0x2000004c   Data           4  n32g430_it.o(.data)
    PB11_CaptureL                            0x20000050   Data           4  n32g430_it.o(.data)
    TIM2Freq                                 0x20000054   Data           4  n32g430_it.o(.data)
    TIM3Freq                                 0x20000058   Data           4  n32g430_it.o(.data)
    GPTIMClockFrequency                      0x2000005c   Data           4  n32g430_it.o(.data)
    HSEStartUpStatus                         0x20000064   Data           1  system_init.o(.data)
    HSIStartUpStatus                         0x20000065   Data           1  system_init.o(.data)
    time_delay                               0x20000068   Data           4  system_init.o(.data)
    Updata                                   0x2000006c   Data           1  system_init.o(.data)
    car_led                                  0x2000006d   Data           7  system_init.o(.data)
    OneWire_led                              0x20000074   Data           7  system_init.o(.data)
    car_bluetooth                            0x2000007b   Data           6  system_init.o(.data)
    battery_value                            0x20000081   Data           1  system_init.o(.data)
    Dianping_Voltage                         0x20000082   Data           2  system_init.o(.data)
    battery_icon                             0x20000084   Data           1  system_init.o(.data)
    battery_frame                            0x20000085   Data           1  system_init.o(.data)
    battery_icon_blink                       0x20000086   Data           1  system_init.o(.data)
    battery_frame_blink                      0x20000087   Data           1  system_init.o(.data)
    led_left_blink                           0x20000088   Data           1  system_init.o(.data)
    led_right_blink                          0x20000089   Data           1  system_init.o(.data)
    flow_water                               0x2000008a   Data           1  system_init.o(.data)
    border_mode                              0x2000008b   Data           1  system_init.o(.data)
    border_colour                            0x2000008c   Data           1  system_init.o(.data)
    kilometer_test                           0x20000090   Data           4  system_init.o(.data)
    temp_kilo                                0x20000094   Data           4  system_init.o(.data)
    kilometer                                0x20000098   Data           4  system_init.o(.data)
    kilometer_sub                            0x2000009c   Data           4  system_init.o(.data)
    kilometer_units                          0x200000a0   Data           1  system_init.o(.data)
    trip_swit                                0x200000a1   Data           1  system_init.o(.data)
    guide                                    0x200000a2   Data           1  system_init.o(.data)
    guidance_units                           0x200000a3   Data           1  system_init.o(.data)
    guide_delay_time                         0x200000a4   Data           2  system_init.o(.data)
    Guide_distance                           0x200000a8   Data           4  system_init.o(.data)
    Speed_units                              0x200000ac   Data           1  system_init.o(.data)
    speed                                    0x200000ad   Data           1  system_init.o(.data)
    Sector_flag                              0x200000ae   Data           1  system_init.o(.data)
    Flag_usart1_recive                       0x200000bc   Data           1  usart.o(.data)
    Uart1ReadBuffCnt                         0x200000c0   Data           4  usart.o(.data)
    Uart1ReadBuffCntCopy                     0x200000c4   Data           4  usart.o(.data)
    Flag_bluetooth_Connecting                0x200000c8   Data           1  usart.o(.data)
    Guide_On_Flag                            0x200000c9   Data           1  usart.o(.data)
    BSTIMClockFrequency                      0x200000d0   Data           4  tim.o(.data)
    RTC_TimeDefault                          0x200000d4   Data           4  dma.o(.data)
    RTC_DateDefault                          0x200000d8   Data           4  dma.o(.data)
    SynchPrediv                              0x200000dc   Data           4  dma.o(.data)
    AsynchPrediv                             0x200000e0   Data           4  dma.o(.data)
    pxCurrentTCB                             0x200000e4   Data           4  tasks.o(.data)
    __stdout                                 0x20000144   Data           4  stdout.o(.data)
    All_LED_num                              0x20000148   Data         256  spi.o(.bss)
    showing_arr_Aip1                         0x20000248   Data          16  spi.o(.bss)
    showing_arr_Aip2                         0x20000258   Data          16  spi.o(.bss)
    RCC_ClockFreq                            0x20000268   Data          24  system_init.o(.bss)
    Uart1ReadBuff                            0x20000280   Data          20  usart.o(.bss)
    RTC_InitStructure                        0x200002a4   Data          12  dma.o(.bss)
    ADCConvertedValue                        0x200002b0   Data          20  dma.o(.bss)
    Manage_Data_Buff                         0x200002c4   Data          21  buffermanage.o(.bss)
    Manage_num_Buff                          0x200002dc   Data          84  buffermanage.o(.bss)
    Manage_Buff_Copy                         0x20000330   Data          21  buffermanage.o(.bss)
    buff_manage_struct_test                  0x20000348   Data          60  buffermanage.o(.bss)
    flash_helper_struct                      0x20000384   Data          20  flash_helper.o(.bss)
    __initial_sp                             0x20002f80   Data           0  startup_n32g430.o(STACK)



==============================================================================

Memory Map of the image

  Image Entry point : 0x08000115

  Load Region LR_IROM1 (Base: 0x08000000, Size: 0x0000aeb0, Max: 0x00010000, ABSOLUTE, COMPRESSED[0x0000ad8c])

    Execution Region ER_IROM1 (Exec base: 0x08000000, Load base: 0x08000000, Size: 0x0000ad68, Max: 0x00010000, ABSOLUTE)

    Exec Addr    Load Addr    Size         Type   Attr      Idx    E Section Name        Object

    0x08000000   0x08000000   0x00000114   Data   RO            3    RESET               startup_n32g430.o
    0x08000114   0x08000114   0x00000000   Code   RO         1170  * .ARM.Collect$$$$00000000  mc_w.l(entry.o)
    0x08000114   0x08000114   0x00000004   Code   RO         1450    .ARM.Collect$$$$00000001  mc_w.l(entry2.o)
    0x08000118   0x08000118   0x00000004   Code   RO         1453    .ARM.Collect$$$$00000004  mc_w.l(entry5.o)
    0x0800011c   0x0800011c   0x00000000   Code   RO         1455    .ARM.Collect$$$$00000008  mc_w.l(entry7b.o)
    0x0800011c   0x0800011c   0x00000000   Code   RO         1457    .ARM.Collect$$$$0000000A  mc_w.l(entry8b.o)
    0x0800011c   0x0800011c   0x00000008   Code   RO         1458    .ARM.Collect$$$$0000000B  mc_w.l(entry9a.o)
    0x08000124   0x08000124   0x00000000   Code   RO         1460    .ARM.Collect$$$$0000000D  mc_w.l(entry10a.o)
    0x08000124   0x08000124   0x00000000   Code   RO         1462    .ARM.Collect$$$$0000000F  mc_w.l(entry11a.o)
    0x08000124   0x08000124   0x00000004   Code   RO         1451    .ARM.Collect$$$$00002712  mc_w.l(entry2.o)
    0x08000128   0x08000128   0x000000b6   Code   RO         1131    .emb_text           port.o
    0x080001de   0x080001de   0x00000002   PAD
    0x080001e0   0x080001e0   0x00000024   Code   RO            4    .text               startup_n32g430.o
    0x08000204   0x08000204   0x00000274   Code   RO           13    .text               system_n32g430_1.o
    0x08000478   0x08000478   0x0000083c   Code   RO          133    .text               n32g430_adc.o
    0x08000cb4   0x08000cb4   0x000000d8   Code   RO          164    .text               misc.o
    0x08000d8c   0x08000d8c   0x00000248   Code   RO          188    .text               n32g430_dma.o
    0x08000fd4   0x08000fd4   0x00000754   Code   RO          212    .text               n32g430_flash.o
    0x08001728   0x08001728   0x000008ec   Code   RO          236    .text               n32g430_gpio.o
    0x08002014   0x08002014   0x000006c8   Code   RO          260    .text               n32g430_rcc.o
    0x080026dc   0x080026dc   0x00000402   Code   RO          286    .text               n32g430_spi.o
    0x08002ade   0x08002ade   0x00000002   PAD
    0x08002ae0   0x08002ae0   0x000003d4   Code   RO          310    .text               n32g430_usart.o
    0x08002eb4   0x08002eb4   0x000011f4   Code   RO          334    .text               n32g430_tim.o
    0x080040a8   0x080040a8   0x00000138   Code   RO          358    .text               n32g430_exti.o
    0x080041e0   0x080041e0   0x00000c44   Code   RO          382    .text               n32g430_rtc.o
    0x08004e24   0x08004e24   0x00000204   Code   RO          417    .text               n32g430_pwr.o
    0x08005028   0x08005028   0x000000dc   Code   RO          441    .text               main.o
    0x08005104   0x08005104   0x000005ac   Code   RO          519    .text               adc.o
    0x080056b0   0x080056b0   0x0000012c   Code   RO          551    .text               n32g430_it.o
    0x080057dc   0x080057dc   0x0000162c   Code   RO          581    .text               spi.o
    0x08006e08   0x08006e08   0x00000a00   Code   RO          613    .text               system_init.o
    0x08007808   0x08007808   0x00000404   Code   RO          648    .text               usart.o
    0x08007c0c   0x08007c0c   0x00000300   Code   RO          679    .text               tim.o
    0x08007f0c   0x08007f0c   0x000002d4   Code   RO          710    .text               dma.o
    0x080081e0   0x080081e0   0x000000d4   Code   RO          765    .text               buffermanage.o
    0x080082b4   0x080082b4   0x000001fc   Code   RO          795    .text               looplist.o
    0x080084b0   0x080084b0   0x0000017c   Code   RO          826    .text               flash_helper.o
    0x0800862c   0x0800862c   0x000002d4   Code   RO          856    .text               stmflash.o
    0x08008900   0x08008900   0x00000094   Code   RO          982    .text               list.o
    0x08008994   0x08008994   0x00001380   Code   RO         1039    .text               tasks.o
    0x08009d14   0x08009d14   0x000002a0   Code   RO         1104    .text               heap_4.o
    0x08009fb4   0x08009fb4   0x000002f4   Code   RO         1132    .text               port.o
    0x0800a2a8   0x0800a2a8   0x00000024   Code   RO         1173    .text               mc_w.l(memcpya.o)
    0x0800a2cc   0x0800a2cc   0x00000024   Code   RO         1175    .text               mc_w.l(memseta.o)
    0x0800a2f0   0x0800a2f0   0x00000024   Code   RO         1177    .text               mc_w.l(strstr.o)
    0x0800a314   0x0800a314   0x000000e4   Code   RO         1442    .text               mf_w.l(dmul.o)
    0x0800a3f8   0x0800a3f8   0x000000de   Code   RO         1444    .text               mf_w.l(ddiv.o)
    0x0800a4d6   0x0800a4d6   0x00000022   Code   RO         1446    .text               mf_w.l(dflti.o)
    0x0800a4f8   0x0800a4f8   0x00000032   Code   RO         1448    .text               mf_w.l(dfixui.o)
    0x0800a52a   0x0800a52a   0x0000002c   Code   RO         1465    .text               mc_w.l(uidiv.o)
    0x0800a556   0x0800a556   0x00000020   Code   RO         1469    .text               mc_w.l(llushr.o)
    0x0800a576   0x0800a576   0x00000000   Code   RO         1471    .text               mc_w.l(iusefp.o)
    0x0800a576   0x0800a576   0x000000ba   Code   RO         1472    .text               mf_w.l(depilogue.o)
    0x0800a630   0x0800a630   0x00000024   Code   RO         1480    .text               mc_w.l(init.o)
    0x0800a654   0x0800a654   0x0000001e   Code   RO         1482    .text               mc_w.l(llshl.o)
    0x0800a672   0x0800a672   0x0000003a   Code   RO         1494    .text               mc_w.l(__dczerorl.o)
    0x0800a6ac   0x0800a6ac   0x00000020   Code   RO         1270    i.__0printf$3       mc_w.l(printf3.o)
    0x0800a6cc   0x0800a6cc   0x0000000e   Code   RO         1488    i.__scatterload_copy  mc_w.l(handlers.o)
    0x0800a6da   0x0800a6da   0x00000002   Code   RO         1489    i.__scatterload_null  mc_w.l(handlers.o)
    0x0800a6dc   0x0800a6dc   0x0000000e   Code   RO         1490    i.__scatterload_zeroinit  mc_w.l(handlers.o)
    0x0800a6ea   0x0800a6ea   0x00000002   PAD
    0x0800a6ec   0x0800a6ec   0x000001b8   Code   RO         1277    i._printf_core      mc_w.l(printf3.o)
    0x0800a8a4   0x0800a8a4   0x00000010   Data   RO           14    .constdata          system_n32g430_1.o
    0x0800a8b4   0x0800a8b4   0x00000040   Data   RO          261    .constdata          n32g430_rcc.o
    0x0800a8f4   0x0800a8f4   0x00000140   Data   RO          520    .constdata          adc.o
    0x0800aa34   0x0800aa34   0x00000314   Data   RO          583    .constdata          spi.o
    0x0800ad48   0x0800ad48   0x00000020   Data   RO         1486    Region$$Table       anon$$obj.o


    Execution Region RW_IRAM1 (Exec base: 0x20000000, Load base: 0x0800ad68, Size: 0x00002f80, Max: 0x00004000, ABSOLUTE, COMPRESSED[0x00000024])

    Exec Addr    Load Addr    Size         Type   Attr      Idx    E Section Name        Object

    0x20000000   COMPRESSED   0x00000004   Data   RW           15    .data               system_n32g430_1.o
    0x20000004   COMPRESSED   0x0000000c   Data   RW          134    .data               n32g430_adc.o
    0x20000010   COMPRESSED   0x00000008   Data   RW          383    .data               n32g430_rtc.o
    0x20000018   COMPRESSED   0x00000001   Data   RW          442    .data               main.o
    0x20000019   COMPRESSED   0x00000003   PAD
    0x2000001c   COMPRESSED   0x0000000a   Data   RW          521    .data               adc.o
    0x20000026   COMPRESSED   0x00000002   PAD
    0x20000028   COMPRESSED   0x0000003c   Data   RW          552    .data               n32g430_it.o
    0x20000064   COMPRESSED   0x00000058   Data   RW          615    .data               system_init.o
    0x200000bc   COMPRESSED   0x00000014   Data   RW          650    .data               usart.o
    0x200000d0   COMPRESSED   0x00000004   Data   RW          681    .data               tim.o
    0x200000d4   COMPRESSED   0x00000010   Data   RW          712    .data               dma.o
    0x200000e4   COMPRESSED   0x0000003c   Data   RW         1041    .data               tasks.o
    0x20000120   COMPRESSED   0x00000018   Data   RW         1106    .data               heap_4.o
    0x20000138   COMPRESSED   0x0000000c   Data   RW         1133    .data               port.o
    0x20000144   COMPRESSED   0x00000004   Data   RW         1464    .data               mc_w.l(stdout.o)
    0x20000148        -       0x00000120   Zero   RW          582    .bss                spi.o
    0x20000268        -       0x00000018   Zero   RW          614    .bss                system_init.o
    0x20000280        -       0x00000014   Zero   RW          649    .bss                usart.o
    0x20000294        -       0x00000010   Zero   RW          680    .bss                tim.o
    0x200002a4        -       0x00000020   Zero   RW          711    .bss                dma.o
    0x200002c4        -       0x000000c0   Zero   RW          766    .bss                buffermanage.o
    0x20000384        -       0x00000014   Zero   RW          827    .bss                flash_helper.o
    0x20000398        -       0x000002e4   Zero   RW         1040    .bss                tasks.o
    0x2000067c        -       0x00001400   Zero   RW         1105    .bss                heap_4.o
    0x20001a7c   COMPRESSED   0x00000004   PAD
    0x20001a80        -       0x00001500   Zero   RW            1    STACK               startup_n32g430.o


==============================================================================

Image component sizes


      Code (inc. data)   RO Data    RW Data    ZI Data      Debug   Object Name

      1452         68        320         10          0       3592   adc.o
       212          0          0          0        192       3076   buffermanage.o
         0          0          0          0          0       7420   croutine.o
       724        172          0         16         32       2485   dma.o
         0          0          0          0          0       1468   event_groups.o
       380          8          0          0         20       4032   flash_helper.o
       672         82          0         24       5120       3604   heap_4.o
       148          0          0          0          0       2130   list.o
       508          0          0          0          0       3307   looplist.o
       220         56          0          1          0       3691   main.o
       216         20          0          0          0       2300   misc.o
      2108         38          0         12          0      13461   n32g430_adc.o
       584          6          0          0          0       6286   n32g430_dma.o
       312          4          0          0          0       3504   n32g430_exti.o
      1876         32          0          0          0      10790   n32g430_flash.o
      2284         42          0          0          0      10589   n32g430_gpio.o
       300         48          0         60          0       4125   n32g430_it.o
       516         12          0          0          0       3473   n32g430_pwr.o
      1736         76         64          0          0      12838   n32g430_rcc.o
      3140         74          0          8          0      49001   n32g430_rtc.o
      1026          8          0          0          0       9773   n32g430_spi.o
      4596         86          0          0          0      40908   n32g430_tim.o
       980         18          0          0          0      11309   n32g430_usart.o
       938        112          0         12          0       8651   port.o
      5676        226        788          0        288       9206   spi.o
        36          8        276          0       5376        964   startup_n32g430.o
       724        124          0          0          0       3211   stmflash.o
      2560        304          0         88         24       8660   system_init.o
       628         48         16          4          0     335615   system_n32g430_1.o
      4992        342          0         60        740      28332   tasks.o
       768         24          0          4         16       3142   tim.o
      1028        212          0         20         20       4006   usart.o

    ----------------------------------------------------------------------
     41344       2250       1496        324      11832     614949   Object Totals
         0          0         32          0          0          0   (incl. Generated)
         4          0          0          5          4          0   (incl. Padding)

    ----------------------------------------------------------------------

      Code (inc. data)   RO Data    RW Data    ZI Data      Debug   Library Member Name

        58          0          0          0          0          0   __dczerorl.o
         0          0          0          0          0          0   entry.o
         0          0          0          0          0          0   entry10a.o
         0          0          0          0          0          0   entry11a.o
         8          4          0          0          0          0   entry2.o
         4          0          0          0          0          0   entry5.o
         0          0          0          0          0          0   entry7b.o
         0          0          0          0          0          0   entry8b.o
         8          4          0          0          0          0   entry9a.o
        30          0          0          0          0          0   handlers.o
        36          8          0          0          0         68   init.o
         0          0          0          0          0          0   iusefp.o
        30          0          0          0          0         68   llshl.o
        32          0          0          0          0         68   llushr.o
        36          0          0          0          0         68   memcpya.o
        36          0          0          0          0        108   memseta.o
       472         14          0          0          0        184   printf3.o
         0          0          0          4          0          0   stdout.o
        36          0          0          0          0         80   strstr.o
        44          0          0          0          0         80   uidiv.o
       222          0          0          0          0        100   ddiv.o
       186          0          0          0          0        176   depilogue.o
        50          0          0          0          0         76   dfixui.o
        34          0          0          0          0         76   dflti.o
       228          0          0          0          0         96   dmul.o

    ----------------------------------------------------------------------
      1552         30          0          4          0       1248   Library Totals
         2          0          0          0          0          0   (incl. Padding)

    ----------------------------------------------------------------------

      Code (inc. data)   RO Data    RW Data    ZI Data      Debug   Library Name

       830         30          0          4          0        724   mc_w.l
       720          0          0          0          0        524   mf_w.l

    ----------------------------------------------------------------------
      1552         30          0          4          0       1248   Library Totals

    ----------------------------------------------------------------------

==============================================================================


      Code (inc. data)   RO Data    RW Data    ZI Data      Debug   

     42896       2280       1496        328      11832     607757   Grand Totals
     42896       2280       1496         36      11832     607757   ELF Image Totals (compressed)
     42896       2280       1496         36          0          0   ROM Totals

==============================================================================

    Total RO  Size (Code + RO Data)                44392 (  43.35kB)
    Total RW  Size (RW Data + ZI Data)             12160 (  11.88kB)
    Total ROM Size (Code + RO Data + RW Data)      44428 (  43.39kB)

==============================================================================

