<!doctype html public "-//w3c//dtd html 4.0 transitional//en">
<html><head>
<title>Static Call Graph - [.\Objects\ADC_DMA.axf]</title></head>
<body><HR>
<H1>Static Call Graph for image .\Objects\ADC_DMA.axf</H1><HR>
<BR><P>#&#060CALLGRAPH&#062# ARM Linker, 5060750: Last Updated: Mon Nov 06 15:37:47 2023
<BR><P>
<H3>Maximum Stack Usage =        156 bytes + Unknown(Cycles, Untraceable Function Pointers)</H3><H3>
Call chain for Maximum Stack Depth:</H3>
main &rArr; UserSystemInit &rArr; Usart1_Init &rArr; USART_Initializes &rArr; USART_Baud_Rate_Config &rArr; RCC_Clocks_Frequencies_Value_Get
<P>
<H3>
Mutually Recursive functions
</H3> <LI><a href="#[1d]">ADC_IRQHandler</a>&nbsp;&nbsp;&nbsp;&rArr;&nbsp;&nbsp;&nbsp;<a href="#[1d]">ADC_IRQHandler</a><BR>
 <LI><a href="#[1a9]">rbRead</a>&nbsp;&nbsp;&nbsp;&rArr;&nbsp;&nbsp;&nbsp;<a href="#[1a9]">rbRead</a><BR>
 <LI><a href="#[1ac]">rbWrite</a>&nbsp;&nbsp;&nbsp;&rArr;&nbsp;&nbsp;&nbsp;<a href="#[1ac]">rbWrite</a><BR>
</UL>
<P>
<H3>
Function Pointers
</H3><UL>
 <LI><a href="#[1d]">ADC_IRQHandler</a> from startup_n32g430.o(.text) referenced from startup_n32g430.o(RESET)
 <LI><a href="#[4]">BusFault_Handler</a> from n32g430_it.o(.text) referenced from startup_n32g430.o(RESET)
 <LI><a href="#[3c]">CAN_RX0_IRQHandler</a> from startup_n32g430.o(.text) referenced from startup_n32g430.o(RESET)
 <LI><a href="#[3d]">CAN_RX1_IRQHandler</a> from startup_n32g430.o(.text) referenced from startup_n32g430.o(RESET)
 <LI><a href="#[3e]">CAN_SCE_IRQHandler</a> from startup_n32g430.o(.text) referenced from startup_n32g430.o(RESET)
 <LI><a href="#[3b]">CAN_TX_IRQHandler</a> from startup_n32g430.o(.text) referenced from startup_n32g430.o(RESET)
 <LI><a href="#[1f]">COMP_1_2_3_IRQHandler</a> from startup_n32g430.o(.text) referenced from startup_n32g430.o(RESET)
 <LI><a href="#[15]">DMA_Channel1_IRQHandler</a> from startup_n32g430.o(.text) referenced from startup_n32g430.o(RESET)
 <LI><a href="#[16]">DMA_Channel2_IRQHandler</a> from startup_n32g430.o(.text) referenced from startup_n32g430.o(RESET)
 <LI><a href="#[17]">DMA_Channel3_IRQHandler</a> from startup_n32g430.o(.text) referenced from startup_n32g430.o(RESET)
 <LI><a href="#[18]">DMA_Channel4_IRQHandler</a> from startup_n32g430.o(.text) referenced from startup_n32g430.o(RESET)
 <LI><a href="#[19]">DMA_Channel5_IRQHandler</a> from startup_n32g430.o(.text) referenced from startup_n32g430.o(RESET)
 <LI><a href="#[1a]">DMA_Channel6_IRQHandler</a> from startup_n32g430.o(.text) referenced from startup_n32g430.o(RESET)
 <LI><a href="#[1b]">DMA_Channel7_IRQHandler</a> from startup_n32g430.o(.text) referenced from startup_n32g430.o(RESET)
 <LI><a href="#[1c]">DMA_Channel8_IRQHandler</a> from startup_n32g430.o(.text) referenced from startup_n32g430.o(RESET)
 <LI><a href="#[7]">DebugMon_Handler</a> from n32g430_it.o(.text) referenced from startup_n32g430.o(RESET)
 <LI><a href="#[10]">EXTI0_IRQHandler</a> from n32g430_it.o(.text) referenced from startup_n32g430.o(RESET)
 <LI><a href="#[31]">EXTI15_10_IRQHandler</a> from n32g430_it.o(.text) referenced from startup_n32g430.o(RESET)
 <LI><a href="#[11]">EXTI1_IRQHandler</a> from n32g430_it.o(.text) referenced from startup_n32g430.o(RESET)
 <LI><a href="#[12]">EXTI2_IRQHandler</a> from n32g430_it.o(.text) referenced from startup_n32g430.o(RESET)
 <LI><a href="#[13]">EXTI3_IRQHandler</a> from n32g430_it.o(.text) referenced from startup_n32g430.o(RESET)
 <LI><a href="#[14]">EXTI4_IRQHandler</a> from n32g430_it.o(.text) referenced from startup_n32g430.o(RESET)
 <LI><a href="#[20]">EXTI9_5_IRQHandler</a> from n32g430_it.o(.text) referenced from startup_n32g430.o(RESET)
 <LI><a href="#[e]">FLASH_IRQHandler</a> from startup_n32g430.o(.text) referenced from startup_n32g430.o(RESET)
 <LI><a href="#[2]">HardFault_Handler</a> from n32g430_it.o(.text) referenced from startup_n32g430.o(RESET)
 <LI><a href="#[29]">I2C1_ER_IRQHandler</a> from startup_n32g430.o(.text) referenced from startup_n32g430.o(RESET)
 <LI><a href="#[28]">I2C1_EV_IRQHandler</a> from startup_n32g430.o(.text) referenced from startup_n32g430.o(RESET)
 <LI><a href="#[2b]">I2C2_ER_IRQHandler</a> from startup_n32g430.o(.text) referenced from startup_n32g430.o(RESET)
 <LI><a href="#[2a]">I2C2_EV_IRQHandler</a> from startup_n32g430.o(.text) referenced from startup_n32g430.o(RESET)
 <LI><a href="#[33]">LPTIM_WKUP_IRQHandler</a> from startup_n32g430.o(.text) referenced from startup_n32g430.o(RESET)
 <LI><a href="#[1e]">MMU_IRQHandler</a> from startup_n32g430.o(.text) referenced from startup_n32g430.o(RESET)
 <LI><a href="#[3]">MemManage_Handler</a> from n32g430_it.o(.text) referenced from startup_n32g430.o(RESET)
 <LI><a href="#[1]">NMI_Handler</a> from n32g430_it.o(.text) referenced from startup_n32g430.o(RESET)
 <LI><a href="#[b]">PVD_IRQHandler</a> from startup_n32g430.o(.text) referenced from startup_n32g430.o(RESET)
 <LI><a href="#[8]">PendSV_Handler</a> from port.o(.emb_text) referenced from startup_n32g430.o(RESET)
 <LI><a href="#[f]">RCC_IRQHandler</a> from startup_n32g430.o(.text) referenced from startup_n32g430.o(RESET)
 <LI><a href="#[32]">RTCAlarm_IRQHandler</a> from startup_n32g430.o(.text) referenced from startup_n32g430.o(RESET)
 <LI><a href="#[c]">RTC_TAMPER_STAMP_IRQHandler</a> from startup_n32g430.o(.text) referenced from startup_n32g430.o(RESET)
 <LI><a href="#[d]">RTC_WKUP_IRQHandler</a> from startup_n32g430.o(.text) referenced from startup_n32g430.o(RESET)
 <LI><a href="#[0]">Reset_Handler</a> from startup_n32g430.o(.text) referenced from startup_n32g430.o(RESET)
 <LI><a href="#[2c]">SPI1_IRQHandler</a> from startup_n32g430.o(.text) referenced from startup_n32g430.o(RESET)
 <LI><a href="#[2d]">SPI2_IRQHandler</a> from startup_n32g430.o(.text) referenced from startup_n32g430.o(RESET)
 <LI><a href="#[6]">SVC_Handler</a> from port.o(.emb_text) referenced from startup_n32g430.o(RESET)
 <LI><a href="#[9]">SysTick_Handler</a> from n32g430_it.o(.text) referenced from startup_n32g430.o(RESET)
 <LI><a href="#[40]">System_Initializes</a> from system_n32g430_1.o(.text) referenced from startup_n32g430.o(.text)
 <LI><a href="#[21]">TIM1_BRK_IRQHandler</a> from startup_n32g430.o(.text) referenced from startup_n32g430.o(RESET)
 <LI><a href="#[24]">TIM1_CC_IRQHandler</a> from startup_n32g430.o(.text) referenced from startup_n32g430.o(RESET)
 <LI><a href="#[23]">TIM1_TRG_COM_IRQHandler</a> from startup_n32g430.o(.text) referenced from startup_n32g430.o(RESET)
 <LI><a href="#[22]">TIM1_UP_IRQHandler</a> from startup_n32g430.o(.text) referenced from startup_n32g430.o(RESET)
 <LI><a href="#[25]">TIM2_IRQHandler</a> from startup_n32g430.o(.text) referenced from startup_n32g430.o(RESET)
 <LI><a href="#[26]">TIM3_IRQHandler</a> from startup_n32g430.o(.text) referenced from startup_n32g430.o(RESET)
 <LI><a href="#[27]">TIM4_IRQHandler</a> from n32g430_it.o(.text) referenced from startup_n32g430.o(RESET)
 <LI><a href="#[39]">TIM5_IRQHandler</a> from startup_n32g430.o(.text) referenced from startup_n32g430.o(RESET)
 <LI><a href="#[3a]">TIM6_IRQHandler</a> from n32g430_it.o(.text) referenced from startup_n32g430.o(RESET)
 <LI><a href="#[34]">TIM8_BRK_IRQHandler</a> from startup_n32g430.o(.text) referenced from startup_n32g430.o(RESET)
 <LI><a href="#[37]">TIM8_CC_IRQHandler</a> from startup_n32g430.o(.text) referenced from startup_n32g430.o(RESET)
 <LI><a href="#[36]">TIM8_TRG_COM_IRQHandler</a> from startup_n32g430.o(.text) referenced from startup_n32g430.o(RESET)
 <LI><a href="#[35]">TIM8_UP_IRQHandler</a> from startup_n32g430.o(.text) referenced from startup_n32g430.o(RESET)
 <LI><a href="#[30]">UART3_IRQHandler</a> from startup_n32g430.o(.text) referenced from startup_n32g430.o(RESET)
 <LI><a href="#[38]">UART4_IRQHandler</a> from startup_n32g430.o(.text) referenced from startup_n32g430.o(RESET)
 <LI><a href="#[2e]">USART1_IRQHandler</a> from n32g430_it.o(.text) referenced from startup_n32g430.o(RESET)
 <LI><a href="#[2f]">USART2_IRQHandler</a> from startup_n32g430.o(.text) referenced from startup_n32g430.o(RESET)
 <LI><a href="#[5]">UsageFault_Handler</a> from n32g430_it.o(.text) referenced from startup_n32g430.o(RESET)
 <LI><a href="#[a]">WWDG_IRQHandler</a> from startup_n32g430.o(.text) referenced from startup_n32g430.o(RESET)
 <LI><a href="#[41]">__main</a> from entry.o(.ARM.Collect$$$$00000000) referenced from startup_n32g430.o(.text)
 <LI><a href="#[44]">fputc</a> from usart.o(.text) referenced from printf3.o(i.__0printf$3)
 <LI><a href="#[3f]">main</a> from main.o(.text) referenced from entry9a.o(.ARM.Collect$$$$0000000B)
 <LI><a href="#[42]">prvIdleTask</a> from tasks.o(.text) referenced from tasks.o(.text)
 <LI><a href="#[43]">prvTaskExitError</a> from port.o(.text) referenced from port.o(.text)
</UL>
<P>
<H3>
Global Symbols
</H3>
<P><STRONG><a name="[41]"></a>__main</STRONG> (Thumb, 0 bytes, Stack size unknown bytes, entry.o(.ARM.Collect$$$$00000000))
<BR>[Address Reference Count : 1]<UL><LI> startup_n32g430.o(.text)
</UL>
<P><STRONG><a name="[1fa]"></a>_main_stk</STRONG> (Thumb, 0 bytes, Stack size unknown bytes, entry2.o(.ARM.Collect$$$$00000001))

<P><STRONG><a name="[45]"></a>_main_scatterload</STRONG> (Thumb, 0 bytes, Stack size unknown bytes, entry5.o(.ARM.Collect$$$$00000004))
<BR><BR>[Calls]<UL><LI><a href="#[46]">&gt;&gt;</a>&nbsp;&nbsp;&nbsp;__scatterload
</UL>

<P><STRONG><a name="[1f6]"></a>__main_after_scatterload</STRONG> (Thumb, 0 bytes, Stack size unknown bytes, entry5.o(.ARM.Collect$$$$00000004))
<BR><BR>[Called By]<UL><LI><a href="#[46]">&gt;&gt;</a>&nbsp;&nbsp;&nbsp;__scatterload
</UL>

<P><STRONG><a name="[1fb]"></a>_main_clock</STRONG> (Thumb, 0 bytes, Stack size unknown bytes, entry7b.o(.ARM.Collect$$$$00000008))

<P><STRONG><a name="[1fc]"></a>_main_cpp_init</STRONG> (Thumb, 0 bytes, Stack size unknown bytes, entry8b.o(.ARM.Collect$$$$0000000A))

<P><STRONG><a name="[1fd]"></a>_main_init</STRONG> (Thumb, 0 bytes, Stack size unknown bytes, entry9a.o(.ARM.Collect$$$$0000000B))

<P><STRONG><a name="[1fe]"></a>__rt_final_cpp</STRONG> (Thumb, 0 bytes, Stack size unknown bytes, entry10a.o(.ARM.Collect$$$$0000000D))

<P><STRONG><a name="[1ff]"></a>__rt_final_exit</STRONG> (Thumb, 0 bytes, Stack size unknown bytes, entry11a.o(.ARM.Collect$$$$0000000F))

<P><STRONG><a name="[6]"></a>SVC_Handler</STRONG> (Thumb, 28 bytes, Stack size 0 bytes, port.o(.emb_text))
<BR>[Address Reference Count : 1]<UL><LI> startup_n32g430.o(RESET)
</UL>
<P><STRONG><a name="[1ed]"></a>__asm___6_port_c_39a90d8d__prvStartFirstTask</STRONG> (Thumb, 28 bytes, Stack size 0 bytes, port.o(.emb_text), UNUSED)
<BR><BR>[Called By]<UL><LI><a href="#[1d8]">&gt;&gt;</a>&nbsp;&nbsp;&nbsp;xPortStartScheduler
</UL>

<P><STRONG><a name="[1ec]"></a>__asm___6_port_c_39a90d8d__prvEnableVFP</STRONG> (Thumb, 16 bytes, Stack size 0 bytes, port.o(.emb_text), UNUSED)
<BR><BR>[Called By]<UL><LI><a href="#[1d8]">&gt;&gt;</a>&nbsp;&nbsp;&nbsp;xPortStartScheduler
</UL>

<P><STRONG><a name="[8]"></a>PendSV_Handler</STRONG> (Thumb, 88 bytes, Stack size 0 bytes, port.o(.emb_text))
<BR><BR>[Stack]<UL><LI>Max Depth = 32<LI>Call Chain = PendSV_Handler &rArr; vTaskSwitchContext &rArr; __2printf
</UL>
<BR>[Calls]<UL><LI><a href="#[47]">&gt;&gt;</a>&nbsp;&nbsp;&nbsp;vTaskSwitchContext
</UL>
<BR>[Address Reference Count : 1]<UL><LI> startup_n32g430.o(RESET)
</UL>
<P><STRONG><a name="[1ef]"></a>vPortGetIPSR</STRONG> (Thumb, 6 bytes, Stack size 0 bytes, port.o(.emb_text), UNUSED)
<BR><BR>[Called By]<UL><LI><a href="#[1d0]">&gt;&gt;</a>&nbsp;&nbsp;&nbsp;vPortValidateInterruptPriority
</UL>

<P><STRONG><a name="[0]"></a>Reset_Handler</STRONG> (Thumb, 8 bytes, Stack size 0 bytes, startup_n32g430.o(.text))
<BR>[Address Reference Count : 1]<UL><LI> startup_n32g430.o(RESET)
</UL>
<P><STRONG><a name="[1d]"></a>ADC_IRQHandler</STRONG> (Thumb, 0 bytes, Stack size 0 bytes, startup_n32g430.o(.text))
<BR><BR>[Calls]<UL><LI><a href="#[1d]">&gt;&gt;</a>&nbsp;&nbsp;&nbsp;ADC_IRQHandler
</UL>
<BR>[Called By]<UL><LI><a href="#[1d]">&gt;&gt;</a>&nbsp;&nbsp;&nbsp;ADC_IRQHandler
</UL>
<BR>[Address Reference Count : 1]<UL><LI> startup_n32g430.o(RESET)
</UL>
<P><STRONG><a name="[3c]"></a>CAN_RX0_IRQHandler</STRONG> (Thumb, 0 bytes, Stack size 0 bytes, startup_n32g430.o(.text))
<BR>[Address Reference Count : 1]<UL><LI> startup_n32g430.o(RESET)
</UL>
<P><STRONG><a name="[3d]"></a>CAN_RX1_IRQHandler</STRONG> (Thumb, 0 bytes, Stack size 0 bytes, startup_n32g430.o(.text))
<BR>[Address Reference Count : 1]<UL><LI> startup_n32g430.o(RESET)
</UL>
<P><STRONG><a name="[3e]"></a>CAN_SCE_IRQHandler</STRONG> (Thumb, 0 bytes, Stack size 0 bytes, startup_n32g430.o(.text))
<BR>[Address Reference Count : 1]<UL><LI> startup_n32g430.o(RESET)
</UL>
<P><STRONG><a name="[3b]"></a>CAN_TX_IRQHandler</STRONG> (Thumb, 0 bytes, Stack size 0 bytes, startup_n32g430.o(.text))
<BR>[Address Reference Count : 1]<UL><LI> startup_n32g430.o(RESET)
</UL>
<P><STRONG><a name="[1f]"></a>COMP_1_2_3_IRQHandler</STRONG> (Thumb, 0 bytes, Stack size 0 bytes, startup_n32g430.o(.text))
<BR>[Address Reference Count : 1]<UL><LI> startup_n32g430.o(RESET)
</UL>
<P><STRONG><a name="[15]"></a>DMA_Channel1_IRQHandler</STRONG> (Thumb, 0 bytes, Stack size 0 bytes, startup_n32g430.o(.text))
<BR>[Address Reference Count : 1]<UL><LI> startup_n32g430.o(RESET)
</UL>
<P><STRONG><a name="[16]"></a>DMA_Channel2_IRQHandler</STRONG> (Thumb, 0 bytes, Stack size 0 bytes, startup_n32g430.o(.text))
<BR>[Address Reference Count : 1]<UL><LI> startup_n32g430.o(RESET)
</UL>
<P><STRONG><a name="[17]"></a>DMA_Channel3_IRQHandler</STRONG> (Thumb, 0 bytes, Stack size 0 bytes, startup_n32g430.o(.text))
<BR>[Address Reference Count : 1]<UL><LI> startup_n32g430.o(RESET)
</UL>
<P><STRONG><a name="[18]"></a>DMA_Channel4_IRQHandler</STRONG> (Thumb, 0 bytes, Stack size 0 bytes, startup_n32g430.o(.text))
<BR>[Address Reference Count : 1]<UL><LI> startup_n32g430.o(RESET)
</UL>
<P><STRONG><a name="[19]"></a>DMA_Channel5_IRQHandler</STRONG> (Thumb, 0 bytes, Stack size 0 bytes, startup_n32g430.o(.text))
<BR>[Address Reference Count : 1]<UL><LI> startup_n32g430.o(RESET)
</UL>
<P><STRONG><a name="[1a]"></a>DMA_Channel6_IRQHandler</STRONG> (Thumb, 0 bytes, Stack size 0 bytes, startup_n32g430.o(.text))
<BR>[Address Reference Count : 1]<UL><LI> startup_n32g430.o(RESET)
</UL>
<P><STRONG><a name="[1b]"></a>DMA_Channel7_IRQHandler</STRONG> (Thumb, 0 bytes, Stack size 0 bytes, startup_n32g430.o(.text))
<BR>[Address Reference Count : 1]<UL><LI> startup_n32g430.o(RESET)
</UL>
<P><STRONG><a name="[1c]"></a>DMA_Channel8_IRQHandler</STRONG> (Thumb, 0 bytes, Stack size 0 bytes, startup_n32g430.o(.text))
<BR>[Address Reference Count : 1]<UL><LI> startup_n32g430.o(RESET)
</UL>
<P><STRONG><a name="[e]"></a>FLASH_IRQHandler</STRONG> (Thumb, 0 bytes, Stack size 0 bytes, startup_n32g430.o(.text))
<BR>[Address Reference Count : 1]<UL><LI> startup_n32g430.o(RESET)
</UL>
<P><STRONG><a name="[29]"></a>I2C1_ER_IRQHandler</STRONG> (Thumb, 0 bytes, Stack size 0 bytes, startup_n32g430.o(.text))
<BR>[Address Reference Count : 1]<UL><LI> startup_n32g430.o(RESET)
</UL>
<P><STRONG><a name="[28]"></a>I2C1_EV_IRQHandler</STRONG> (Thumb, 0 bytes, Stack size 0 bytes, startup_n32g430.o(.text))
<BR>[Address Reference Count : 1]<UL><LI> startup_n32g430.o(RESET)
</UL>
<P><STRONG><a name="[2b]"></a>I2C2_ER_IRQHandler</STRONG> (Thumb, 0 bytes, Stack size 0 bytes, startup_n32g430.o(.text))
<BR>[Address Reference Count : 1]<UL><LI> startup_n32g430.o(RESET)
</UL>
<P><STRONG><a name="[2a]"></a>I2C2_EV_IRQHandler</STRONG> (Thumb, 0 bytes, Stack size 0 bytes, startup_n32g430.o(.text))
<BR>[Address Reference Count : 1]<UL><LI> startup_n32g430.o(RESET)
</UL>
<P><STRONG><a name="[33]"></a>LPTIM_WKUP_IRQHandler</STRONG> (Thumb, 0 bytes, Stack size 0 bytes, startup_n32g430.o(.text))
<BR>[Address Reference Count : 1]<UL><LI> startup_n32g430.o(RESET)
</UL>
<P><STRONG><a name="[1e]"></a>MMU_IRQHandler</STRONG> (Thumb, 0 bytes, Stack size 0 bytes, startup_n32g430.o(.text))
<BR>[Address Reference Count : 1]<UL><LI> startup_n32g430.o(RESET)
</UL>
<P><STRONG><a name="[b]"></a>PVD_IRQHandler</STRONG> (Thumb, 0 bytes, Stack size 0 bytes, startup_n32g430.o(.text))
<BR>[Address Reference Count : 1]<UL><LI> startup_n32g430.o(RESET)
</UL>
<P><STRONG><a name="[f]"></a>RCC_IRQHandler</STRONG> (Thumb, 0 bytes, Stack size 0 bytes, startup_n32g430.o(.text))
<BR>[Address Reference Count : 1]<UL><LI> startup_n32g430.o(RESET)
</UL>
<P><STRONG><a name="[32]"></a>RTCAlarm_IRQHandler</STRONG> (Thumb, 0 bytes, Stack size 0 bytes, startup_n32g430.o(.text))
<BR>[Address Reference Count : 1]<UL><LI> startup_n32g430.o(RESET)
</UL>
<P><STRONG><a name="[c]"></a>RTC_TAMPER_STAMP_IRQHandler</STRONG> (Thumb, 0 bytes, Stack size 0 bytes, startup_n32g430.o(.text))
<BR>[Address Reference Count : 1]<UL><LI> startup_n32g430.o(RESET)
</UL>
<P><STRONG><a name="[d]"></a>RTC_WKUP_IRQHandler</STRONG> (Thumb, 0 bytes, Stack size 0 bytes, startup_n32g430.o(.text))
<BR>[Address Reference Count : 1]<UL><LI> startup_n32g430.o(RESET)
</UL>
<P><STRONG><a name="[2c]"></a>SPI1_IRQHandler</STRONG> (Thumb, 0 bytes, Stack size 0 bytes, startup_n32g430.o(.text))
<BR>[Address Reference Count : 1]<UL><LI> startup_n32g430.o(RESET)
</UL>
<P><STRONG><a name="[2d]"></a>SPI2_IRQHandler</STRONG> (Thumb, 0 bytes, Stack size 0 bytes, startup_n32g430.o(.text))
<BR>[Address Reference Count : 1]<UL><LI> startup_n32g430.o(RESET)
</UL>
<P><STRONG><a name="[21]"></a>TIM1_BRK_IRQHandler</STRONG> (Thumb, 0 bytes, Stack size 0 bytes, startup_n32g430.o(.text))
<BR>[Address Reference Count : 1]<UL><LI> startup_n32g430.o(RESET)
</UL>
<P><STRONG><a name="[24]"></a>TIM1_CC_IRQHandler</STRONG> (Thumb, 0 bytes, Stack size 0 bytes, startup_n32g430.o(.text))
<BR>[Address Reference Count : 1]<UL><LI> startup_n32g430.o(RESET)
</UL>
<P><STRONG><a name="[23]"></a>TIM1_TRG_COM_IRQHandler</STRONG> (Thumb, 0 bytes, Stack size 0 bytes, startup_n32g430.o(.text))
<BR>[Address Reference Count : 1]<UL><LI> startup_n32g430.o(RESET)
</UL>
<P><STRONG><a name="[22]"></a>TIM1_UP_IRQHandler</STRONG> (Thumb, 0 bytes, Stack size 0 bytes, startup_n32g430.o(.text))
<BR>[Address Reference Count : 1]<UL><LI> startup_n32g430.o(RESET)
</UL>
<P><STRONG><a name="[25]"></a>TIM2_IRQHandler</STRONG> (Thumb, 0 bytes, Stack size 0 bytes, startup_n32g430.o(.text))
<BR>[Address Reference Count : 1]<UL><LI> startup_n32g430.o(RESET)
</UL>
<P><STRONG><a name="[26]"></a>TIM3_IRQHandler</STRONG> (Thumb, 0 bytes, Stack size 0 bytes, startup_n32g430.o(.text))
<BR>[Address Reference Count : 1]<UL><LI> startup_n32g430.o(RESET)
</UL>
<P><STRONG><a name="[39]"></a>TIM5_IRQHandler</STRONG> (Thumb, 0 bytes, Stack size 0 bytes, startup_n32g430.o(.text))
<BR>[Address Reference Count : 1]<UL><LI> startup_n32g430.o(RESET)
</UL>
<P><STRONG><a name="[34]"></a>TIM8_BRK_IRQHandler</STRONG> (Thumb, 0 bytes, Stack size 0 bytes, startup_n32g430.o(.text))
<BR>[Address Reference Count : 1]<UL><LI> startup_n32g430.o(RESET)
</UL>
<P><STRONG><a name="[37]"></a>TIM8_CC_IRQHandler</STRONG> (Thumb, 0 bytes, Stack size 0 bytes, startup_n32g430.o(.text))
<BR>[Address Reference Count : 1]<UL><LI> startup_n32g430.o(RESET)
</UL>
<P><STRONG><a name="[36]"></a>TIM8_TRG_COM_IRQHandler</STRONG> (Thumb, 0 bytes, Stack size 0 bytes, startup_n32g430.o(.text))
<BR>[Address Reference Count : 1]<UL><LI> startup_n32g430.o(RESET)
</UL>
<P><STRONG><a name="[35]"></a>TIM8_UP_IRQHandler</STRONG> (Thumb, 0 bytes, Stack size 0 bytes, startup_n32g430.o(.text))
<BR>[Address Reference Count : 1]<UL><LI> startup_n32g430.o(RESET)
</UL>
<P><STRONG><a name="[30]"></a>UART3_IRQHandler</STRONG> (Thumb, 0 bytes, Stack size 0 bytes, startup_n32g430.o(.text))
<BR>[Address Reference Count : 1]<UL><LI> startup_n32g430.o(RESET)
</UL>
<P><STRONG><a name="[38]"></a>UART4_IRQHandler</STRONG> (Thumb, 0 bytes, Stack size 0 bytes, startup_n32g430.o(.text))
<BR>[Address Reference Count : 1]<UL><LI> startup_n32g430.o(RESET)
</UL>
<P><STRONG><a name="[2f]"></a>USART2_IRQHandler</STRONG> (Thumb, 0 bytes, Stack size 0 bytes, startup_n32g430.o(.text))
<BR>[Address Reference Count : 1]<UL><LI> startup_n32g430.o(RESET)
</UL>
<P><STRONG><a name="[a]"></a>WWDG_IRQHandler</STRONG> (Thumb, 0 bytes, Stack size 0 bytes, startup_n32g430.o(.text))
<BR>[Address Reference Count : 1]<UL><LI> startup_n32g430.o(RESET)
</UL>
<P><STRONG><a name="[40]"></a>System_Initializes</STRONG> (Thumb, 144 bytes, Stack size 8 bytes, system_n32g430_1.o(.text))
<BR><BR>[Stack]<UL><LI>Max Depth = 28<LI>Call Chain = System_Initializes &rArr; System_Clock_Set
</UL>
<BR>[Calls]<UL><LI><a href="#[48]">&gt;&gt;</a>&nbsp;&nbsp;&nbsp;System_Clock_Set
</UL>
<BR>[Address Reference Count : 1]<UL><LI> startup_n32g430.o(.text)
</UL>
<P><STRONG><a name="[200]"></a>System_Clock_Frequency_Update</STRONG> (Thumb, 182 bytes, Stack size 8 bytes, system_n32g430_1.o(.text), UNUSED)

<P><STRONG><a name="[201]"></a>ADC_Vrefint_Get</STRONG> (Thumb, 18 bytes, Stack size 8 bytes, n32g430_adc.o(.text), UNUSED)

<P><STRONG><a name="[49]"></a>ADC_Reset</STRONG> (Thumb, 12 bytes, Stack size 8 bytes, n32g430_adc.o(.text), UNUSED)
<BR><BR>[Calls]<UL><LI><a href="#[4a]">&gt;&gt;</a>&nbsp;&nbsp;&nbsp;RCC_AHB_Peripheral_Reset
</UL>

<P><STRONG><a name="[4c]"></a>ADC_Multichannels_Enable</STRONG> (Thumb, 14 bytes, Stack size 0 bytes, n32g430_adc.o(.text))
<BR><BR>[Called By]<UL><LI><a href="#[4b]">&gt;&gt;</a>&nbsp;&nbsp;&nbsp;ADC_Initializes
</UL>

<P><STRONG><a name="[4d]"></a>ADC_Multichannels_Disable</STRONG> (Thumb, 14 bytes, Stack size 0 bytes, n32g430_adc.o(.text))
<BR><BR>[Called By]<UL><LI><a href="#[4b]">&gt;&gt;</a>&nbsp;&nbsp;&nbsp;ADC_Initializes
</UL>

<P><STRONG><a name="[4e]"></a>ADC_Continue_Conversion_Enable</STRONG> (Thumb, 18 bytes, Stack size 0 bytes, n32g430_adc.o(.text))
<BR><BR>[Called By]<UL><LI><a href="#[4b]">&gt;&gt;</a>&nbsp;&nbsp;&nbsp;ADC_Initializes
</UL>

<P><STRONG><a name="[4f]"></a>ADC_Continue_Conversion_Disable</STRONG> (Thumb, 18 bytes, Stack size 0 bytes, n32g430_adc.o(.text))
<BR><BR>[Called By]<UL><LI><a href="#[4b]">&gt;&gt;</a>&nbsp;&nbsp;&nbsp;ADC_Initializes
</UL>

<P><STRONG><a name="[50]"></a>ADC_Regular_Group_External_Trigger_Source_Config</STRONG> (Thumb, 26 bytes, Stack size 0 bytes, n32g430_adc.o(.text))
<BR><BR>[Called By]<UL><LI><a href="#[4b]">&gt;&gt;</a>&nbsp;&nbsp;&nbsp;ADC_Initializes
</UL>

<P><STRONG><a name="[51]"></a>ADC_Data_Alignment_Config</STRONG> (Thumb, 26 bytes, Stack size 0 bytes, n32g430_adc.o(.text))
<BR><BR>[Called By]<UL><LI><a href="#[4b]">&gt;&gt;</a>&nbsp;&nbsp;&nbsp;ADC_Initializes
</UL>

<P><STRONG><a name="[52]"></a>ADC_Regular_Channels_Number_Config</STRONG> (Thumb, 26 bytes, Stack size 0 bytes, n32g430_adc.o(.text))
<BR><BR>[Called By]<UL><LI><a href="#[4b]">&gt;&gt;</a>&nbsp;&nbsp;&nbsp;ADC_Initializes
</UL>

<P><STRONG><a name="[4b]"></a>ADC_Initializes</STRONG> (Thumb, 52 bytes, Stack size 4 bytes, n32g430_adc.o(.text))
<BR><BR>[Stack]<UL><LI>Max Depth = 4<LI>Call Chain = ADC_Initializes
</UL>
<BR>[Calls]<UL><LI><a href="#[52]">&gt;&gt;</a>&nbsp;&nbsp;&nbsp;ADC_Regular_Channels_Number_Config
<LI><a href="#[51]">&gt;&gt;</a>&nbsp;&nbsp;&nbsp;ADC_Data_Alignment_Config
<LI><a href="#[50]">&gt;&gt;</a>&nbsp;&nbsp;&nbsp;ADC_Regular_Group_External_Trigger_Source_Config
<LI><a href="#[4f]">&gt;&gt;</a>&nbsp;&nbsp;&nbsp;ADC_Continue_Conversion_Disable
<LI><a href="#[4e]">&gt;&gt;</a>&nbsp;&nbsp;&nbsp;ADC_Continue_Conversion_Enable
<LI><a href="#[4d]">&gt;&gt;</a>&nbsp;&nbsp;&nbsp;ADC_Multichannels_Disable
<LI><a href="#[4c]">&gt;&gt;</a>&nbsp;&nbsp;&nbsp;ADC_Multichannels_Enable
</UL>
<BR>[Called By]<UL><LI><a href="#[125]">&gt;&gt;</a>&nbsp;&nbsp;&nbsp;ADC_Init
</UL>

<P><STRONG><a name="[129]"></a>ADC_Initializes_Structure</STRONG> (Thumb, 14 bytes, Stack size 0 bytes, n32g430_adc.o(.text))
<BR><BR>[Called By]<UL><LI><a href="#[125]">&gt;&gt;</a>&nbsp;&nbsp;&nbsp;ADC_Init
</UL>

<P><STRONG><a name="[12a]"></a>ADC_ON</STRONG> (Thumb, 18 bytes, Stack size 0 bytes, n32g430_adc.o(.text))
<BR><BR>[Called By]<UL><LI><a href="#[125]">&gt;&gt;</a>&nbsp;&nbsp;&nbsp;ADC_Init
</UL>

<P><STRONG><a name="[202]"></a>ADC_OFF</STRONG> (Thumb, 18 bytes, Stack size 0 bytes, n32g430_adc.o(.text), UNUSED)

<P><STRONG><a name="[203]"></a>ADC_DMA_Transfer_Enable</STRONG> (Thumb, 18 bytes, Stack size 0 bytes, n32g430_adc.o(.text), UNUSED)

<P><STRONG><a name="[204]"></a>ADC_DMA_Transfer_Disable</STRONG> (Thumb, 18 bytes, Stack size 0 bytes, n32g430_adc.o(.text), UNUSED)

<P><STRONG><a name="[58]"></a>ADC_Interrupts_Enable</STRONG> (Thumb, 32 bytes, Stack size 0 bytes, n32g430_adc.o(.text), UNUSED)
<BR><BR>[Called By]<UL><LI><a href="#[53]">&gt;&gt;</a>&nbsp;&nbsp;&nbsp;ADC_Initializes_Ex
</UL>

<P><STRONG><a name="[59]"></a>ADC_Interrupts_Disable</STRONG> (Thumb, 32 bytes, Stack size 0 bytes, n32g430_adc.o(.text), UNUSED)
<BR><BR>[Called By]<UL><LI><a href="#[53]">&gt;&gt;</a>&nbsp;&nbsp;&nbsp;ADC_Initializes_Ex
</UL>

<P><STRONG><a name="[12c]"></a>ADC_Calibration_Operation</STRONG> (Thumb, 72 bytes, Stack size 0 bytes, n32g430_adc.o(.text))
<BR><BR>[Called By]<UL><LI><a href="#[125]">&gt;&gt;</a>&nbsp;&nbsp;&nbsp;ADC_Init
</UL>

<P><STRONG><a name="[12d]"></a>ADC_Regular_Channels_Software_Conversion_Operation</STRONG> (Thumb, 76 bytes, Stack size 0 bytes, n32g430_adc.o(.text))
<BR><BR>[Called By]<UL><LI><a href="#[12e]">&gt;&gt;</a>&nbsp;&nbsp;&nbsp;ADC_GetData
<LI><a href="#[125]">&gt;&gt;</a>&nbsp;&nbsp;&nbsp;ADC_Init
</UL>

<P><STRONG><a name="[205]"></a>ADC_Discontinuous_Mode_Channel_Count_Config</STRONG> (Thumb, 22 bytes, Stack size 0 bytes, n32g430_adc.o(.text), UNUSED)

<P><STRONG><a name="[206]"></a>ADC_Discontinuous_Mode_Config</STRONG> (Thumb, 76 bytes, Stack size 0 bytes, n32g430_adc.o(.text), UNUSED)

<P><STRONG><a name="[12f]"></a>ADC_Channel_Sample_Time_Config</STRONG> (Thumb, 140 bytes, Stack size 12 bytes, n32g430_adc.o(.text))
<BR><BR>[Stack]<UL><LI>Max Depth = 12<LI>Call Chain = ADC_Channel_Sample_Time_Config
</UL>
<BR>[Called By]<UL><LI><a href="#[12e]">&gt;&gt;</a>&nbsp;&nbsp;&nbsp;ADC_GetData
</UL>

<P><STRONG><a name="[130]"></a>ADC_Regular_Sequence_Conversion_Number_Config</STRONG> (Thumb, 154 bytes, Stack size 8 bytes, n32g430_adc.o(.text))
<BR><BR>[Stack]<UL><LI>Max Depth = 8<LI>Call Chain = ADC_Regular_Sequence_Conversion_Number_Config
</UL>
<BR>[Called By]<UL><LI><a href="#[12e]">&gt;&gt;</a>&nbsp;&nbsp;&nbsp;ADC_GetData
</UL>

<P><STRONG><a name="[207]"></a>ADC_External_Trigger_Conversion_Config</STRONG> (Thumb, 110 bytes, Stack size 0 bytes, n32g430_adc.o(.text), UNUSED)

<P><STRONG><a name="[131]"></a>ADC_Regular_Group_Conversion_Data_Get</STRONG> (Thumb, 8 bytes, Stack size 0 bytes, n32g430_adc.o(.text))
<BR><BR>[Called By]<UL><LI><a href="#[12e]">&gt;&gt;</a>&nbsp;&nbsp;&nbsp;ADC_GetData
</UL>

<P><STRONG><a name="[208]"></a>ADC_Injected_Group_Autoconversion_Enable</STRONG> (Thumb, 18 bytes, Stack size 0 bytes, n32g430_adc.o(.text), UNUSED)

<P><STRONG><a name="[209]"></a>ADC_Injected_Group_Autoconversion_Disable</STRONG> (Thumb, 18 bytes, Stack size 0 bytes, n32g430_adc.o(.text), UNUSED)

<P><STRONG><a name="[20a]"></a>ADC_Injected_Group_External_Trigger_Source_Config</STRONG> (Thumb, 26 bytes, Stack size 0 bytes, n32g430_adc.o(.text), UNUSED)

<P><STRONG><a name="[20b]"></a>ADC_Injected_Channels_Software_Conversion_Operation</STRONG> (Thumb, 76 bytes, Stack size 0 bytes, n32g430_adc.o(.text), UNUSED)

<P><STRONG><a name="[20c]"></a>ADC_Injected_Sequence_Conversion_Number_Config</STRONG> (Thumb, 46 bytes, Stack size 8 bytes, n32g430_adc.o(.text), UNUSED)

<P><STRONG><a name="[20d]"></a>ADC_Injected_Channels_Number_Config</STRONG> (Thumb, 26 bytes, Stack size 0 bytes, n32g430_adc.o(.text), UNUSED)

<P><STRONG><a name="[20e]"></a>ADC_Injected_Channels_Offset_Config</STRONG> (Thumb, 24 bytes, Stack size 8 bytes, n32g430_adc.o(.text), UNUSED)

<P><STRONG><a name="[20f]"></a>ADC_Injected_Group_Conversion_Data_Get</STRONG> (Thumb, 32 bytes, Stack size 8 bytes, n32g430_adc.o(.text), UNUSED)

<P><STRONG><a name="[210]"></a>ADC_Analog_Watchdog_Mode_Channel_Config</STRONG> (Thumb, 58 bytes, Stack size 0 bytes, n32g430_adc.o(.text), UNUSED)

<P><STRONG><a name="[211]"></a>ADC_Analog_Watchdog_Enable</STRONG> (Thumb, 16 bytes, Stack size 0 bytes, n32g430_adc.o(.text), UNUSED)

<P><STRONG><a name="[212]"></a>ADC_Analog_Watchdog_Disable</STRONG> (Thumb, 16 bytes, Stack size 0 bytes, n32g430_adc.o(.text), UNUSED)

<P><STRONG><a name="[213]"></a>ADC_Analog_Watchdog_HighThresholds_Config</STRONG> (Thumb, 8 bytes, Stack size 0 bytes, n32g430_adc.o(.text), UNUSED)

<P><STRONG><a name="[214]"></a>ADC_Analog_Watchdog_LowThresholds_Config</STRONG> (Thumb, 8 bytes, Stack size 0 bytes, n32g430_adc.o(.text), UNUSED)

<P><STRONG><a name="[215]"></a>ADC_Temperature_Sensor_And_Vrefint_Channel_Enable</STRONG> (Thumb, 34 bytes, Stack size 0 bytes, n32g430_adc.o(.text), UNUSED)

<P><STRONG><a name="[216]"></a>ADC_Temperature_Sensor_And_Vrefint_Channel_Disable</STRONG> (Thumb, 34 bytes, Stack size 0 bytes, n32g430_adc.o(.text), UNUSED)

<P><STRONG><a name="[217]"></a>ADC_INTFlag_Status_Get</STRONG> (Thumb, 20 bytes, Stack size 0 bytes, n32g430_adc.o(.text), UNUSED)

<P><STRONG><a name="[12b]"></a>ADC_Flag_Status_Get</STRONG> (Thumb, 42 bytes, Stack size 0 bytes, n32g430_adc.o(.text))
<BR><BR>[Called By]<UL><LI><a href="#[12e]">&gt;&gt;</a>&nbsp;&nbsp;&nbsp;ADC_GetData
<LI><a href="#[125]">&gt;&gt;</a>&nbsp;&nbsp;&nbsp;ADC_Init
</UL>

<P><STRONG><a name="[218]"></a>ADC_INTFlag_Status_Clear</STRONG> (Thumb, 16 bytes, Stack size 0 bytes, n32g430_adc.o(.text), UNUSED)

<P><STRONG><a name="[132]"></a>ADC_Flag_Status_Clear</STRONG> (Thumb, 16 bytes, Stack size 0 bytes, n32g430_adc.o(.text))
<BR><BR>[Called By]<UL><LI><a href="#[12e]">&gt;&gt;</a>&nbsp;&nbsp;&nbsp;ADC_GetData
</UL>

<P><STRONG><a name="[54]"></a>ADC_Vbat_Monitor_Enable</STRONG> (Thumb, 34 bytes, Stack size 0 bytes, n32g430_adc.o(.text), UNUSED)
<BR><BR>[Called By]<UL><LI><a href="#[53]">&gt;&gt;</a>&nbsp;&nbsp;&nbsp;ADC_Initializes_Ex
</UL>

<P><STRONG><a name="[55]"></a>ADC_Vbat_Monitor_Disable</STRONG> (Thumb, 34 bytes, Stack size 0 bytes, n32g430_adc.o(.text), UNUSED)
<BR><BR>[Called By]<UL><LI><a href="#[53]">&gt;&gt;</a>&nbsp;&nbsp;&nbsp;ADC_Initializes_Ex
</UL>

<P><STRONG><a name="[56]"></a>ADC_Deep_Power_Mode_Enable</STRONG> (Thumb, 18 bytes, Stack size 0 bytes, n32g430_adc.o(.text), UNUSED)
<BR><BR>[Called By]<UL><LI><a href="#[53]">&gt;&gt;</a>&nbsp;&nbsp;&nbsp;ADC_Initializes_Ex
</UL>

<P><STRONG><a name="[57]"></a>ADC_Deep_Power_Mode_Disable</STRONG> (Thumb, 18 bytes, Stack size 0 bytes, n32g430_adc.o(.text), UNUSED)
<BR><BR>[Called By]<UL><LI><a href="#[53]">&gt;&gt;</a>&nbsp;&nbsp;&nbsp;ADC_Initializes_Ex
</UL>

<P><STRONG><a name="[5b]"></a>ADC_AHB_Clock_Mode_Config</STRONG> (Thumb, 18 bytes, Stack size 0 bytes, n32g430_adc.o(.text))
<BR><BR>[Called By]<UL><LI><a href="#[62]">&gt;&gt;</a>&nbsp;&nbsp;&nbsp;ADC_Clock_Mode_Config
<LI><a href="#[53]">&gt;&gt;</a>&nbsp;&nbsp;&nbsp;ADC_Initializes_Ex
</UL>

<P><STRONG><a name="[5a]"></a>ADC_PLL_Clock_Mode_Config</STRONG> (Thumb, 18 bytes, Stack size 0 bytes, n32g430_adc.o(.text))
<BR><BR>[Called By]<UL><LI><a href="#[62]">&gt;&gt;</a>&nbsp;&nbsp;&nbsp;ADC_Clock_Mode_Config
<LI><a href="#[53]">&gt;&gt;</a>&nbsp;&nbsp;&nbsp;ADC_Initializes_Ex
</UL>

<P><STRONG><a name="[5c]"></a>ADC_Calibration_Auto_Load_Enable</STRONG> (Thumb, 18 bytes, Stack size 0 bytes, n32g430_adc.o(.text), UNUSED)
<BR><BR>[Called By]<UL><LI><a href="#[53]">&gt;&gt;</a>&nbsp;&nbsp;&nbsp;ADC_Initializes_Ex
</UL>

<P><STRONG><a name="[5d]"></a>ADC_Calibration_Auto_Load_Disable</STRONG> (Thumb, 18 bytes, Stack size 0 bytes, n32g430_adc.o(.text), UNUSED)
<BR><BR>[Called By]<UL><LI><a href="#[53]">&gt;&gt;</a>&nbsp;&nbsp;&nbsp;ADC_Initializes_Ex
</UL>

<P><STRONG><a name="[5e]"></a>ADC_Differential_Mode_Enable</STRONG> (Thumb, 18 bytes, Stack size 0 bytes, n32g430_adc.o(.text), UNUSED)
<BR><BR>[Called By]<UL><LI><a href="#[53]">&gt;&gt;</a>&nbsp;&nbsp;&nbsp;ADC_Initializes_Ex
</UL>

<P><STRONG><a name="[5f]"></a>ADC_Differential_Mode_Disable</STRONG> (Thumb, 18 bytes, Stack size 0 bytes, n32g430_adc.o(.text), UNUSED)
<BR><BR>[Called By]<UL><LI><a href="#[53]">&gt;&gt;</a>&nbsp;&nbsp;&nbsp;ADC_Initializes_Ex
</UL>

<P><STRONG><a name="[60]"></a>ADC_Data_Resolution_Config</STRONG> (Thumb, 26 bytes, Stack size 0 bytes, n32g430_adc.o(.text), UNUSED)
<BR><BR>[Called By]<UL><LI><a href="#[53]">&gt;&gt;</a>&nbsp;&nbsp;&nbsp;ADC_Initializes_Ex
</UL>

<P><STRONG><a name="[61]"></a>ADC_Sample_Time_Level_Config</STRONG> (Thumb, 26 bytes, Stack size 0 bytes, n32g430_adc.o(.text), UNUSED)
<BR><BR>[Called By]<UL><LI><a href="#[53]">&gt;&gt;</a>&nbsp;&nbsp;&nbsp;ADC_Initializes_Ex
</UL>

<P><STRONG><a name="[53]"></a>ADC_Initializes_Ex</STRONG> (Thumb, 134 bytes, Stack size 4 bytes, n32g430_adc.o(.text), UNUSED)
<BR><BR>[Calls]<UL><LI><a href="#[61]">&gt;&gt;</a>&nbsp;&nbsp;&nbsp;ADC_Sample_Time_Level_Config
<LI><a href="#[60]">&gt;&gt;</a>&nbsp;&nbsp;&nbsp;ADC_Data_Resolution_Config
<LI><a href="#[5f]">&gt;&gt;</a>&nbsp;&nbsp;&nbsp;ADC_Differential_Mode_Disable
<LI><a href="#[5e]">&gt;&gt;</a>&nbsp;&nbsp;&nbsp;ADC_Differential_Mode_Enable
<LI><a href="#[5d]">&gt;&gt;</a>&nbsp;&nbsp;&nbsp;ADC_Calibration_Auto_Load_Disable
<LI><a href="#[5c]">&gt;&gt;</a>&nbsp;&nbsp;&nbsp;ADC_Calibration_Auto_Load_Enable
<LI><a href="#[5a]">&gt;&gt;</a>&nbsp;&nbsp;&nbsp;ADC_PLL_Clock_Mode_Config
<LI><a href="#[5b]">&gt;&gt;</a>&nbsp;&nbsp;&nbsp;ADC_AHB_Clock_Mode_Config
<LI><a href="#[57]">&gt;&gt;</a>&nbsp;&nbsp;&nbsp;ADC_Deep_Power_Mode_Disable
<LI><a href="#[56]">&gt;&gt;</a>&nbsp;&nbsp;&nbsp;ADC_Deep_Power_Mode_Enable
<LI><a href="#[55]">&gt;&gt;</a>&nbsp;&nbsp;&nbsp;ADC_Vbat_Monitor_Disable
<LI><a href="#[54]">&gt;&gt;</a>&nbsp;&nbsp;&nbsp;ADC_Vbat_Monitor_Enable
<LI><a href="#[59]">&gt;&gt;</a>&nbsp;&nbsp;&nbsp;ADC_Interrupts_Disable
<LI><a href="#[58]">&gt;&gt;</a>&nbsp;&nbsp;&nbsp;ADC_Interrupts_Enable
</UL>

<P><STRONG><a name="[219]"></a>ADC_Initializes_StructureEx</STRONG> (Thumb, 26 bytes, Stack size 0 bytes, n32g430_adc.o(.text), UNUSED)

<P><STRONG><a name="[21a]"></a>ADC_Bypass_Calibration_Enable</STRONG> (Thumb, 18 bytes, Stack size 0 bytes, n32g430_adc.o(.text), UNUSED)

<P><STRONG><a name="[21b]"></a>ADC_Bypass_Calibration_Disable</STRONG> (Thumb, 28 bytes, Stack size 0 bytes, n32g430_adc.o(.text), UNUSED)

<P><STRONG><a name="[21c]"></a>ADC_Differential_Channels_Config</STRONG> (Thumb, 22 bytes, Stack size 0 bytes, n32g430_adc.o(.text), UNUSED)

<P><STRONG><a name="[62]"></a>ADC_Clock_Mode_Config</STRONG> (Thumb, 40 bytes, Stack size 16 bytes, n32g430_adc.o(.text))
<BR><BR>[Stack]<UL><LI>Max Depth = 16<LI>Call Chain = ADC_Clock_Mode_Config
</UL>
<BR>[Calls]<UL><LI><a href="#[66]">&gt;&gt;</a>&nbsp;&nbsp;&nbsp;RCC_ADC_PLL_Clock_Prescaler_Enable
<LI><a href="#[64]">&gt;&gt;</a>&nbsp;&nbsp;&nbsp;RCC_ADC_PLL_Clock_Disable
<LI><a href="#[63]">&gt;&gt;</a>&nbsp;&nbsp;&nbsp;RCC_ADC_Hclk_Enable
<LI><a href="#[65]">&gt;&gt;</a>&nbsp;&nbsp;&nbsp;RCC_ADC_Hclk_Config
<LI><a href="#[5a]">&gt;&gt;</a>&nbsp;&nbsp;&nbsp;ADC_PLL_Clock_Mode_Config
<LI><a href="#[5b]">&gt;&gt;</a>&nbsp;&nbsp;&nbsp;ADC_AHB_Clock_Mode_Config
</UL>
<BR>[Called By]<UL><LI><a href="#[125]">&gt;&gt;</a>&nbsp;&nbsp;&nbsp;ADC_Init
</UL>

<P><STRONG><a name="[21d]"></a>NVIC_Priority_Group_Set</STRONG> (Thumb, 10 bytes, Stack size 0 bytes, misc.o(.text), UNUSED)

<P><STRONG><a name="[16e]"></a>NVIC_Initializes</STRONG> (Thumb, 100 bytes, Stack size 16 bytes, misc.o(.text))
<BR><BR>[Stack]<UL><LI>Max Depth = 16<LI>Call Chain = NVIC_Initializes
</UL>
<BR>[Called By]<UL><LI><a href="#[194]">&gt;&gt;</a>&nbsp;&nbsp;&nbsp;TIME4_Init
<LI><a href="#[18f]">&gt;&gt;</a>&nbsp;&nbsp;&nbsp;Common_TIM_NVIC_Initialize
<LI><a href="#[17d]">&gt;&gt;</a>&nbsp;&nbsp;&nbsp;Usart1_Init
<LI><a href="#[16c]">&gt;&gt;</a>&nbsp;&nbsp;&nbsp;GPIO_ExtiInit
</UL>

<P><STRONG><a name="[21e]"></a>NVIC_Vector_Table_Set</STRONG> (Thumb, 14 bytes, Stack size 0 bytes, misc.o(.text), UNUSED)

<P><STRONG><a name="[21f]"></a>NVIC_System_LowPower_Enable</STRONG> (Thumb, 16 bytes, Stack size 0 bytes, misc.o(.text), UNUSED)

<P><STRONG><a name="[220]"></a>NVIC_System_Low_Power_Disable</STRONG> (Thumb, 16 bytes, Stack size 0 bytes, misc.o(.text), UNUSED)

<P><STRONG><a name="[221]"></a>SysTick_Clock_Source_Set</STRONG> (Thumb, 40 bytes, Stack size 0 bytes, misc.o(.text), UNUSED)

<P><STRONG><a name="[199]"></a>DMA_Reset</STRONG> (Thumb, 224 bytes, Stack size 0 bytes, n32g430_dma.o(.text))
<BR><BR>[Called By]<UL><LI><a href="#[198]">&gt;&gt;</a>&nbsp;&nbsp;&nbsp;ADC_DMA_CH1_Init
<LI><a href="#[17e]">&gt;&gt;</a>&nbsp;&nbsp;&nbsp;USART1_DMA_CH3_Init
</UL>

<P><STRONG><a name="[72]"></a>DMA_Memory_2_Memory_Config</STRONG> (Thumb, 16 bytes, Stack size 0 bytes, n32g430_dma.o(.text))
<BR><BR>[Called By]<UL><LI><a href="#[67]">&gt;&gt;</a>&nbsp;&nbsp;&nbsp;DMA_Initializes
</UL>

<P><STRONG><a name="[71]"></a>DMA_Priority_Config</STRONG> (Thumb, 16 bytes, Stack size 0 bytes, n32g430_dma.o(.text))
<BR><BR>[Called By]<UL><LI><a href="#[67]">&gt;&gt;</a>&nbsp;&nbsp;&nbsp;DMA_Initializes
</UL>

<P><STRONG><a name="[70]"></a>DMA_Circular_Mode_Config</STRONG> (Thumb, 16 bytes, Stack size 0 bytes, n32g430_dma.o(.text))
<BR><BR>[Called By]<UL><LI><a href="#[67]">&gt;&gt;</a>&nbsp;&nbsp;&nbsp;DMA_Initializes
</UL>

<P><STRONG><a name="[6f]"></a>DMA_Memory_Data_Width_Config</STRONG> (Thumb, 16 bytes, Stack size 0 bytes, n32g430_dma.o(.text))
<BR><BR>[Called By]<UL><LI><a href="#[67]">&gt;&gt;</a>&nbsp;&nbsp;&nbsp;DMA_Initializes
</UL>

<P><STRONG><a name="[6e]"></a>DMA_Peripheral_Data_Width_Config</STRONG> (Thumb, 16 bytes, Stack size 0 bytes, n32g430_dma.o(.text))
<BR><BR>[Called By]<UL><LI><a href="#[67]">&gt;&gt;</a>&nbsp;&nbsp;&nbsp;DMA_Initializes
</UL>

<P><STRONG><a name="[6d]"></a>DMA_Memory_Addr_Increment_Config</STRONG> (Thumb, 16 bytes, Stack size 0 bytes, n32g430_dma.o(.text))
<BR><BR>[Called By]<UL><LI><a href="#[67]">&gt;&gt;</a>&nbsp;&nbsp;&nbsp;DMA_Initializes
</UL>

<P><STRONG><a name="[6c]"></a>DMA_Peripheral_Addr_Increment_Config</STRONG> (Thumb, 16 bytes, Stack size 0 bytes, n32g430_dma.o(.text))
<BR><BR>[Called By]<UL><LI><a href="#[67]">&gt;&gt;</a>&nbsp;&nbsp;&nbsp;DMA_Initializes
</UL>

<P><STRONG><a name="[6b]"></a>DMA_Buffer_Size_Config</STRONG> (Thumb, 4 bytes, Stack size 0 bytes, n32g430_dma.o(.text))
<BR><BR>[Called By]<UL><LI><a href="#[67]">&gt;&gt;</a>&nbsp;&nbsp;&nbsp;DMA_Initializes
</UL>

<P><STRONG><a name="[6a]"></a>DMA_Destination_Config</STRONG> (Thumb, 16 bytes, Stack size 0 bytes, n32g430_dma.o(.text))
<BR><BR>[Called By]<UL><LI><a href="#[67]">&gt;&gt;</a>&nbsp;&nbsp;&nbsp;DMA_Initializes
</UL>

<P><STRONG><a name="[69]"></a>DMA_Memory_Address_Config</STRONG> (Thumb, 4 bytes, Stack size 0 bytes, n32g430_dma.o(.text))
<BR><BR>[Called By]<UL><LI><a href="#[67]">&gt;&gt;</a>&nbsp;&nbsp;&nbsp;DMA_Initializes
<LI><a href="#[2e]">&gt;&gt;</a>&nbsp;&nbsp;&nbsp;USART1_IRQHandler
</UL>

<P><STRONG><a name="[68]"></a>DMA_Peripheral_Address_Config</STRONG> (Thumb, 4 bytes, Stack size 0 bytes, n32g430_dma.o(.text))
<BR><BR>[Called By]<UL><LI><a href="#[67]">&gt;&gt;</a>&nbsp;&nbsp;&nbsp;DMA_Initializes
</UL>

<P><STRONG><a name="[67]"></a>DMA_Initializes</STRONG> (Thumb, 96 bytes, Stack size 8 bytes, n32g430_dma.o(.text))
<BR><BR>[Stack]<UL><LI>Max Depth = 8<LI>Call Chain = DMA_Initializes
</UL>
<BR>[Calls]<UL><LI><a href="#[68]">&gt;&gt;</a>&nbsp;&nbsp;&nbsp;DMA_Peripheral_Address_Config
<LI><a href="#[69]">&gt;&gt;</a>&nbsp;&nbsp;&nbsp;DMA_Memory_Address_Config
<LI><a href="#[6a]">&gt;&gt;</a>&nbsp;&nbsp;&nbsp;DMA_Destination_Config
<LI><a href="#[6b]">&gt;&gt;</a>&nbsp;&nbsp;&nbsp;DMA_Buffer_Size_Config
<LI><a href="#[6c]">&gt;&gt;</a>&nbsp;&nbsp;&nbsp;DMA_Peripheral_Addr_Increment_Config
<LI><a href="#[6d]">&gt;&gt;</a>&nbsp;&nbsp;&nbsp;DMA_Memory_Addr_Increment_Config
<LI><a href="#[6e]">&gt;&gt;</a>&nbsp;&nbsp;&nbsp;DMA_Peripheral_Data_Width_Config
<LI><a href="#[6f]">&gt;&gt;</a>&nbsp;&nbsp;&nbsp;DMA_Memory_Data_Width_Config
<LI><a href="#[70]">&gt;&gt;</a>&nbsp;&nbsp;&nbsp;DMA_Circular_Mode_Config
<LI><a href="#[71]">&gt;&gt;</a>&nbsp;&nbsp;&nbsp;DMA_Priority_Config
<LI><a href="#[72]">&gt;&gt;</a>&nbsp;&nbsp;&nbsp;DMA_Memory_2_Memory_Config
</UL>
<BR>[Called By]<UL><LI><a href="#[198]">&gt;&gt;</a>&nbsp;&nbsp;&nbsp;ADC_DMA_CH1_Init
<LI><a href="#[17e]">&gt;&gt;</a>&nbsp;&nbsp;&nbsp;USART1_DMA_CH3_Init
</UL>

<P><STRONG><a name="[222]"></a>DMA_Structure_Initializes</STRONG> (Thumb, 26 bytes, Stack size 0 bytes, n32g430_dma.o(.text), UNUSED)

<P><STRONG><a name="[140]"></a>DMA_Channel_Enable</STRONG> (Thumb, 10 bytes, Stack size 0 bytes, n32g430_dma.o(.text))
<BR><BR>[Called By]<UL><LI><a href="#[198]">&gt;&gt;</a>&nbsp;&nbsp;&nbsp;ADC_DMA_CH1_Init
<LI><a href="#[17e]">&gt;&gt;</a>&nbsp;&nbsp;&nbsp;USART1_DMA_CH3_Init
<LI><a href="#[2e]">&gt;&gt;</a>&nbsp;&nbsp;&nbsp;USART1_IRQHandler
</UL>

<P><STRONG><a name="[13c]"></a>DMA_Channel_Disable</STRONG> (Thumb, 10 bytes, Stack size 0 bytes, n32g430_dma.o(.text))
<BR><BR>[Called By]<UL><LI><a href="#[2e]">&gt;&gt;</a>&nbsp;&nbsp;&nbsp;USART1_IRQHandler
</UL>

<P><STRONG><a name="[223]"></a>DMA_Interrupts_Enable</STRONG> (Thumb, 8 bytes, Stack size 0 bytes, n32g430_dma.o(.text), UNUSED)

<P><STRONG><a name="[224]"></a>DMA_Interrupts_Disable</STRONG> (Thumb, 8 bytes, Stack size 0 bytes, n32g430_dma.o(.text), UNUSED)

<P><STRONG><a name="[13f]"></a>DMA_Current_Data_Transfer_Number_Set</STRONG> (Thumb, 4 bytes, Stack size 0 bytes, n32g430_dma.o(.text))
<BR><BR>[Called By]<UL><LI><a href="#[2e]">&gt;&gt;</a>&nbsp;&nbsp;&nbsp;USART1_IRQHandler
</UL>

<P><STRONG><a name="[13d]"></a>DMA_Current_Data_Transfer_Number_Get</STRONG> (Thumb, 8 bytes, Stack size 0 bytes, n32g430_dma.o(.text))
<BR><BR>[Called By]<UL><LI><a href="#[2e]">&gt;&gt;</a>&nbsp;&nbsp;&nbsp;USART1_IRQHandler
</UL>

<P><STRONG><a name="[225]"></a>DMA_Flag_Status_Get</STRONG> (Thumb, 16 bytes, Stack size 0 bytes, n32g430_dma.o(.text), UNUSED)

<P><STRONG><a name="[226]"></a>DMA_Flag_Status_Clear</STRONG> (Thumb, 4 bytes, Stack size 0 bytes, n32g430_dma.o(.text), UNUSED)

<P><STRONG><a name="[227]"></a>DMA_Interrupt_Status_Get</STRONG> (Thumb, 16 bytes, Stack size 0 bytes, n32g430_dma.o(.text), UNUSED)

<P><STRONG><a name="[228]"></a>DMA_Interrupt_Status_Clear</STRONG> (Thumb, 4 bytes, Stack size 0 bytes, n32g430_dma.o(.text), UNUSED)

<P><STRONG><a name="[19a]"></a>DMA_Channel_Request_Remap</STRONG> (Thumb, 4 bytes, Stack size 0 bytes, n32g430_dma.o(.text))
<BR><BR>[Called By]<UL><LI><a href="#[198]">&gt;&gt;</a>&nbsp;&nbsp;&nbsp;ADC_DMA_CH1_Init
<LI><a href="#[17e]">&gt;&gt;</a>&nbsp;&nbsp;&nbsp;USART1_DMA_CH3_Init
</UL>

<P><STRONG><a name="[15c]"></a>FLASH_Latency_Set</STRONG> (Thumb, 18 bytes, Stack size 0 bytes, n32g430_flash.o(.text))
<BR><BR>[Called By]<UL><LI><a href="#[164]">&gt;&gt;</a>&nbsp;&nbsp;&nbsp;SetSysClockToPLL
<LI><a href="#[162]">&gt;&gt;</a>&nbsp;&nbsp;&nbsp;SetSysClockToHSE
<LI><a href="#[158]">&gt;&gt;</a>&nbsp;&nbsp;&nbsp;SetSysClockToHSI
</UL>

<P><STRONG><a name="[229]"></a>FLASH_Latency_Get</STRONG> (Thumb, 10 bytes, Stack size 0 bytes, n32g430_flash.o(.text), UNUSED)

<P><STRONG><a name="[15b]"></a>FLASH_Prefetch_Buffer_Enable</STRONG> (Thumb, 14 bytes, Stack size 0 bytes, n32g430_flash.o(.text), UNUSED)
<BR><BR>[Called By]<UL><LI><a href="#[162]">&gt;&gt;</a>&nbsp;&nbsp;&nbsp;SetSysClockToHSE
<LI><a href="#[158]">&gt;&gt;</a>&nbsp;&nbsp;&nbsp;SetSysClockToHSI
</UL>

<P><STRONG><a name="[22a]"></a>FLASH_Prefetch_Buffer_Disable</STRONG> (Thumb, 14 bytes, Stack size 0 bytes, n32g430_flash.o(.text), UNUSED)

<P><STRONG><a name="[22b]"></a>FLASH_ICache_Reset</STRONG> (Thumb, 14 bytes, Stack size 0 bytes, n32g430_flash.o(.text), UNUSED)

<P><STRONG><a name="[22c]"></a>FLASH_ICache_Enable</STRONG> (Thumb, 14 bytes, Stack size 0 bytes, n32g430_flash.o(.text), UNUSED)

<P><STRONG><a name="[22d]"></a>FLASH_ICache_Disable</STRONG> (Thumb, 14 bytes, Stack size 0 bytes, n32g430_flash.o(.text), UNUSED)

<P><STRONG><a name="[22e]"></a>FLASH_ICache_Status_Get</STRONG> (Thumb, 18 bytes, Stack size 0 bytes, n32g430_flash.o(.text), UNUSED)

<P><STRONG><a name="[22f]"></a>FLASH_Cache_LOCK_Start</STRONG> (Thumb, 22 bytes, Stack size 0 bytes, n32g430_flash.o(.text), UNUSED)

<P><STRONG><a name="[230]"></a>FLASH_Cache_LOCK_Stop</STRONG> (Thumb, 12 bytes, Stack size 0 bytes, n32g430_flash.o(.text), UNUSED)

<P><STRONG><a name="[231]"></a>FLASH_Cache_LOCK_Cancel</STRONG> (Thumb, 20 bytes, Stack size 0 bytes, n32g430_flash.o(.text), UNUSED)

<P><STRONG><a name="[232]"></a>FLASH_Cache_LOCK_Status_Get</STRONG> (Thumb, 18 bytes, Stack size 0 bytes, n32g430_flash.o(.text), UNUSED)

<P><STRONG><a name="[1b4]"></a>FLASH_Unlock</STRONG> (Thumb, 12 bytes, Stack size 0 bytes, n32g430_flash.o(.text), UNUSED)
<BR><BR>[Called By]<UL><LI><a href="#[1b0]">&gt;&gt;</a>&nbsp;&nbsp;&nbsp;FlashWriteWords
<LI><a href="#[1b1]">&gt;&gt;</a>&nbsp;&nbsp;&nbsp;FlashEraseSector
</UL>

<P><STRONG><a name="[1b5]"></a>FLASH_Lock</STRONG> (Thumb, 14 bytes, Stack size 0 bytes, n32g430_flash.o(.text), UNUSED)
<BR><BR>[Called By]<UL><LI><a href="#[1b0]">&gt;&gt;</a>&nbsp;&nbsp;&nbsp;FlashWriteWords
<LI><a href="#[1b1]">&gt;&gt;</a>&nbsp;&nbsp;&nbsp;FlashEraseSector
</UL>

<P><STRONG><a name="[7b]"></a>Option_Bytes_Unlock</STRONG> (Thumb, 12 bytes, Stack size 0 bytes, n32g430_flash.o(.text), UNUSED)
<BR><BR>[Called By]<UL><LI><a href="#[82]">&gt;&gt;</a>&nbsp;&nbsp;&nbsp;FLASH_Read_Out_Protection_L2_Enable
<LI><a href="#[81]">&gt;&gt;</a>&nbsp;&nbsp;&nbsp;FLASH_Read_Out_Protection_L1_Disable
<LI><a href="#[80]">&gt;&gt;</a>&nbsp;&nbsp;&nbsp;FLASH_Read_Out_Protection_L1_Enable
<LI><a href="#[7f]">&gt;&gt;</a>&nbsp;&nbsp;&nbsp;FLASH_Option_Bytes_User2_RDP2_Program
<LI><a href="#[7e]">&gt;&gt;</a>&nbsp;&nbsp;&nbsp;FLASH_Write_Protection_Enable
<LI><a href="#[7d]">&gt;&gt;</a>&nbsp;&nbsp;&nbsp;FLASH_Option_Bytes_DATA_Program
<LI><a href="#[7c]">&gt;&gt;</a>&nbsp;&nbsp;&nbsp;FLASH_Option_Bytes_User_RDP1_Program
<LI><a href="#[79]">&gt;&gt;</a>&nbsp;&nbsp;&nbsp;FLASH_Option_Bytes_Erase
</UL>

<P><STRONG><a name="[233]"></a>Option_Bytes_Lock</STRONG> (Thumb, 14 bytes, Stack size 0 bytes, n32g430_flash.o(.text), UNUSED)

<P><STRONG><a name="[234]"></a>Option_Bytes_Lock_Status_Get</STRONG> (Thumb, 18 bytes, Stack size 0 bytes, n32g430_flash.o(.text), UNUSED)

<P><STRONG><a name="[74]"></a>FLASH_Status_Get</STRONG> (Thumb, 48 bytes, Stack size 0 bytes, n32g430_flash.o(.text), UNUSED)
<BR><BR>[Called By]<UL><LI><a href="#[73]">&gt;&gt;</a>&nbsp;&nbsp;&nbsp;FLASH_Last_Operation_Wait
<LI><a href="#[1b0]">&gt;&gt;</a>&nbsp;&nbsp;&nbsp;FlashWriteWords
<LI><a href="#[1b1]">&gt;&gt;</a>&nbsp;&nbsp;&nbsp;FlashEraseSector
</UL>

<P><STRONG><a name="[73]"></a>FLASH_Last_Operation_Wait</STRONG> (Thumb, 38 bytes, Stack size 4 bytes, n32g430_flash.o(.text), UNUSED)
<BR><BR>[Calls]<UL><LI><a href="#[74]">&gt;&gt;</a>&nbsp;&nbsp;&nbsp;FLASH_Status_Get
</UL>
<BR>[Called By]<UL><LI><a href="#[82]">&gt;&gt;</a>&nbsp;&nbsp;&nbsp;FLASH_Read_Out_Protection_L2_Enable
<LI><a href="#[81]">&gt;&gt;</a>&nbsp;&nbsp;&nbsp;FLASH_Read_Out_Protection_L1_Disable
<LI><a href="#[80]">&gt;&gt;</a>&nbsp;&nbsp;&nbsp;FLASH_Read_Out_Protection_L1_Enable
<LI><a href="#[7f]">&gt;&gt;</a>&nbsp;&nbsp;&nbsp;FLASH_Option_Bytes_User2_RDP2_Program
<LI><a href="#[7e]">&gt;&gt;</a>&nbsp;&nbsp;&nbsp;FLASH_Write_Protection_Enable
<LI><a href="#[7d]">&gt;&gt;</a>&nbsp;&nbsp;&nbsp;FLASH_Option_Bytes_DATA_Program
<LI><a href="#[7c]">&gt;&gt;</a>&nbsp;&nbsp;&nbsp;FLASH_Option_Bytes_User_RDP1_Program
<LI><a href="#[79]">&gt;&gt;</a>&nbsp;&nbsp;&nbsp;FLASH_Option_Bytes_Erase
<LI><a href="#[78]">&gt;&gt;</a>&nbsp;&nbsp;&nbsp;FLASH_Word_Program
<LI><a href="#[77]">&gt;&gt;</a>&nbsp;&nbsp;&nbsp;FLASH_Mass_Erase
<LI><a href="#[75]">&gt;&gt;</a>&nbsp;&nbsp;&nbsp;FLASH_One_Page_Erase
</UL>

<P><STRONG><a name="[76]"></a>FLASH_Flag_Status_Clear</STRONG> (Thumb, 12 bytes, Stack size 0 bytes, n32g430_flash.o(.text), UNUSED)
<BR><BR>[Called By]<UL><LI><a href="#[82]">&gt;&gt;</a>&nbsp;&nbsp;&nbsp;FLASH_Read_Out_Protection_L2_Enable
<LI><a href="#[81]">&gt;&gt;</a>&nbsp;&nbsp;&nbsp;FLASH_Read_Out_Protection_L1_Disable
<LI><a href="#[80]">&gt;&gt;</a>&nbsp;&nbsp;&nbsp;FLASH_Read_Out_Protection_L1_Enable
<LI><a href="#[7f]">&gt;&gt;</a>&nbsp;&nbsp;&nbsp;FLASH_Option_Bytes_User2_RDP2_Program
<LI><a href="#[7e]">&gt;&gt;</a>&nbsp;&nbsp;&nbsp;FLASH_Write_Protection_Enable
<LI><a href="#[7d]">&gt;&gt;</a>&nbsp;&nbsp;&nbsp;FLASH_Option_Bytes_DATA_Program
<LI><a href="#[7c]">&gt;&gt;</a>&nbsp;&nbsp;&nbsp;FLASH_Option_Bytes_User_RDP1_Program
<LI><a href="#[79]">&gt;&gt;</a>&nbsp;&nbsp;&nbsp;FLASH_Option_Bytes_Erase
<LI><a href="#[78]">&gt;&gt;</a>&nbsp;&nbsp;&nbsp;FLASH_Word_Program
<LI><a href="#[77]">&gt;&gt;</a>&nbsp;&nbsp;&nbsp;FLASH_Mass_Erase
<LI><a href="#[75]">&gt;&gt;</a>&nbsp;&nbsp;&nbsp;FLASH_One_Page_Erase
</UL>

<P><STRONG><a name="[75]"></a>FLASH_One_Page_Erase</STRONG> (Thumb, 76 bytes, Stack size 12 bytes, n32g430_flash.o(.text), UNUSED)
<BR><BR>[Calls]<UL><LI><a href="#[76]">&gt;&gt;</a>&nbsp;&nbsp;&nbsp;FLASH_Flag_Status_Clear
<LI><a href="#[73]">&gt;&gt;</a>&nbsp;&nbsp;&nbsp;FLASH_Last_Operation_Wait
</UL>
<BR>[Called By]<UL><LI><a href="#[1b1]">&gt;&gt;</a>&nbsp;&nbsp;&nbsp;FlashEraseSector
</UL>

<P><STRONG><a name="[77]"></a>FLASH_Mass_Erase</STRONG> (Thumb, 72 bytes, Stack size 8 bytes, n32g430_flash.o(.text), UNUSED)
<BR><BR>[Calls]<UL><LI><a href="#[76]">&gt;&gt;</a>&nbsp;&nbsp;&nbsp;FLASH_Flag_Status_Clear
<LI><a href="#[73]">&gt;&gt;</a>&nbsp;&nbsp;&nbsp;FLASH_Last_Operation_Wait
</UL>

<P><STRONG><a name="[78]"></a>FLASH_Word_Program</STRONG> (Thumb, 76 bytes, Stack size 16 bytes, n32g430_flash.o(.text), UNUSED)
<BR><BR>[Calls]<UL><LI><a href="#[76]">&gt;&gt;</a>&nbsp;&nbsp;&nbsp;FLASH_Flag_Status_Clear
<LI><a href="#[73]">&gt;&gt;</a>&nbsp;&nbsp;&nbsp;FLASH_Last_Operation_Wait
</UL>
<BR>[Called By]<UL><LI><a href="#[1b0]">&gt;&gt;</a>&nbsp;&nbsp;&nbsp;FlashWriteWords
</UL>

<P><STRONG><a name="[7a]"></a>FLASH_Read_Out_Protection_L2_Status_Get</STRONG> (Thumb, 18 bytes, Stack size 0 bytes, n32g430_flash.o(.text), UNUSED)
<BR><BR>[Called By]<UL><LI><a href="#[82]">&gt;&gt;</a>&nbsp;&nbsp;&nbsp;FLASH_Read_Out_Protection_L2_Enable
<LI><a href="#[81]">&gt;&gt;</a>&nbsp;&nbsp;&nbsp;FLASH_Read_Out_Protection_L1_Disable
<LI><a href="#[80]">&gt;&gt;</a>&nbsp;&nbsp;&nbsp;FLASH_Read_Out_Protection_L1_Enable
<LI><a href="#[7f]">&gt;&gt;</a>&nbsp;&nbsp;&nbsp;FLASH_Option_Bytes_User2_RDP2_Program
<LI><a href="#[7e]">&gt;&gt;</a>&nbsp;&nbsp;&nbsp;FLASH_Write_Protection_Enable
<LI><a href="#[7d]">&gt;&gt;</a>&nbsp;&nbsp;&nbsp;FLASH_Option_Bytes_DATA_Program
<LI><a href="#[7c]">&gt;&gt;</a>&nbsp;&nbsp;&nbsp;FLASH_Option_Bytes_User_RDP1_Program
<LI><a href="#[79]">&gt;&gt;</a>&nbsp;&nbsp;&nbsp;FLASH_Option_Bytes_Erase
</UL>

<P><STRONG><a name="[79]"></a>FLASH_Option_Bytes_Erase</STRONG> (Thumb, 114 bytes, Stack size 8 bytes, n32g430_flash.o(.text), UNUSED)
<BR><BR>[Calls]<UL><LI><a href="#[7a]">&gt;&gt;</a>&nbsp;&nbsp;&nbsp;FLASH_Read_Out_Protection_L2_Status_Get
<LI><a href="#[76]">&gt;&gt;</a>&nbsp;&nbsp;&nbsp;FLASH_Flag_Status_Clear
<LI><a href="#[73]">&gt;&gt;</a>&nbsp;&nbsp;&nbsp;FLASH_Last_Operation_Wait
<LI><a href="#[7b]">&gt;&gt;</a>&nbsp;&nbsp;&nbsp;Option_Bytes_Unlock
</UL>

<P><STRONG><a name="[7c]"></a>FLASH_Option_Bytes_User_RDP1_Program</STRONG> (Thumb, 130 bytes, Stack size 36 bytes, n32g430_flash.o(.text), UNUSED)
<BR><BR>[Calls]<UL><LI><a href="#[7a]">&gt;&gt;</a>&nbsp;&nbsp;&nbsp;FLASH_Read_Out_Protection_L2_Status_Get
<LI><a href="#[76]">&gt;&gt;</a>&nbsp;&nbsp;&nbsp;FLASH_Flag_Status_Clear
<LI><a href="#[73]">&gt;&gt;</a>&nbsp;&nbsp;&nbsp;FLASH_Last_Operation_Wait
<LI><a href="#[7b]">&gt;&gt;</a>&nbsp;&nbsp;&nbsp;Option_Bytes_Unlock
</UL>

<P><STRONG><a name="[7d]"></a>FLASH_Option_Bytes_DATA_Program</STRONG> (Thumb, 90 bytes, Stack size 16 bytes, n32g430_flash.o(.text), UNUSED)
<BR><BR>[Calls]<UL><LI><a href="#[7a]">&gt;&gt;</a>&nbsp;&nbsp;&nbsp;FLASH_Read_Out_Protection_L2_Status_Get
<LI><a href="#[76]">&gt;&gt;</a>&nbsp;&nbsp;&nbsp;FLASH_Flag_Status_Clear
<LI><a href="#[73]">&gt;&gt;</a>&nbsp;&nbsp;&nbsp;FLASH_Last_Operation_Wait
<LI><a href="#[7b]">&gt;&gt;</a>&nbsp;&nbsp;&nbsp;Option_Bytes_Unlock
</UL>

<P><STRONG><a name="[7e]"></a>FLASH_Write_Protection_Enable</STRONG> (Thumb, 134 bytes, Stack size 20 bytes, n32g430_flash.o(.text), UNUSED)
<BR><BR>[Calls]<UL><LI><a href="#[7a]">&gt;&gt;</a>&nbsp;&nbsp;&nbsp;FLASH_Read_Out_Protection_L2_Status_Get
<LI><a href="#[76]">&gt;&gt;</a>&nbsp;&nbsp;&nbsp;FLASH_Flag_Status_Clear
<LI><a href="#[73]">&gt;&gt;</a>&nbsp;&nbsp;&nbsp;FLASH_Last_Operation_Wait
<LI><a href="#[7b]">&gt;&gt;</a>&nbsp;&nbsp;&nbsp;Option_Bytes_Unlock
</UL>

<P><STRONG><a name="[7f]"></a>FLASH_Option_Bytes_User2_RDP2_Program</STRONG> (Thumb, 106 bytes, Stack size 24 bytes, n32g430_flash.o(.text), UNUSED)
<BR><BR>[Calls]<UL><LI><a href="#[7a]">&gt;&gt;</a>&nbsp;&nbsp;&nbsp;FLASH_Read_Out_Protection_L2_Status_Get
<LI><a href="#[76]">&gt;&gt;</a>&nbsp;&nbsp;&nbsp;FLASH_Flag_Status_Clear
<LI><a href="#[73]">&gt;&gt;</a>&nbsp;&nbsp;&nbsp;FLASH_Last_Operation_Wait
<LI><a href="#[7b]">&gt;&gt;</a>&nbsp;&nbsp;&nbsp;Option_Bytes_Unlock
</UL>

<P><STRONG><a name="[80]"></a>FLASH_Read_Out_Protection_L1_Enable</STRONG> (Thumb, 170 bytes, Stack size 12 bytes, n32g430_flash.o(.text), UNUSED)
<BR><BR>[Calls]<UL><LI><a href="#[7a]">&gt;&gt;</a>&nbsp;&nbsp;&nbsp;FLASH_Read_Out_Protection_L2_Status_Get
<LI><a href="#[76]">&gt;&gt;</a>&nbsp;&nbsp;&nbsp;FLASH_Flag_Status_Clear
<LI><a href="#[73]">&gt;&gt;</a>&nbsp;&nbsp;&nbsp;FLASH_Last_Operation_Wait
<LI><a href="#[7b]">&gt;&gt;</a>&nbsp;&nbsp;&nbsp;Option_Bytes_Unlock
</UL>

<P><STRONG><a name="[81]"></a>FLASH_Read_Out_Protection_L1_Disable</STRONG> (Thumb, 170 bytes, Stack size 12 bytes, n32g430_flash.o(.text), UNUSED)
<BR><BR>[Calls]<UL><LI><a href="#[7a]">&gt;&gt;</a>&nbsp;&nbsp;&nbsp;FLASH_Read_Out_Protection_L2_Status_Get
<LI><a href="#[76]">&gt;&gt;</a>&nbsp;&nbsp;&nbsp;FLASH_Flag_Status_Clear
<LI><a href="#[73]">&gt;&gt;</a>&nbsp;&nbsp;&nbsp;FLASH_Last_Operation_Wait
<LI><a href="#[7b]">&gt;&gt;</a>&nbsp;&nbsp;&nbsp;Option_Bytes_Unlock
</UL>

<P><STRONG><a name="[83]"></a>FLASH_Read_Out_Protection_Status_Get</STRONG> (Thumb, 18 bytes, Stack size 0 bytes, n32g430_flash.o(.text), UNUSED)
<BR><BR>[Called By]<UL><LI><a href="#[82]">&gt;&gt;</a>&nbsp;&nbsp;&nbsp;FLASH_Read_Out_Protection_L2_Enable
</UL>

<P><STRONG><a name="[82]"></a>FLASH_Read_Out_Protection_L2_Enable</STRONG> (Thumb, 202 bytes, Stack size 12 bytes, n32g430_flash.o(.text), UNUSED)
<BR><BR>[Calls]<UL><LI><a href="#[83]">&gt;&gt;</a>&nbsp;&nbsp;&nbsp;FLASH_Read_Out_Protection_Status_Get
<LI><a href="#[7a]">&gt;&gt;</a>&nbsp;&nbsp;&nbsp;FLASH_Read_Out_Protection_L2_Status_Get
<LI><a href="#[76]">&gt;&gt;</a>&nbsp;&nbsp;&nbsp;FLASH_Flag_Status_Clear
<LI><a href="#[73]">&gt;&gt;</a>&nbsp;&nbsp;&nbsp;FLASH_Last_Operation_Wait
<LI><a href="#[7b]">&gt;&gt;</a>&nbsp;&nbsp;&nbsp;Option_Bytes_Unlock
</UL>

<P><STRONG><a name="[235]"></a>FLASH_Option_Bytes_User_Get</STRONG> (Thumb, 8 bytes, Stack size 0 bytes, n32g430_flash.o(.text), UNUSED)

<P><STRONG><a name="[236]"></a>FLASH_Option_Bytes2_User_Get</STRONG> (Thumb, 18 bytes, Stack size 0 bytes, n32g430_flash.o(.text), UNUSED)

<P><STRONG><a name="[237]"></a>FLASH_Option_Bytes_Data0_Get</STRONG> (Thumb, 10 bytes, Stack size 0 bytes, n32g430_flash.o(.text), UNUSED)

<P><STRONG><a name="[238]"></a>FLASH_Option_Bytes_Data1_Get</STRONG> (Thumb, 10 bytes, Stack size 0 bytes, n32g430_flash.o(.text), UNUSED)

<P><STRONG><a name="[239]"></a>FLASH_Option_Bytes_Write_Protection_Get</STRONG> (Thumb, 6 bytes, Stack size 0 bytes, n32g430_flash.o(.text), UNUSED)

<P><STRONG><a name="[23a]"></a>FLASH_Prefetch_Buffer_Status_Get</STRONG> (Thumb, 18 bytes, Stack size 0 bytes, n32g430_flash.o(.text), UNUSED)

<P><STRONG><a name="[23b]"></a>FLASH_Interrupt_Enable</STRONG> (Thumb, 12 bytes, Stack size 0 bytes, n32g430_flash.o(.text), UNUSED)

<P><STRONG><a name="[23c]"></a>FLASH_Interrupt_Disable</STRONG> (Thumb, 12 bytes, Stack size 0 bytes, n32g430_flash.o(.text), UNUSED)

<P><STRONG><a name="[23d]"></a>FLASH_Flag_Status_Get</STRONG> (Thumb, 18 bytes, Stack size 0 bytes, n32g430_flash.o(.text), UNUSED)

<P><STRONG><a name="[23e]"></a>FLASH_Option_Bytes_Flag_Get</STRONG> (Thumb, 18 bytes, Stack size 0 bytes, n32g430_flash.o(.text), UNUSED)

<P><STRONG><a name="[84]"></a>GPIO_Reset</STRONG> (Thumb, 66 bytes, Stack size 8 bytes, n32g430_gpio.o(.text), UNUSED)
<BR><BR>[Calls]<UL><LI><a href="#[4a]">&gt;&gt;</a>&nbsp;&nbsp;&nbsp;RCC_AHB_Peripheral_Reset
</UL>

<P><STRONG><a name="[86]"></a>GPIOA_Pin_Reset</STRONG> (Thumb, 256 bytes, Stack size 12 bytes, n32g430_gpio.o(.text), UNUSED)
<BR><BR>[Called By]<UL><LI><a href="#[85]">&gt;&gt;</a>&nbsp;&nbsp;&nbsp;GPIO_ALLPin_Reset
</UL>

<P><STRONG><a name="[87]"></a>GPIOB_Pin_Reset</STRONG> (Thumb, 230 bytes, Stack size 12 bytes, n32g430_gpio.o(.text), UNUSED)
<BR><BR>[Called By]<UL><LI><a href="#[85]">&gt;&gt;</a>&nbsp;&nbsp;&nbsp;GPIO_ALLPin_Reset
</UL>

<P><STRONG><a name="[88]"></a>GPIOC_Pin_Reset</STRONG> (Thumb, 144 bytes, Stack size 12 bytes, n32g430_gpio.o(.text), UNUSED)
<BR><BR>[Called By]<UL><LI><a href="#[85]">&gt;&gt;</a>&nbsp;&nbsp;&nbsp;GPIO_ALLPin_Reset
</UL>

<P><STRONG><a name="[89]"></a>GPIOD_Pin_Reset</STRONG> (Thumb, 194 bytes, Stack size 12 bytes, n32g430_gpio.o(.text), UNUSED)
<BR><BR>[Called By]<UL><LI><a href="#[85]">&gt;&gt;</a>&nbsp;&nbsp;&nbsp;GPIO_ALLPin_Reset
</UL>

<P><STRONG><a name="[23f]"></a>AFIO_EXTI_Reset</STRONG> (Thumb, 62 bytes, Stack size 16 bytes, n32g430_gpio.o(.text), UNUSED)

<P><STRONG><a name="[85]"></a>GPIO_ALLPin_Reset</STRONG> (Thumb, 36 bytes, Stack size 4 bytes, n32g430_gpio.o(.text), UNUSED)
<BR><BR>[Calls]<UL><LI><a href="#[89]">&gt;&gt;</a>&nbsp;&nbsp;&nbsp;GPIOD_Pin_Reset
<LI><a href="#[88]">&gt;&gt;</a>&nbsp;&nbsp;&nbsp;GPIOC_Pin_Reset
<LI><a href="#[87]">&gt;&gt;</a>&nbsp;&nbsp;&nbsp;GPIOB_Pin_Reset
<LI><a href="#[86]">&gt;&gt;</a>&nbsp;&nbsp;&nbsp;GPIOA_Pin_Reset
</UL>

<P><STRONG><a name="[8b]"></a>GPIO_Alternate_Set</STRONG> (Thumb, 86 bytes, Stack size 12 bytes, n32g430_gpio.o(.text))
<BR><BR>[Stack]<UL><LI>Max Depth = 12<LI>Call Chain = GPIO_Alternate_Set
</UL>
<BR>[Called By]<UL><LI><a href="#[8a]">&gt;&gt;</a>&nbsp;&nbsp;&nbsp;GPIO_Peripheral_Initialize
</UL>

<P><STRONG><a name="[8c]"></a>GPIO_Mode_Set</STRONG> (Thumb, 68 bytes, Stack size 16 bytes, n32g430_gpio.o(.text))
<BR><BR>[Stack]<UL><LI>Max Depth = 16<LI>Call Chain = GPIO_Mode_Set
</UL>
<BR>[Called By]<UL><LI><a href="#[8a]">&gt;&gt;</a>&nbsp;&nbsp;&nbsp;GPIO_Peripheral_Initialize
</UL>

<P><STRONG><a name="[8d]"></a>GPIO_Pull_Set</STRONG> (Thumb, 28 bytes, Stack size 12 bytes, n32g430_gpio.o(.text))
<BR><BR>[Stack]<UL><LI>Max Depth = 12<LI>Call Chain = GPIO_Pull_Set
</UL>
<BR>[Called By]<UL><LI><a href="#[8a]">&gt;&gt;</a>&nbsp;&nbsp;&nbsp;GPIO_Peripheral_Initialize
</UL>

<P><STRONG><a name="[8e]"></a>GPIO_SlewRate_Set</STRONG> (Thumb, 24 bytes, Stack size 8 bytes, n32g430_gpio.o(.text))
<BR><BR>[Stack]<UL><LI>Max Depth = 8<LI>Call Chain = GPIO_SlewRate_Set
</UL>
<BR>[Called By]<UL><LI><a href="#[8a]">&gt;&gt;</a>&nbsp;&nbsp;&nbsp;GPIO_Peripheral_Initialize
</UL>

<P><STRONG><a name="[8f]"></a>GPIO_Driver_Set</STRONG> (Thumb, 28 bytes, Stack size 12 bytes, n32g430_gpio.o(.text))
<BR><BR>[Stack]<UL><LI>Max Depth = 12<LI>Call Chain = GPIO_Driver_Set
</UL>
<BR>[Called By]<UL><LI><a href="#[8a]">&gt;&gt;</a>&nbsp;&nbsp;&nbsp;GPIO_Peripheral_Initialize
</UL>

<P><STRONG><a name="[8a]"></a>GPIO_Peripheral_Initialize</STRONG> (Thumb, 86 bytes, Stack size 20 bytes, n32g430_gpio.o(.text))
<BR><BR>[Stack]<UL><LI>Max Depth = 36<LI>Call Chain = GPIO_Peripheral_Initialize &rArr; GPIO_Mode_Set
</UL>
<BR>[Calls]<UL><LI><a href="#[8f]">&gt;&gt;</a>&nbsp;&nbsp;&nbsp;GPIO_Driver_Set
<LI><a href="#[8e]">&gt;&gt;</a>&nbsp;&nbsp;&nbsp;GPIO_SlewRate_Set
<LI><a href="#[8d]">&gt;&gt;</a>&nbsp;&nbsp;&nbsp;GPIO_Pull_Set
<LI><a href="#[8c]">&gt;&gt;</a>&nbsp;&nbsp;&nbsp;GPIO_Mode_Set
<LI><a href="#[8b]">&gt;&gt;</a>&nbsp;&nbsp;&nbsp;GPIO_Alternate_Set
</UL>
<BR>[Called By]<UL><LI><a href="#[197]">&gt;&gt;</a>&nbsp;&nbsp;&nbsp;TIME2_Init
<LI><a href="#[195]">&gt;&gt;</a>&nbsp;&nbsp;&nbsp;TIME3_Init
<LI><a href="#[194]">&gt;&gt;</a>&nbsp;&nbsp;&nbsp;TIME4_Init
<LI><a href="#[17d]">&gt;&gt;</a>&nbsp;&nbsp;&nbsp;Usart1_Init
<LI><a href="#[16c]">&gt;&gt;</a>&nbsp;&nbsp;&nbsp;GPIO_ExtiInit
<LI><a href="#[16b]">&gt;&gt;</a>&nbsp;&nbsp;&nbsp;GPIO_Configuration
<LI><a href="#[141]">&gt;&gt;</a>&nbsp;&nbsp;&nbsp;SPI2_Init
<LI><a href="#[125]">&gt;&gt;</a>&nbsp;&nbsp;&nbsp;ADC_Init
</UL>

<P><STRONG><a name="[90]"></a>GPIO_Alternate_Function_Reset</STRONG> (Thumb, 10 bytes, Stack size 8 bytes, n32g430_gpio.o(.text), UNUSED)
<BR><BR>[Calls]<UL><LI><a href="#[91]">&gt;&gt;</a>&nbsp;&nbsp;&nbsp;RCC_APB2_Peripheral_Reset
</UL>

<P><STRONG><a name="[128]"></a>GPIO_Structure_Initialize</STRONG> (Thumb, 24 bytes, Stack size 0 bytes, n32g430_gpio.o(.text))
<BR><BR>[Called By]<UL><LI><a href="#[197]">&gt;&gt;</a>&nbsp;&nbsp;&nbsp;TIME2_Init
<LI><a href="#[195]">&gt;&gt;</a>&nbsp;&nbsp;&nbsp;TIME3_Init
<LI><a href="#[194]">&gt;&gt;</a>&nbsp;&nbsp;&nbsp;TIME4_Init
<LI><a href="#[17d]">&gt;&gt;</a>&nbsp;&nbsp;&nbsp;Usart1_Init
<LI><a href="#[16c]">&gt;&gt;</a>&nbsp;&nbsp;&nbsp;GPIO_ExtiInit
<LI><a href="#[16b]">&gt;&gt;</a>&nbsp;&nbsp;&nbsp;GPIO_Configuration
<LI><a href="#[141]">&gt;&gt;</a>&nbsp;&nbsp;&nbsp;SPI2_Init
<LI><a href="#[125]">&gt;&gt;</a>&nbsp;&nbsp;&nbsp;ADC_Init
</UL>

<P><STRONG><a name="[240]"></a>GPIO_Input_Pin_Data_Get</STRONG> (Thumb, 16 bytes, Stack size 0 bytes, n32g430_gpio.o(.text), UNUSED)

<P><STRONG><a name="[241]"></a>GPIO_Input_Data_Get</STRONG> (Thumb, 8 bytes, Stack size 0 bytes, n32g430_gpio.o(.text), UNUSED)

<P><STRONG><a name="[242]"></a>GPIO_Output_Pin_Data_Get</STRONG> (Thumb, 16 bytes, Stack size 0 bytes, n32g430_gpio.o(.text), UNUSED)

<P><STRONG><a name="[243]"></a>GPIO_Output_Data_Get</STRONG> (Thumb, 8 bytes, Stack size 0 bytes, n32g430_gpio.o(.text), UNUSED)

<P><STRONG><a name="[147]"></a>GPIO_Pins_Set</STRONG> (Thumb, 4 bytes, Stack size 0 bytes, n32g430_gpio.o(.text))
<BR><BR>[Called By]<UL><LI><a href="#[16b]">&gt;&gt;</a>&nbsp;&nbsp;&nbsp;GPIO_Configuration
<LI><a href="#[148]">&gt;&gt;</a>&nbsp;&nbsp;&nbsp;Send_AddrInc
<LI><a href="#[141]">&gt;&gt;</a>&nbsp;&nbsp;&nbsp;SPI2_Init
</UL>

<P><STRONG><a name="[149]"></a>GPIO_Pins_Reset</STRONG> (Thumb, 4 bytes, Stack size 0 bytes, n32g430_gpio.o(.text))
<BR><BR>[Called By]<UL><LI><a href="#[148]">&gt;&gt;</a>&nbsp;&nbsp;&nbsp;Send_AddrInc
</UL>

<P><STRONG><a name="[244]"></a>GPIO_PBSC_Pins_Reset</STRONG> (Thumb, 8 bytes, Stack size 0 bytes, n32g430_gpio.o(.text), UNUSED)

<P><STRONG><a name="[245]"></a>GPIO_PBC_Pins_Reset</STRONG> (Thumb, 4 bytes, Stack size 0 bytes, n32g430_gpio.o(.text), UNUSED)

<P><STRONG><a name="[246]"></a>GPIO_Write</STRONG> (Thumb, 4 bytes, Stack size 0 bytes, n32g430_gpio.o(.text), UNUSED)

<P><STRONG><a name="[247]"></a>GPIO_Pin_Toggle</STRONG> (Thumb, 8 bytes, Stack size 0 bytes, n32g430_gpio.o(.text), UNUSED)

<P><STRONG><a name="[248]"></a>GPIO_Pin_Lock_Set</STRONG> (Thumb, 18 bytes, Stack size 0 bytes, n32g430_gpio.o(.text), UNUSED)

<P><STRONG><a name="[249]"></a>GPIO_Pin_Remap_Set</STRONG> (Thumb, 94 bytes, Stack size 20 bytes, n32g430_gpio.o(.text), UNUSED)

<P><STRONG><a name="[16d]"></a>GPIO_EXTI_Line_Set</STRONG> (Thumb, 56 bytes, Stack size 8 bytes, n32g430_gpio.o(.text), UNUSED)
<BR><BR>[Called By]<UL><LI><a href="#[194]">&gt;&gt;</a>&nbsp;&nbsp;&nbsp;TIME4_Init
<LI><a href="#[16c]">&gt;&gt;</a>&nbsp;&nbsp;&nbsp;GPIO_ExtiInit
</UL>

<P><STRONG><a name="[24a]"></a>AFIO_SPI_NSS_Mode_Set</STRONG> (Thumb, 30 bytes, Stack size 0 bytes, n32g430_gpio.o(.text), UNUSED)

<P><STRONG><a name="[24b]"></a>AFIO_ADC_External_Trigger_Remap_Set</STRONG> (Thumb, 82 bytes, Stack size 0 bytes, n32g430_gpio.o(.text), UNUSED)

<P><STRONG><a name="[24c]"></a>AFIO_5V_Tolerance_Enable</STRONG> (Thumb, 16 bytes, Stack size 0 bytes, n32g430_gpio.o(.text), UNUSED)

<P><STRONG><a name="[24d]"></a>AFIO_5V_Tolerance_Disable</STRONG> (Thumb, 16 bytes, Stack size 0 bytes, n32g430_gpio.o(.text), UNUSED)

<P><STRONG><a name="[24e]"></a>AFIO_Filter_Stage_Ctrl</STRONG> (Thumb, 8 bytes, Stack size 0 bytes, n32g430_gpio.o(.text), UNUSED)

<P><STRONG><a name="[24f]"></a>AFIO_EFT_Enable</STRONG> (Thumb, 130 bytes, Stack size 8 bytes, n32g430_gpio.o(.text), UNUSED)

<P><STRONG><a name="[250]"></a>AFIO_EFT_Disable</STRONG> (Thumb, 130 bytes, Stack size 8 bytes, n32g430_gpio.o(.text), UNUSED)

<P><STRONG><a name="[251]"></a>AFIO_Digital_EFT_Enable</STRONG> (Thumb, 130 bytes, Stack size 8 bytes, n32g430_gpio.o(.text), UNUSED)

<P><STRONG><a name="[252]"></a>AFIO_Digital_EFT_Disable</STRONG> (Thumb, 130 bytes, Stack size 8 bytes, n32g430_gpio.o(.text), UNUSED)

<P><STRONG><a name="[159]"></a>RCC_Reset</STRONG> (Thumb, 74 bytes, Stack size 0 bytes, n32g430_rcc.o(.text))
<BR><BR>[Called By]<UL><LI><a href="#[164]">&gt;&gt;</a>&nbsp;&nbsp;&nbsp;SetSysClockToPLL
<LI><a href="#[162]">&gt;&gt;</a>&nbsp;&nbsp;&nbsp;SetSysClockToHSE
<LI><a href="#[158]">&gt;&gt;</a>&nbsp;&nbsp;&nbsp;SetSysClockToHSI
</UL>

<P><STRONG><a name="[163]"></a>RCC_HSE_Config</STRONG> (Thumb, 60 bytes, Stack size 0 bytes, n32g430_rcc.o(.text))
<BR><BR>[Called By]<UL><LI><a href="#[19b]">&gt;&gt;</a>&nbsp;&nbsp;&nbsp;RTC_CLKSource_Config
<LI><a href="#[164]">&gt;&gt;</a>&nbsp;&nbsp;&nbsp;SetSysClockToPLL
<LI><a href="#[162]">&gt;&gt;</a>&nbsp;&nbsp;&nbsp;SetSysClockToHSE
</UL>

<P><STRONG><a name="[94]"></a>RCC_Flag_Status_Get</STRONG> (Thumb, 58 bytes, Stack size 0 bytes, n32g430_rcc.o(.text))
<BR><BR>[Called By]<UL><LI><a href="#[9a]">&gt;&gt;</a>&nbsp;&nbsp;&nbsp;RCC_LSI_Stable_Wait
<LI><a href="#[99]">&gt;&gt;</a>&nbsp;&nbsp;&nbsp;RCC_LSE_Stable_Wait
<LI><a href="#[95]">&gt;&gt;</a>&nbsp;&nbsp;&nbsp;RCC_HSI_Stable_Wait
<LI><a href="#[92]">&gt;&gt;</a>&nbsp;&nbsp;&nbsp;RCC_HSE_Stable_Wait
<LI><a href="#[19b]">&gt;&gt;</a>&nbsp;&nbsp;&nbsp;RTC_CLKSource_Config
</UL>

<P><STRONG><a name="[93]"></a>RCC_Clocks_Frequencies_Value_Get</STRONG> (Thumb, 250 bytes, Stack size 20 bytes, n32g430_rcc.o(.text))
<BR><BR>[Stack]<UL><LI>Max Depth = 20<LI>Call Chain = RCC_Clocks_Frequencies_Value_Get
</UL>
<BR>[Called By]<UL><LI><a href="#[b1]">&gt;&gt;</a>&nbsp;&nbsp;&nbsp;USART_Baud_Rate_Config
<LI><a href="#[a7]">&gt;&gt;</a>&nbsp;&nbsp;&nbsp;I2S_AudioFrequency_Config
<LI><a href="#[9a]">&gt;&gt;</a>&nbsp;&nbsp;&nbsp;RCC_LSI_Stable_Wait
<LI><a href="#[99]">&gt;&gt;</a>&nbsp;&nbsp;&nbsp;RCC_LSE_Stable_Wait
<LI><a href="#[95]">&gt;&gt;</a>&nbsp;&nbsp;&nbsp;RCC_HSI_Stable_Wait
<LI><a href="#[92]">&gt;&gt;</a>&nbsp;&nbsp;&nbsp;RCC_HSE_Stable_Wait
<LI><a href="#[18e]">&gt;&gt;</a>&nbsp;&nbsp;&nbsp;Common_BSTIM_RCC_Initialize
<LI><a href="#[17f]">&gt;&gt;</a>&nbsp;&nbsp;&nbsp;PrintfClockInfo
</UL>

<P><STRONG><a name="[92]"></a>RCC_HSE_Stable_Wait</STRONG> (Thumb, 78 bytes, Stack size 40 bytes, n32g430_rcc.o(.text))
<BR><BR>[Stack]<UL><LI>Max Depth = 60<LI>Call Chain = RCC_HSE_Stable_Wait &rArr; RCC_Clocks_Frequencies_Value_Get
</UL>
<BR>[Calls]<UL><LI><a href="#[93]">&gt;&gt;</a>&nbsp;&nbsp;&nbsp;RCC_Clocks_Frequencies_Value_Get
<LI><a href="#[94]">&gt;&gt;</a>&nbsp;&nbsp;&nbsp;RCC_Flag_Status_Get
</UL>
<BR>[Called By]<UL><LI><a href="#[19b]">&gt;&gt;</a>&nbsp;&nbsp;&nbsp;RTC_CLKSource_Config
<LI><a href="#[164]">&gt;&gt;</a>&nbsp;&nbsp;&nbsp;SetSysClockToPLL
<LI><a href="#[162]">&gt;&gt;</a>&nbsp;&nbsp;&nbsp;SetSysClockToHSE
</UL>

<P><STRONG><a name="[16a]"></a>RCC_Clock_Security_System_Enable</STRONG> (Thumb, 8 bytes, Stack size 0 bytes, n32g430_rcc.o(.text))
<BR><BR>[Called By]<UL><LI><a href="#[169]">&gt;&gt;</a>&nbsp;&nbsp;&nbsp;RCC_Configuration
</UL>

<P><STRONG><a name="[253]"></a>RCC_Clock_Security_System_Disable</STRONG> (Thumb, 8 bytes, Stack size 0 bytes, n32g430_rcc.o(.text), UNUSED)

<P><STRONG><a name="[254]"></a>RCC_HSI_Calibration_Value_Set</STRONG> (Thumb, 20 bytes, Stack size 0 bytes, n32g430_rcc.o(.text), UNUSED)

<P><STRONG><a name="[15a]"></a>RCC_HSI_Enable</STRONG> (Thumb, 8 bytes, Stack size 0 bytes, n32g430_rcc.o(.text))
<BR><BR>[Called By]<UL><LI><a href="#[164]">&gt;&gt;</a>&nbsp;&nbsp;&nbsp;SetSysClockToPLL
<LI><a href="#[158]">&gt;&gt;</a>&nbsp;&nbsp;&nbsp;SetSysClockToHSI
</UL>

<P><STRONG><a name="[255]"></a>RCC_HSI_Disable</STRONG> (Thumb, 8 bytes, Stack size 0 bytes, n32g430_rcc.o(.text), UNUSED)

<P><STRONG><a name="[95]"></a>RCC_HSI_Stable_Wait</STRONG> (Thumb, 78 bytes, Stack size 40 bytes, n32g430_rcc.o(.text))
<BR><BR>[Stack]<UL><LI>Max Depth = 60<LI>Call Chain = RCC_HSI_Stable_Wait &rArr; RCC_Clocks_Frequencies_Value_Get
</UL>
<BR>[Calls]<UL><LI><a href="#[93]">&gt;&gt;</a>&nbsp;&nbsp;&nbsp;RCC_Clocks_Frequencies_Value_Get
<LI><a href="#[94]">&gt;&gt;</a>&nbsp;&nbsp;&nbsp;RCC_Flag_Status_Get
</UL>
<BR>[Called By]<UL><LI><a href="#[164]">&gt;&gt;</a>&nbsp;&nbsp;&nbsp;SetSysClockToPLL
<LI><a href="#[158]">&gt;&gt;</a>&nbsp;&nbsp;&nbsp;SetSysClockToHSI
</UL>

<P><STRONG><a name="[165]"></a>RCC_PLL_Config</STRONG> (Thumb, 46 bytes, Stack size 8 bytes, n32g430_rcc.o(.text))
<BR><BR>[Stack]<UL><LI>Max Depth = 8<LI>Call Chain = RCC_PLL_Config
</UL>
<BR>[Called By]<UL><LI><a href="#[164]">&gt;&gt;</a>&nbsp;&nbsp;&nbsp;SetSysClockToPLL
</UL>

<P><STRONG><a name="[166]"></a>RCC_PLL_Enable</STRONG> (Thumb, 8 bytes, Stack size 0 bytes, n32g430_rcc.o(.text))
<BR><BR>[Called By]<UL><LI><a href="#[164]">&gt;&gt;</a>&nbsp;&nbsp;&nbsp;SetSysClockToPLL
</UL>

<P><STRONG><a name="[256]"></a>RCC_PLL_Disable</STRONG> (Thumb, 8 bytes, Stack size 0 bytes, n32g430_rcc.o(.text), UNUSED)

<P><STRONG><a name="[160]"></a>RCC_Sysclk_Config</STRONG> (Thumb, 18 bytes, Stack size 0 bytes, n32g430_rcc.o(.text))
<BR><BR>[Called By]<UL><LI><a href="#[164]">&gt;&gt;</a>&nbsp;&nbsp;&nbsp;SetSysClockToPLL
<LI><a href="#[162]">&gt;&gt;</a>&nbsp;&nbsp;&nbsp;SetSysClockToHSE
<LI><a href="#[158]">&gt;&gt;</a>&nbsp;&nbsp;&nbsp;SetSysClockToHSI
</UL>

<P><STRONG><a name="[161]"></a>RCC_Sysclk_Source_Get</STRONG> (Thumb, 10 bytes, Stack size 0 bytes, n32g430_rcc.o(.text))
<BR><BR>[Called By]<UL><LI><a href="#[164]">&gt;&gt;</a>&nbsp;&nbsp;&nbsp;SetSysClockToPLL
<LI><a href="#[162]">&gt;&gt;</a>&nbsp;&nbsp;&nbsp;SetSysClockToHSE
<LI><a href="#[158]">&gt;&gt;</a>&nbsp;&nbsp;&nbsp;SetSysClockToHSI
</UL>

<P><STRONG><a name="[15d]"></a>RCC_Hclk_Config</STRONG> (Thumb, 18 bytes, Stack size 0 bytes, n32g430_rcc.o(.text))
<BR><BR>[Called By]<UL><LI><a href="#[164]">&gt;&gt;</a>&nbsp;&nbsp;&nbsp;SetSysClockToPLL
<LI><a href="#[162]">&gt;&gt;</a>&nbsp;&nbsp;&nbsp;SetSysClockToHSE
<LI><a href="#[158]">&gt;&gt;</a>&nbsp;&nbsp;&nbsp;SetSysClockToHSI
</UL>

<P><STRONG><a name="[15f]"></a>RCC_Pclk1_Config</STRONG> (Thumb, 18 bytes, Stack size 0 bytes, n32g430_rcc.o(.text))
<BR><BR>[Called By]<UL><LI><a href="#[18e]">&gt;&gt;</a>&nbsp;&nbsp;&nbsp;Common_BSTIM_RCC_Initialize
<LI><a href="#[164]">&gt;&gt;</a>&nbsp;&nbsp;&nbsp;SetSysClockToPLL
<LI><a href="#[162]">&gt;&gt;</a>&nbsp;&nbsp;&nbsp;SetSysClockToHSE
<LI><a href="#[158]">&gt;&gt;</a>&nbsp;&nbsp;&nbsp;SetSysClockToHSI
</UL>

<P><STRONG><a name="[15e]"></a>RCC_Pclk2_Config</STRONG> (Thumb, 20 bytes, Stack size 0 bytes, n32g430_rcc.o(.text))
<BR><BR>[Called By]<UL><LI><a href="#[169]">&gt;&gt;</a>&nbsp;&nbsp;&nbsp;RCC_Configuration
<LI><a href="#[164]">&gt;&gt;</a>&nbsp;&nbsp;&nbsp;SetSysClockToPLL
<LI><a href="#[162]">&gt;&gt;</a>&nbsp;&nbsp;&nbsp;SetSysClockToHSE
<LI><a href="#[158]">&gt;&gt;</a>&nbsp;&nbsp;&nbsp;SetSysClockToHSI
</UL>

<P><STRONG><a name="[257]"></a>RCC_Interrupt_Enable</STRONG> (Thumb, 12 bytes, Stack size 0 bytes, n32g430_rcc.o(.text), UNUSED)

<P><STRONG><a name="[258]"></a>RCC_Interrupt_Disable</STRONG> (Thumb, 12 bytes, Stack size 0 bytes, n32g430_rcc.o(.text), UNUSED)

<P><STRONG><a name="[259]"></a>RCC_TIM1_8_Clock_Config</STRONG> (Thumb, 18 bytes, Stack size 0 bytes, n32g430_rcc.o(.text), UNUSED)

<P><STRONG><a name="[127]"></a>RCC_ADC_1M_Clock_Config</STRONG> (Thumb, 24 bytes, Stack size 0 bytes, n32g430_rcc.o(.text))
<BR><BR>[Called By]<UL><LI><a href="#[125]">&gt;&gt;</a>&nbsp;&nbsp;&nbsp;ADC_Init
</UL>

<P><STRONG><a name="[66]"></a>RCC_ADC_PLL_Clock_Prescaler_Enable</STRONG> (Thumb, 18 bytes, Stack size 0 bytes, n32g430_rcc.o(.text))
<BR><BR>[Called By]<UL><LI><a href="#[62]">&gt;&gt;</a>&nbsp;&nbsp;&nbsp;ADC_Clock_Mode_Config
</UL>

<P><STRONG><a name="[64]"></a>RCC_ADC_PLL_Clock_Disable</STRONG> (Thumb, 14 bytes, Stack size 0 bytes, n32g430_rcc.o(.text))
<BR><BR>[Called By]<UL><LI><a href="#[62]">&gt;&gt;</a>&nbsp;&nbsp;&nbsp;ADC_Clock_Mode_Config
</UL>

<P><STRONG><a name="[65]"></a>RCC_ADC_Hclk_Config</STRONG> (Thumb, 18 bytes, Stack size 0 bytes, n32g430_rcc.o(.text))
<BR><BR>[Called By]<UL><LI><a href="#[62]">&gt;&gt;</a>&nbsp;&nbsp;&nbsp;ADC_Clock_Mode_Config
</UL>

<P><STRONG><a name="[63]"></a>RCC_ADC_Hclk_Enable</STRONG> (Thumb, 18 bytes, Stack size 0 bytes, n32g430_rcc.o(.text))
<BR><BR>[Called By]<UL><LI><a href="#[62]">&gt;&gt;</a>&nbsp;&nbsp;&nbsp;ADC_Clock_Mode_Config
</UL>

<P><STRONG><a name="[25a]"></a>RCC_ADC_Hclk_Disable</STRONG> (Thumb, 18 bytes, Stack size 0 bytes, n32g430_rcc.o(.text), UNUSED)

<P><STRONG><a name="[98]"></a>RCC_LSE_Trim_Config</STRONG> (Thumb, 38 bytes, Stack size 0 bytes, n32g430_rcc.o(.text), UNUSED)
<BR><BR>[Called By]<UL><LI><a href="#[96]">&gt;&gt;</a>&nbsp;&nbsp;&nbsp;RCC_LSE_Config
</UL>

<P><STRONG><a name="[97]"></a>RCC_APB1_Peripheral_Clock_Enable</STRONG> (Thumb, 70 bytes, Stack size 0 bytes, n32g430_rcc.o(.text))
<BR><BR>[Called By]<UL><LI><a href="#[9b]">&gt;&gt;</a>&nbsp;&nbsp;&nbsp;RCC_LPTIM_Clock_Config
<LI><a href="#[96]">&gt;&gt;</a>&nbsp;&nbsp;&nbsp;RCC_LSE_Config
<LI><a href="#[19b]">&gt;&gt;</a>&nbsp;&nbsp;&nbsp;RTC_CLKSource_Config
<LI><a href="#[18e]">&gt;&gt;</a>&nbsp;&nbsp;&nbsp;Common_BSTIM_RCC_Initialize
</UL>

<P><STRONG><a name="[96]"></a>RCC_LSE_Config</STRONG> (Thumb, 88 bytes, Stack size 8 bytes, n32g430_rcc.o(.text), UNUSED)
<BR><BR>[Calls]<UL><LI><a href="#[97]">&gt;&gt;</a>&nbsp;&nbsp;&nbsp;RCC_APB1_Peripheral_Clock_Enable
<LI><a href="#[98]">&gt;&gt;</a>&nbsp;&nbsp;&nbsp;RCC_LSE_Trim_Config
</UL>
<BR>[Called By]<UL><LI><a href="#[19b]">&gt;&gt;</a>&nbsp;&nbsp;&nbsp;RTC_CLKSource_Config
</UL>

<P><STRONG><a name="[25b]"></a>RCC_LSE_Clock_Security_System_Enable</STRONG> (Thumb, 8 bytes, Stack size 0 bytes, n32g430_rcc.o(.text), UNUSED)

<P><STRONG><a name="[25c]"></a>RCC_LSE_Clock_Security_System_Disable</STRONG> (Thumb, 8 bytes, Stack size 0 bytes, n32g430_rcc.o(.text), UNUSED)

<P><STRONG><a name="[25d]"></a>RCC_LSE_Clock_Security_System_Status_Get</STRONG> (Thumb, 18 bytes, Stack size 0 bytes, n32g430_rcc.o(.text), UNUSED)

<P><STRONG><a name="[99]"></a>RCC_LSE_Stable_Wait</STRONG> (Thumb, 78 bytes, Stack size 40 bytes, n32g430_rcc.o(.text), UNUSED)
<BR><BR>[Calls]<UL><LI><a href="#[93]">&gt;&gt;</a>&nbsp;&nbsp;&nbsp;RCC_Clocks_Frequencies_Value_Get
<LI><a href="#[94]">&gt;&gt;</a>&nbsp;&nbsp;&nbsp;RCC_Flag_Status_Get
</UL>

<P><STRONG><a name="[1a1]"></a>RCC_LSI_Enable</STRONG> (Thumb, 10 bytes, Stack size 0 bytes, n32g430_rcc.o(.text), UNUSED)
<BR><BR>[Called By]<UL><LI><a href="#[19b]">&gt;&gt;</a>&nbsp;&nbsp;&nbsp;RTC_CLKSource_Config
</UL>

<P><STRONG><a name="[19f]"></a>RCC_LSI_Disable</STRONG> (Thumb, 10 bytes, Stack size 0 bytes, n32g430_rcc.o(.text), UNUSED)
<BR><BR>[Called By]<UL><LI><a href="#[19b]">&gt;&gt;</a>&nbsp;&nbsp;&nbsp;RTC_CLKSource_Config
</UL>

<P><STRONG><a name="[9a]"></a>RCC_LSI_Stable_Wait</STRONG> (Thumb, 78 bytes, Stack size 40 bytes, n32g430_rcc.o(.text), UNUSED)
<BR><BR>[Calls]<UL><LI><a href="#[93]">&gt;&gt;</a>&nbsp;&nbsp;&nbsp;RCC_Clocks_Frequencies_Value_Get
<LI><a href="#[94]">&gt;&gt;</a>&nbsp;&nbsp;&nbsp;RCC_Flag_Status_Get
</UL>

<P><STRONG><a name="[1a0]"></a>RCC_RTC_Clock_Config</STRONG> (Thumb, 22 bytes, Stack size 0 bytes, n32g430_rcc.o(.text), UNUSED)
<BR><BR>[Called By]<UL><LI><a href="#[19b]">&gt;&gt;</a>&nbsp;&nbsp;&nbsp;RTC_CLKSource_Config
</UL>

<P><STRONG><a name="[1a2]"></a>RCC_RTC_Clock_Enable</STRONG> (Thumb, 10 bytes, Stack size 0 bytes, n32g430_rcc.o(.text), UNUSED)
<BR><BR>[Called By]<UL><LI><a href="#[19b]">&gt;&gt;</a>&nbsp;&nbsp;&nbsp;RTC_CLKSource_Config
</UL>

<P><STRONG><a name="[19e]"></a>RCC_RTC_Clock_Disable</STRONG> (Thumb, 10 bytes, Stack size 0 bytes, n32g430_rcc.o(.text), UNUSED)
<BR><BR>[Called By]<UL><LI><a href="#[19b]">&gt;&gt;</a>&nbsp;&nbsp;&nbsp;RTC_CLKSource_Config
</UL>

<P><STRONG><a name="[9b]"></a>RCC_LPTIM_Clock_Config</STRONG> (Thumb, 46 bytes, Stack size 4 bytes, n32g430_rcc.o(.text), UNUSED)
<BR><BR>[Calls]<UL><LI><a href="#[97]">&gt;&gt;</a>&nbsp;&nbsp;&nbsp;RCC_APB1_Peripheral_Clock_Enable
</UL>

<P><STRONG><a name="[25e]"></a>RCC_LPTIM_Reset</STRONG> (Thumb, 24 bytes, Stack size 0 bytes, n32g430_rcc.o(.text), UNUSED)

<P><STRONG><a name="[25f]"></a>RCC_LPTIM_Enable</STRONG> (Thumb, 14 bytes, Stack size 0 bytes, n32g430_rcc.o(.text), UNUSED)

<P><STRONG><a name="[260]"></a>RCC_LPTIM_Disable</STRONG> (Thumb, 14 bytes, Stack size 0 bytes, n32g430_rcc.o(.text), UNUSED)

<P><STRONG><a name="[126]"></a>RCC_AHB_Peripheral_Clock_Enable</STRONG> (Thumb, 12 bytes, Stack size 0 bytes, n32g430_rcc.o(.text))
<BR><BR>[Called By]<UL><LI><a href="#[169]">&gt;&gt;</a>&nbsp;&nbsp;&nbsp;RCC_Configuration
<LI><a href="#[125]">&gt;&gt;</a>&nbsp;&nbsp;&nbsp;ADC_Init
</UL>

<P><STRONG><a name="[261]"></a>RCC_AHB_Peripheral_Clock_Disable</STRONG> (Thumb, 12 bytes, Stack size 0 bytes, n32g430_rcc.o(.text), UNUSED)

<P><STRONG><a name="[142]"></a>RCC_APB2_Peripheral_Clock_Enable</STRONG> (Thumb, 12 bytes, Stack size 0 bytes, n32g430_rcc.o(.text))
<BR><BR>[Called By]<UL><LI><a href="#[19b]">&gt;&gt;</a>&nbsp;&nbsp;&nbsp;RTC_CLKSource_Config
<LI><a href="#[18e]">&gt;&gt;</a>&nbsp;&nbsp;&nbsp;Common_BSTIM_RCC_Initialize
<LI><a href="#[17d]">&gt;&gt;</a>&nbsp;&nbsp;&nbsp;Usart1_Init
<LI><a href="#[169]">&gt;&gt;</a>&nbsp;&nbsp;&nbsp;RCC_Configuration
<LI><a href="#[141]">&gt;&gt;</a>&nbsp;&nbsp;&nbsp;SPI2_Init
</UL>

<P><STRONG><a name="[262]"></a>RCC_APB2_Peripheral_Clock_Disable</STRONG> (Thumb, 12 bytes, Stack size 0 bytes, n32g430_rcc.o(.text), UNUSED)

<P><STRONG><a name="[263]"></a>RCC_APB1_Peripheral_Clock_Disable</STRONG> (Thumb, 12 bytes, Stack size 0 bytes, n32g430_rcc.o(.text), UNUSED)

<P><STRONG><a name="[4a]"></a>RCC_AHB_Peripheral_Reset</STRONG> (Thumb, 20 bytes, Stack size 0 bytes, n32g430_rcc.o(.text), UNUSED)
<BR><BR>[Called By]<UL><LI><a href="#[84]">&gt;&gt;</a>&nbsp;&nbsp;&nbsp;GPIO_Reset
<LI><a href="#[49]">&gt;&gt;</a>&nbsp;&nbsp;&nbsp;ADC_Reset
</UL>

<P><STRONG><a name="[91]"></a>RCC_APB2_Peripheral_Reset</STRONG> (Thumb, 20 bytes, Stack size 0 bytes, n32g430_rcc.o(.text))
<BR><BR>[Called By]<UL><LI><a href="#[bd]">&gt;&gt;</a>&nbsp;&nbsp;&nbsp;TIM_Reset
<LI><a href="#[af]">&gt;&gt;</a>&nbsp;&nbsp;&nbsp;USART_Reset
<LI><a href="#[9c]">&gt;&gt;</a>&nbsp;&nbsp;&nbsp;SPI_I2S_Reset
<LI><a href="#[90]">&gt;&gt;</a>&nbsp;&nbsp;&nbsp;GPIO_Alternate_Function_Reset
</UL>

<P><STRONG><a name="[b0]"></a>RCC_APB1_Peripheral_Reset</STRONG> (Thumb, 20 bytes, Stack size 0 bytes, n32g430_rcc.o(.text), UNUSED)
<BR><BR>[Called By]<UL><LI><a href="#[bd]">&gt;&gt;</a>&nbsp;&nbsp;&nbsp;TIM_Reset
<LI><a href="#[af]">&gt;&gt;</a>&nbsp;&nbsp;&nbsp;USART_Reset
<LI><a href="#[119]">&gt;&gt;</a>&nbsp;&nbsp;&nbsp;PWR_Reset
</UL>

<P><STRONG><a name="[19d]"></a>RCC_Backup_Reset</STRONG> (Thumb, 14 bytes, Stack size 0 bytes, n32g430_rcc.o(.text), UNUSED)
<BR><BR>[Called By]<UL><LI><a href="#[19b]">&gt;&gt;</a>&nbsp;&nbsp;&nbsp;RTC_CLKSource_Config
</UL>

<P><STRONG><a name="[264]"></a>RCC_MCO_PLL_Prescaler_Config</STRONG> (Thumb, 18 bytes, Stack size 0 bytes, n32g430_rcc.o(.text), UNUSED)

<P><STRONG><a name="[265]"></a>RCC_MCO_Source_Config</STRONG> (Thumb, 18 bytes, Stack size 0 bytes, n32g430_rcc.o(.text), UNUSED)

<P><STRONG><a name="[266]"></a>RCC_Reset_Flag_Clear</STRONG> (Thumb, 24 bytes, Stack size 0 bytes, n32g430_rcc.o(.text), UNUSED)

[...]
<LI><a href="#[1ce]">&gt;&gt;</a>&nbsp;&nbsp;&nbsp;uxTaskPriorityGet
<LI><a href="#[1cd]">&gt;&gt;</a>&nbsp;&nbsp;&nbsp;eTaskGetState
<LI><a href="#[1c3]">&gt;&gt;</a>&nbsp;&nbsp;&nbsp;vTaskDelete
<LI><a href="#[1d6]">&gt;&gt;</a>&nbsp;&nbsp;&nbsp;prvCheckTasksWaitingTermination
<LI><a href="#[1b8]">&gt;&gt;</a>&nbsp;&nbsp;&nbsp;prvAddNewTaskToReadyList
<LI><a href="#[1e2]">&gt;&gt;</a>&nbsp;&nbsp;&nbsp;xTaskCheckForTimeOut
<LI><a href="#[1c7]">&gt;&gt;</a>&nbsp;&nbsp;&nbsp;xTaskResumeAll
</UL>

<P><STRONG><a name="[1ee]"></a>xPortSysTickHandler</STRONG> (Thumb, 48 bytes, Stack size 8 bytes, port.o(.text), UNUSED)
<BR><BR>[Calls]<UL><LI><a href="#[1c6]">&gt;&gt;</a>&nbsp;&nbsp;&nbsp;xTaskIncrementTick
</UL>

<P><STRONG><a name="[1d0]"></a>vPortValidateInterruptPriority</STRONG> (Thumb, 88 bytes, Stack size 16 bytes, port.o(.text), UNUSED)
<BR><BR>[Calls]<UL><LI><a href="#[184]">&gt;&gt;</a>&nbsp;&nbsp;&nbsp;__2printf
<LI><a href="#[1ef]">&gt;&gt;</a>&nbsp;&nbsp;&nbsp;vPortGetIPSR
</UL>
<BR>[Called By]<UL><LI><a href="#[1e7]">&gt;&gt;</a>&nbsp;&nbsp;&nbsp;vTaskNotifyGiveFromISR
<LI><a href="#[1e6]">&gt;&gt;</a>&nbsp;&nbsp;&nbsp;xTaskGenericNotifyFromISR
<LI><a href="#[1db]">&gt;&gt;</a>&nbsp;&nbsp;&nbsp;xTaskGetTickCountFromISR
<LI><a href="#[1d5]">&gt;&gt;</a>&nbsp;&nbsp;&nbsp;xTaskResumeFromISR
<LI><a href="#[1cf]">&gt;&gt;</a>&nbsp;&nbsp;&nbsp;uxTaskPriorityGetFromISR
</UL>

<P><STRONG><a name="[1ab]"></a>__aeabi_memcpy</STRONG> (Thumb, 36 bytes, Stack size 0 bytes, memcpya.o(.text))
<BR><BR>[Called By]<UL><LI><a href="#[1ac]">&gt;&gt;</a>&nbsp;&nbsp;&nbsp;rbWrite
<LI><a href="#[1a9]">&gt;&gt;</a>&nbsp;&nbsp;&nbsp;rbRead
</UL>

<P><STRONG><a name="[347]"></a>__aeabi_memcpy4</STRONG> (Thumb, 0 bytes, Stack size 0 bytes, memcpya.o(.text), UNUSED)

<P><STRONG><a name="[348]"></a>__aeabi_memcpy8</STRONG> (Thumb, 0 bytes, Stack size 0 bytes, memcpya.o(.text), UNUSED)

<P><STRONG><a name="[1f0]"></a>__aeabi_memset</STRONG> (Thumb, 14 bytes, Stack size 0 bytes, memseta.o(.text))
<BR><BR>[Called By]<UL><LI><a href="#[1f1]">&gt;&gt;</a>&nbsp;&nbsp;&nbsp;_memset$wrapper
<LI><a href="#[18d]">&gt;&gt;</a>&nbsp;&nbsp;&nbsp;__aeabi_memclr
</UL>

<P><STRONG><a name="[349]"></a>__aeabi_memset4</STRONG> (Thumb, 0 bytes, Stack size 0 bytes, memseta.o(.text), UNUSED)

<P><STRONG><a name="[34a]"></a>__aeabi_memset8</STRONG> (Thumb, 0 bytes, Stack size 0 bytes, memseta.o(.text), UNUSED)

<P><STRONG><a name="[18d]"></a>__aeabi_memclr</STRONG> (Thumb, 4 bytes, Stack size 0 bytes, memseta.o(.text))
<BR><BR>[Calls]<UL><LI><a href="#[1f0]">&gt;&gt;</a>&nbsp;&nbsp;&nbsp;__aeabi_memset
</UL>
<BR>[Called By]<UL><LI><a href="#[11e]">&gt;&gt;</a>&nbsp;&nbsp;&nbsp;Usart1_Receive_Deal
</UL>

<P><STRONG><a name="[34b]"></a>__aeabi_memclr4</STRONG> (Thumb, 0 bytes, Stack size 0 bytes, memseta.o(.text), UNUSED)

<P><STRONG><a name="[34c]"></a>__aeabi_memclr8</STRONG> (Thumb, 0 bytes, Stack size 0 bytes, memseta.o(.text), UNUSED)

<P><STRONG><a name="[1f1]"></a>_memset$wrapper</STRONG> (Thumb, 18 bytes, Stack size 8 bytes, memseta.o(.text), UNUSED)
<BR><BR>[Calls]<UL><LI><a href="#[1f0]">&gt;&gt;</a>&nbsp;&nbsp;&nbsp;__aeabi_memset
</UL>

<P><STRONG><a name="[18a]"></a>strstr</STRONG> (Thumb, 36 bytes, Stack size 12 bytes, strstr.o(.text))
<BR><BR>[Stack]<UL><LI>Max Depth = 12<LI>Call Chain = strstr
</UL>
<BR>[Called By]<UL><LI><a href="#[11e]">&gt;&gt;</a>&nbsp;&nbsp;&nbsp;Usart1_Receive_Deal
</UL>

<P><STRONG><a name="[136]"></a>__aeabi_dmul</STRONG> (Thumb, 228 bytes, Stack size 48 bytes, dmul.o(.text))
<BR><BR>[Stack]<UL><LI>Max Depth = 88<LI>Call Chain = __aeabi_dmul &rArr; _double_epilogue &rArr; _double_round
</UL>
<BR>[Calls]<UL><LI><a href="#[1f2]">&gt;&gt;</a>&nbsp;&nbsp;&nbsp;_double_epilogue
</UL>
<BR>[Called By]<UL><LI><a href="#[134]">&gt;&gt;</a>&nbsp;&nbsp;&nbsp;Speed_get
</UL>

<P><STRONG><a name="[137]"></a>__aeabi_ddiv</STRONG> (Thumb, 222 bytes, Stack size 32 bytes, ddiv.o(.text))
<BR><BR>[Stack]<UL><LI>Max Depth = 40<LI>Call Chain = __aeabi_ddiv &rArr; _double_round
</UL>
<BR>[Calls]<UL><LI><a href="#[1f3]">&gt;&gt;</a>&nbsp;&nbsp;&nbsp;_double_round
</UL>
<BR>[Called By]<UL><LI><a href="#[134]">&gt;&gt;</a>&nbsp;&nbsp;&nbsp;Speed_get
</UL>

<P><STRONG><a name="[135]"></a>__aeabi_i2d</STRONG> (Thumb, 34 bytes, Stack size 16 bytes, dflti.o(.text))
<BR><BR>[Stack]<UL><LI>Max Depth = 56<LI>Call Chain = __aeabi_i2d &rArr; _double_epilogue &rArr; _double_round
</UL>
<BR>[Calls]<UL><LI><a href="#[1f2]">&gt;&gt;</a>&nbsp;&nbsp;&nbsp;_double_epilogue
</UL>
<BR>[Called By]<UL><LI><a href="#[134]">&gt;&gt;</a>&nbsp;&nbsp;&nbsp;Speed_get
</UL>

<P><STRONG><a name="[138]"></a>__aeabi_d2uiz</STRONG> (Thumb, 50 bytes, Stack size 8 bytes, dfixui.o(.text))
<BR><BR>[Stack]<UL><LI>Max Depth = 8<LI>Call Chain = __aeabi_d2uiz
</UL>
<BR>[Calls]<UL><LI><a href="#[1f4]">&gt;&gt;</a>&nbsp;&nbsp;&nbsp;__aeabi_llsr
</UL>
<BR>[Called By]<UL><LI><a href="#[134]">&gt;&gt;</a>&nbsp;&nbsp;&nbsp;Speed_get
</UL>

<P><STRONG><a name="[34d]"></a>__aeabi_uidiv</STRONG> (Thumb, 0 bytes, Stack size 12 bytes, uidiv.o(.text), UNUSED)

<P><STRONG><a name="[1f9]"></a>__aeabi_uidivmod</STRONG> (Thumb, 44 bytes, Stack size 12 bytes, uidiv.o(.text), UNUSED)
<BR><BR>[Called By]<UL><LI><a href="#[1f8]">&gt;&gt;</a>&nbsp;&nbsp;&nbsp;_printf_core
</UL>

<P><STRONG><a name="[1f4]"></a>__aeabi_llsr</STRONG> (Thumb, 32 bytes, Stack size 0 bytes, llushr.o(.text))
<BR><BR>[Called By]<UL><LI><a href="#[138]">&gt;&gt;</a>&nbsp;&nbsp;&nbsp;__aeabi_d2uiz
<LI><a href="#[1f2]">&gt;&gt;</a>&nbsp;&nbsp;&nbsp;_double_epilogue
</UL>

<P><STRONG><a name="[34e]"></a>_ll_ushift_r</STRONG> (Thumb, 0 bytes, Stack size 0 bytes, llushr.o(.text), UNUSED)

<P><STRONG><a name="[34f]"></a>__I$use$fp</STRONG> (Thumb, 0 bytes, Stack size 8 bytes, iusefp.o(.text), UNUSED)

<P><STRONG><a name="[1f3]"></a>_double_round</STRONG> (Thumb, 30 bytes, Stack size 8 bytes, depilogue.o(.text))
<BR><BR>[Stack]<UL><LI>Max Depth = 8<LI>Call Chain = _double_round
</UL>
<BR>[Called By]<UL><LI><a href="#[137]">&gt;&gt;</a>&nbsp;&nbsp;&nbsp;__aeabi_ddiv
<LI><a href="#[1f2]">&gt;&gt;</a>&nbsp;&nbsp;&nbsp;_double_epilogue
</UL>

<P><STRONG><a name="[1f2]"></a>_double_epilogue</STRONG> (Thumb, 156 bytes, Stack size 32 bytes, depilogue.o(.text))
<BR><BR>[Stack]<UL><LI>Max Depth = 40<LI>Call Chain = _double_epilogue &rArr; _double_round
</UL>
<BR>[Calls]<UL><LI><a href="#[1f5]">&gt;&gt;</a>&nbsp;&nbsp;&nbsp;__aeabi_llsl
<LI><a href="#[1f4]">&gt;&gt;</a>&nbsp;&nbsp;&nbsp;__aeabi_llsr
<LI><a href="#[1f3]">&gt;&gt;</a>&nbsp;&nbsp;&nbsp;_double_round
</UL>
<BR>[Called By]<UL><LI><a href="#[135]">&gt;&gt;</a>&nbsp;&nbsp;&nbsp;__aeabi_i2d
<LI><a href="#[136]">&gt;&gt;</a>&nbsp;&nbsp;&nbsp;__aeabi_dmul
</UL>

<P><STRONG><a name="[46]"></a>__scatterload</STRONG> (Thumb, 28 bytes, Stack size 0 bytes, init.o(.text))
<BR><BR>[Calls]<UL><LI><a href="#[1f6]">&gt;&gt;</a>&nbsp;&nbsp;&nbsp;__main_after_scatterload
</UL>
<BR>[Called By]<UL><LI><a href="#[45]">&gt;&gt;</a>&nbsp;&nbsp;&nbsp;_main_scatterload
</UL>

<P><STRONG><a name="[350]"></a>__scatterload_rt2</STRONG> (Thumb, 0 bytes, Stack size 0 bytes, init.o(.text), UNUSED)

<P><STRONG><a name="[1f5]"></a>__aeabi_llsl</STRONG> (Thumb, 30 bytes, Stack size 0 bytes, llshl.o(.text))
<BR><BR>[Called By]<UL><LI><a href="#[1f2]">&gt;&gt;</a>&nbsp;&nbsp;&nbsp;_double_epilogue
</UL>

<P><STRONG><a name="[351]"></a>_ll_shift_l</STRONG> (Thumb, 0 bytes, Stack size 0 bytes, llshl.o(.text), UNUSED)

<P><STRONG><a name="[352]"></a>__decompress</STRONG> (Thumb, 0 bytes, Stack size unknown bytes, __dczerorl.o(.text), UNUSED)

<P><STRONG><a name="[353]"></a>__decompress0</STRONG> (Thumb, 58 bytes, Stack size unknown bytes, __dczerorl.o(.text), UNUSED)

<P><STRONG><a name="[1f7]"></a>__0printf$3</STRONG> (Thumb, 22 bytes, Stack size 24 bytes, printf3.o(i.__0printf$3), UNUSED)
<BR><BR>[Calls]<UL><LI><a href="#[1f8]">&gt;&gt;</a>&nbsp;&nbsp;&nbsp;_printf_core
</UL>

<P><STRONG><a name="[354]"></a>__1printf$3</STRONG> (Thumb, 0 bytes, Stack size 24 bytes, printf3.o(i.__0printf$3), UNUSED)

<P><STRONG><a name="[184]"></a>__2printf</STRONG> (Thumb, 0 bytes, Stack size 24 bytes, printf3.o(i.__0printf$3))
<BR><BR>[Stack]<UL><LI>Max Depth = 24<LI>Call Chain = __2printf
</UL>
<BR>[Called By]<UL><LI><a href="#[19b]">&gt;&gt;</a>&nbsp;&nbsp;&nbsp;RTC_CLKSource_Config
<LI><a href="#[17d]">&gt;&gt;</a>&nbsp;&nbsp;&nbsp;Usart1_Init
<LI><a href="#[17f]">&gt;&gt;</a>&nbsp;&nbsp;&nbsp;PrintfClockInfo
<LI><a href="#[11e]">&gt;&gt;</a>&nbsp;&nbsp;&nbsp;Usart1_Receive_Deal
<LI><a href="#[43]">&gt;&gt;</a>&nbsp;&nbsp;&nbsp;prvTaskExitError
<LI><a href="#[1d8]">&gt;&gt;</a>&nbsp;&nbsp;&nbsp;xPortStartScheduler
<LI><a href="#[1da]">&gt;&gt;</a>&nbsp;&nbsp;&nbsp;vPortEndScheduler
<LI><a href="#[1e7]">&gt;&gt;</a>&nbsp;&nbsp;&nbsp;vTaskNotifyGiveFromISR
<LI><a href="#[1e6]">&gt;&gt;</a>&nbsp;&nbsp;&nbsp;xTaskGenericNotifyFromISR
<LI><a href="#[1e5]">&gt;&gt;</a>&nbsp;&nbsp;&nbsp;xTaskGenericNotify
<LI><a href="#[1dc]">&gt;&gt;</a>&nbsp;&nbsp;&nbsp;pcTaskGetName
<LI><a href="#[1d7]">&gt;&gt;</a>&nbsp;&nbsp;&nbsp;vTaskStartScheduler
<LI><a href="#[1d5]">&gt;&gt;</a>&nbsp;&nbsp;&nbsp;xTaskResumeFromISR
<LI><a href="#[1d4]">&gt;&gt;</a>&nbsp;&nbsp;&nbsp;vTaskResume
<LI><a href="#[1d2]">&gt;&gt;</a>&nbsp;&nbsp;&nbsp;vTaskSuspend
<LI><a href="#[47]">&gt;&gt;</a>&nbsp;&nbsp;&nbsp;vTaskSwitchContext
<LI><a href="#[1d1]">&gt;&gt;</a>&nbsp;&nbsp;&nbsp;vTaskPrioritySet
<LI><a href="#[1cd]">&gt;&gt;</a>&nbsp;&nbsp;&nbsp;eTaskGetState
<LI><a href="#[1cc]">&gt;&gt;</a>&nbsp;&nbsp;&nbsp;vTaskDelay
<LI><a href="#[1ca]">&gt;&gt;</a>&nbsp;&nbsp;&nbsp;vTaskDelayUntil
<LI><a href="#[1c6]">&gt;&gt;</a>&nbsp;&nbsp;&nbsp;xTaskIncrementTick
<LI><a href="#[1c3]">&gt;&gt;</a>&nbsp;&nbsp;&nbsp;vTaskDelete
<LI><a href="#[1d3]">&gt;&gt;</a>&nbsp;&nbsp;&nbsp;prvTaskIsTaskSuspended
<LI><a href="#[1bc]">&gt;&gt;</a>&nbsp;&nbsp;&nbsp;prvInitialiseNewTask
<LI><a href="#[1df]">&gt;&gt;</a>&nbsp;&nbsp;&nbsp;xTaskRemoveFromEventList
<LI><a href="#[1e2]">&gt;&gt;</a>&nbsp;&nbsp;&nbsp;xTaskCheckForTimeOut
<LI><a href="#[1e1]">&gt;&gt;</a>&nbsp;&nbsp;&nbsp;vTaskSetTimeOutState
<LI><a href="#[1dd]">&gt;&gt;</a>&nbsp;&nbsp;&nbsp;vTaskPlaceOnEventList
<LI><a href="#[1d0]">&gt;&gt;</a>&nbsp;&nbsp;&nbsp;vPortValidateInterruptPriority
<LI><a href="#[1c7]">&gt;&gt;</a>&nbsp;&nbsp;&nbsp;xTaskResumeAll
<LI><a href="#[1e0]">&gt;&gt;</a>&nbsp;&nbsp;&nbsp;xTaskRemoveFromUnorderedEventList
<LI><a href="#[1de]">&gt;&gt;</a>&nbsp;&nbsp;&nbsp;vTaskPlaceOnUnorderedEventList
<LI><a href="#[1c1]">&gt;&gt;</a>&nbsp;&nbsp;&nbsp;vPortFree
<LI><a href="#[1bb]">&gt;&gt;</a>&nbsp;&nbsp;&nbsp;vPortExitCritical
<LI><a href="#[1b9]">&gt;&gt;</a>&nbsp;&nbsp;&nbsp;vPortEnterCritical
<LI><a href="#[1c0]">&gt;&gt;</a>&nbsp;&nbsp;&nbsp;pvPortMalloc
</UL>

<P><STRONG><a name="[355]"></a>__scatterload_copy</STRONG> (Thumb, 14 bytes, Stack size unknown bytes, handlers.o(i.__scatterload_copy), UNUSED)

<P><STRONG><a name="[356]"></a>__scatterload_null</STRONG> (Thumb, 2 bytes, Stack size unknown bytes, handlers.o(i.__scatterload_null), UNUSED)

<P><STRONG><a name="[357]"></a>__scatterload_zeroinit</STRONG> (Thumb, 14 bytes, Stack size unknown bytes, handlers.o(i.__scatterload_zeroinit), UNUSED)
<P>
<H3>
Local Symbols
</H3>
<P><STRONG><a name="[48]"></a>System_Clock_Set</STRONG> (Thumb, 254 bytes, Stack size 20 bytes, system_n32g430_1.o(.text))
<BR><BR>[Stack]<UL><LI>Max Depth = 20<LI>Call Chain = System_Clock_Set
</UL>
<BR>[Called By]<UL><LI><a href="#[40]">&gt;&gt;</a>&nbsp;&nbsp;&nbsp;System_Initializes
</UL>

<P><STRONG><a name="[101]"></a>RTC_Hour_Format_Set</STRONG> (Thumb, 26 bytes, Stack size 0 bytes, n32g430_rtc.o(.text), UNUSED)
<BR><BR>[Called By]<UL><LI><a href="#[ff]">&gt;&gt;</a>&nbsp;&nbsp;&nbsp;RTC_Calendar_Initializes
</UL>

<P><STRONG><a name="[102]"></a>RTC_Prescale_Config</STRONG> (Thumb, 20 bytes, Stack size 0 bytes, n32g430_rtc.o(.text), UNUSED)
<BR><BR>[Called By]<UL><LI><a href="#[ff]">&gt;&gt;</a>&nbsp;&nbsp;&nbsp;RTC_Calendar_Initializes
</UL>

<P><STRONG><a name="[f7]"></a>RTC_Registers_Reset</STRONG> (Thumb, 78 bytes, Stack size 0 bytes, n32g430_rtc.o(.text), UNUSED)
<BR><BR>[Called By]<UL><LI><a href="#[f5]">&gt;&gt;</a>&nbsp;&nbsp;&nbsp;RTC_Deinitializes
</UL>

<P><STRONG><a name="[fe]"></a>RTC_Bcd2_To_Byte</STRONG> (Thumb, 22 bytes, Stack size 0 bytes, n32g430_rtc.o(.text), UNUSED)
<BR><BR>[Called By]<UL><LI><a href="#[115]">&gt;&gt;</a>&nbsp;&nbsp;&nbsp;RTC_TimeStamp_Get
<LI><a href="#[105]">&gt;&gt;</a>&nbsp;&nbsp;&nbsp;RTC_Alarm_Get
<LI><a href="#[103]">&gt;&gt;</a>&nbsp;&nbsp;&nbsp;RTC_Date_Get
<LI><a href="#[fd]">&gt;&gt;</a>&nbsp;&nbsp;&nbsp;RTC_Time_Get
</UL>

<P><STRONG><a name="[100]"></a>RTC_Byte_To_Bcd2</STRONG> (Thumb, 28 bytes, Stack size 0 bytes, n32g430_rtc.o(.text), UNUSED)
<BR><BR>[Called By]<UL><LI><a href="#[104]">&gt;&gt;</a>&nbsp;&nbsp;&nbsp;RTC_Alarm_Set
<LI><a href="#[ff]">&gt;&gt;</a>&nbsp;&nbsp;&nbsp;RTC_Calendar_Initializes
</UL>

<P><STRONG><a name="[157]"></a>__NVIC_SetPriority</STRONG> (Thumb, 32 bytes, Stack size 8 bytes, system_init.o(.text))
<BR><BR>[Stack]<UL><LI>Max Depth = 8<LI>Call Chain = __NVIC_SetPriority
</UL>
<BR>[Called By]<UL><LI><a href="#[16f]">&gt;&gt;</a>&nbsp;&nbsp;&nbsp;NVIC_Configuration
<LI><a href="#[156]">&gt;&gt;</a>&nbsp;&nbsp;&nbsp;SysTick_Config
</UL>

<P><STRONG><a name="[156]"></a>SysTick_Config</STRONG> (Thumb, 50 bytes, Stack size 8 bytes, system_init.o(.text))
<BR><BR>[Stack]<UL><LI>Max Depth = 16<LI>Call Chain = SysTick_Config &rArr; __NVIC_SetPriority
</UL>
<BR>[Calls]<UL><LI><a href="#[157]">&gt;&gt;</a>&nbsp;&nbsp;&nbsp;__NVIC_SetPriority
</UL>
<BR>[Called By]<UL><LI><a href="#[168]">&gt;&gt;</a>&nbsp;&nbsp;&nbsp;delay_us
<LI><a href="#[11c]">&gt;&gt;</a>&nbsp;&nbsp;&nbsp;delay_ms
</UL>

<P><STRONG><a name="[1a4]"></a>RTC_Prescaler_Config</STRONG> (Thumb, 18 bytes, Stack size 0 bytes, dma.o(.text), UNUSED)
<BR><BR>[Called By]<UL><LI><a href="#[1a3]">&gt;&gt;</a>&nbsp;&nbsp;&nbsp;RTC_Time_Init
</UL>

<P><STRONG><a name="[1b6]"></a>prvInitialiseTaskLists</STRONG> (Thumb, 70 bytes, Stack size 8 bytes, tasks.o(.text), UNUSED)
<BR><BR>[Calls]<UL><LI><a href="#[1b7]">&gt;&gt;</a>&nbsp;&nbsp;&nbsp;vListInitialise
</UL>
<BR>[Called By]<UL><LI><a href="#[1b8]">&gt;&gt;</a>&nbsp;&nbsp;&nbsp;prvAddNewTaskToReadyList
</UL>

<P><STRONG><a name="[1b8]"></a>prvAddNewTaskToReadyList</STRONG> (Thumb, 150 bytes, Stack size 8 bytes, tasks.o(.text), UNUSED)
<BR><BR>[Calls]<UL><LI><a href="#[1b6]">&gt;&gt;</a>&nbsp;&nbsp;&nbsp;prvInitialiseTaskLists
<LI><a href="#[1ba]">&gt;&gt;</a>&nbsp;&nbsp;&nbsp;vListInsertEnd
<LI><a href="#[1bb]">&gt;&gt;</a>&nbsp;&nbsp;&nbsp;vPortExitCritical
<LI><a href="#[1b9]">&gt;&gt;</a>&nbsp;&nbsp;&nbsp;vPortEnterCritical
</UL>
<BR>[Called By]<UL><LI><a href="#[1bf]">&gt;&gt;</a>&nbsp;&nbsp;&nbsp;xTaskCreate
</UL>

<P><STRONG><a name="[1bc]"></a>prvInitialiseNewTask</STRONG> (Thumb, 154 bytes, Stack size 56 bytes, tasks.o(.text), UNUSED)
<BR><BR>[Calls]<UL><LI><a href="#[184]">&gt;&gt;</a>&nbsp;&nbsp;&nbsp;__2printf
<LI><a href="#[1be]">&gt;&gt;</a>&nbsp;&nbsp;&nbsp;pxPortInitialiseStack
<LI><a href="#[1bd]">&gt;&gt;</a>&nbsp;&nbsp;&nbsp;vListInitialiseItem
</UL>
<BR>[Called By]<UL><LI><a href="#[1bf]">&gt;&gt;</a>&nbsp;&nbsp;&nbsp;xTaskCreate
</UL>

<P><STRONG><a name="[1c5]"></a>prvResetNextTaskUnblockTime</STRONG> (Thumb, 42 bytes, Stack size 0 bytes, tasks.o(.text))
<BR><BR>[Called By]<UL><LI><a href="#[1d2]">&gt;&gt;</a>&nbsp;&nbsp;&nbsp;vTaskSuspend
<LI><a href="#[1c6]">&gt;&gt;</a>&nbsp;&nbsp;&nbsp;xTaskIncrementTick
<LI><a href="#[1c3]">&gt;&gt;</a>&nbsp;&nbsp;&nbsp;vTaskDelete
<LI><a href="#[1c7]">&gt;&gt;</a>&nbsp;&nbsp;&nbsp;xTaskResumeAll
</UL>

<P><STRONG><a name="[1c2]"></a>prvDeleteTCB</STRONG> (Thumb, 18 bytes, Stack size 8 bytes, tasks.o(.text))
<BR><BR>[Stack]<UL><LI>Max Depth = 88<LI>Call Chain = prvDeleteTCB &rArr; vPortFree &rArr; xTaskResumeAll &rArr; xTaskIncrementTick &rArr; __2printf
</UL>
<BR>[Calls]<UL><LI><a href="#[1c1]">&gt;&gt;</a>&nbsp;&nbsp;&nbsp;vPortFree
</UL>
<BR>[Called By]<UL><LI><a href="#[1c3]">&gt;&gt;</a>&nbsp;&nbsp;&nbsp;vTaskDelete
<LI><a href="#[1d6]">&gt;&gt;</a>&nbsp;&nbsp;&nbsp;prvCheckTasksWaitingTermination
</UL>

<P><STRONG><a name="[1c8]"></a>prvAddCurrentTaskToDelayedList</STRONG> (Thumb, 124 bytes, Stack size 24 bytes, tasks.o(.text), UNUSED)
<BR><BR>[Calls]<UL><LI><a href="#[1c4]">&gt;&gt;</a>&nbsp;&nbsp;&nbsp;uxListRemove
<LI><a href="#[1c9]">&gt;&gt;</a>&nbsp;&nbsp;&nbsp;vListInsert
<LI><a href="#[1ba]">&gt;&gt;</a>&nbsp;&nbsp;&nbsp;vListInsertEnd
</UL>
<BR>[Called By]<UL><LI><a href="#[1e4]">&gt;&gt;</a>&nbsp;&nbsp;&nbsp;xTaskNotifyWait
<LI><a href="#[1e3]">&gt;&gt;</a>&nbsp;&nbsp;&nbsp;ulTaskNotifyTake
<LI><a href="#[1cc]">&gt;&gt;</a>&nbsp;&nbsp;&nbsp;vTaskDelay
<LI><a href="#[1ca]">&gt;&gt;</a>&nbsp;&nbsp;&nbsp;vTaskDelayUntil
<LI><a href="#[1dd]">&gt;&gt;</a>&nbsp;&nbsp;&nbsp;vTaskPlaceOnEventList
<LI><a href="#[1de]">&gt;&gt;</a>&nbsp;&nbsp;&nbsp;vTaskPlaceOnUnorderedEventList
</UL>

<P><STRONG><a name="[1d3]"></a>prvTaskIsTaskSuspended</STRONG> (Thumb, 76 bytes, Stack size 16 bytes, tasks.o(.text), UNUSED)
<BR><BR>[Calls]<UL><LI><a href="#[184]">&gt;&gt;</a>&nbsp;&nbsp;&nbsp;__2printf
</UL>
<BR>[Called By]<UL><LI><a href="#[1d5]">&gt;&gt;</a>&nbsp;&nbsp;&nbsp;xTaskResumeFromISR
<LI><a href="#[1d4]">&gt;&gt;</a>&nbsp;&nbsp;&nbsp;vTaskResume
</UL>

<P><STRONG><a name="[1d6]"></a>prvCheckTasksWaitingTermination</STRONG> (Thumb, 86 bytes, Stack size 16 bytes, tasks.o(.text))
<BR><BR>[Stack]<UL><LI>Max Depth = 104<LI>Call Chain = prvCheckTasksWaitingTermination &rArr; prvDeleteTCB &rArr; vPortFree &rArr; xTaskResumeAll &rArr; xTaskIncrementTick &rArr; __2printf
</UL>
<BR>[Calls]<UL><LI><a href="#[1c2]">&gt;&gt;</a>&nbsp;&nbsp;&nbsp;prvDeleteTCB
<LI><a href="#[1c4]">&gt;&gt;</a>&nbsp;&nbsp;&nbsp;uxListRemove
<LI><a href="#[1c7]">&gt;&gt;</a>&nbsp;&nbsp;&nbsp;xTaskResumeAll
<LI><a href="#[1cb]">&gt;&gt;</a>&nbsp;&nbsp;&nbsp;vTaskSuspendAll
<LI><a href="#[1bb]">&gt;&gt;</a>&nbsp;&nbsp;&nbsp;vPortExitCritical
<LI><a href="#[1b9]">&gt;&gt;</a>&nbsp;&nbsp;&nbsp;vPortEnterCritical
</UL>
<BR>[Called By]<UL><LI><a href="#[42]">&gt;&gt;</a>&nbsp;&nbsp;&nbsp;prvIdleTask
</UL>

<P><STRONG><a name="[42]"></a>prvIdleTask</STRONG> (Thumb, 32 bytes, Stack size 0 bytes, tasks.o(.text))
<BR><BR>[Stack]<UL><LI>Max Depth = 104<LI>Call Chain = prvIdleTask &rArr; prvCheckTasksWaitingTermination &rArr; prvDeleteTCB &rArr; vPortFree &rArr; xTaskResumeAll &rArr; xTaskIncrementTick &rArr; __2printf
</UL>
<BR>[Calls]<UL><LI><a href="#[1d6]">&gt;&gt;</a>&nbsp;&nbsp;&nbsp;prvCheckTasksWaitingTermination
</UL>
<BR>[Address Reference Count : 1]<UL><LI> tasks.o(.text)
</UL>
<P><STRONG><a name="[1ea]"></a>prvInsertBlockIntoFreeList</STRONG> (Thumb, 96 bytes, Stack size 8 bytes, heap_4.o(.text))
<BR><BR>[Stack]<UL><LI>Max Depth = 8<LI>Call Chain = prvInsertBlockIntoFreeList
</UL>
<BR>[Called By]<UL><LI><a href="#[1c1]">&gt;&gt;</a>&nbsp;&nbsp;&nbsp;vPortFree
<LI><a href="#[1c0]">&gt;&gt;</a>&nbsp;&nbsp;&nbsp;pvPortMalloc
</UL>

<P><STRONG><a name="[1e9]"></a>prvHeapInit</STRONG> (Thumb, 98 bytes, Stack size 12 bytes, heap_4.o(.text), UNUSED)
<BR><BR>[Called By]<UL><LI><a href="#[1c0]">&gt;&gt;</a>&nbsp;&nbsp;&nbsp;pvPortMalloc
</UL>

<P><STRONG><a name="[43]"></a>prvTaskExitError</STRONG> (Thumb, 50 bytes, Stack size 0 bytes, port.o(.text))
<BR><BR>[Stack]<UL><LI>Max Depth = 24<LI>Call Chain = prvTaskExitError &rArr; __2printf
</UL>
<BR>[Calls]<UL><LI><a href="#[184]">&gt;&gt;</a>&nbsp;&nbsp;&nbsp;__2printf
</UL>
<BR>[Address Reference Count : 1]<UL><LI> port.o(.text)
</UL>
<P><STRONG><a name="[1f8]"></a>_printf_core</STRONG> (Thumb, 436 bytes, Stack size 96 bytes, printf3.o(i._printf_core), UNUSED)
<BR><BR>[Calls]<UL><LI><a href="#[1f9]">&gt;&gt;</a>&nbsp;&nbsp;&nbsp;__aeabi_uidivmod
</UL>
<BR>[Called By]<UL><LI><a href="#[1f7]">&gt;&gt;</a>&nbsp;&nbsp;&nbsp;__0printf$3
</UL>
<P>
<H3>
Undefined Global Symbols
</H3><HR></body></html>
