<html>
<body>
<pre>
<h1>礦ision Build Log</h1>
<h2>Tool Versions:</h2>
IDE-Version: μVision V5.30.0.0
Copyright (C) 2020 ARM Ltd and ARM Germany GmbH. All rights reserved.
License Information: c 779737176@qq.com, cj, LIC=VGXG8-3MWKJ-QD7KD-84ZQN-FV8Y5-D91TB
 
Tool Versions:
Toolchain:       MDK-ARM Plus  Version: 5.30.0.0
Toolchain Path:  D:\KEIL5\ARM\ARMCC\Bin
C Compiler:      Armcc.exe V5.06 update 6 (build 750)
Assembler:       Armasm.exe V5.06 update 6 (build 750)
Linker/Locator:  ArmLink.exe V5.06 update 6 (build 750)
Library Manager: ArmAr.exe V5.06 update 6 (build 750)
Hex Converter:   FromElf.exe V5.06 update 6 (build 750)
CPU DLL:         SARMCM3.DLL V5.30.0.0
Dialog DLL:      DCM.DLL V1.17.3.0
Target DLL:      Segger\JL2CM3.dll V2.99.38.0
Dialog DLL:      TCM.DLL V1.42.0.0
 
<h2>Project:</h2>
C:\Users\77973\Desktop\菜鸽途讯项目文档\电三轮项目\软件\D_2023_10_24_freertos\Project\YBP_LED\MDK-ARM\ADC_DMA.uvprojx
Project File Date:  11/01/2023

<h2>Output:</h2>
*** Using Compiler 'V5.06 update 6 (build 750)', folder: 'D:\KEIL5\ARM\ARMCC\Bin'
Build target 'N32g430'
Note: source file '..\..\..\firmware\CMSIS\device\system_n32g430.c' - object file renamed from '.\Objects\system_n32g430.o' to '.\Objects\system_n32g430_1.o'.
compiling System_Init.c...
..\inc\spi.h(71): warning:  #1295-D: Deprecated declaration Transfer_onewire_to_All_LED_num - give arg types
  void Transfer_onewire_to_All_LED_num();
..\inc\spi.h(72): warning:  #1295-D: Deprecated declaration Transfer_CarLed_to_All_LED_num - give arg types
  void Transfer_CarLed_to_All_LED_num();
..\inc\tim.h(17): warning:  #1-D: last line of file ends without a newline
  #endif /* __TIM_H__ */
..\inc\System_Init.h(118): warning:  #1295-D: Deprecated declaration Sector_select_init - give arg types
  void Sector_select_init();
..\src\System_Init.c(630): warning:  #177-D: variable "Speed_cnt_10ms"  was declared but never referenced
  	static uint32_t Speed_cnt_10ms;
..\src\System_Init.c(835): warning:  #177-D: variable "erase_num"  was declared but never referenced
  	  uint32_t addr,erase_num;
..\src\System_Init.c(914): warning:  #1-D: last line of file ends without a newline
  }
..\src\System_Init.c(332): warning:  #177-D: function "SysTick_Configing"  was declared but never referenced
  __STATIC_INLINE uint32_t SysTick_Configing(uint32_t ticks)
..\src\System_Init.c: 8 warnings, 0 errors
linking...
Program Size: Code=42896 RO-data=1496 RW-data=328 ZI-data=11832  
FromELF: creating hex file...
After Build - User command #1: fromelf --bin --output=.\bin\ADC_DMA.bin .\Objects\ADC_DMA.axf
".\Objects\ADC_DMA.axf" - 0 Error(s), 8 Warning(s).

<h2>Software Packages used:</h2>

Package Vendor: Nationstech
                http://www.keil.com/pack/Nationstech.N32G430_DFP.1.0.0.pack
                Nationstech.N32G430_DFP.1.0.0
                Nationstech N32G430 Series Device Support, Drivers and Examples

<h2>Collection of Component include folders:</h2>
  .\RTE\_N32g430
  D:\KEIL5\Nationstech\N32G430_DFP\1.0.0\firmware\CMSIS\device

<h2>Collection of Component Files used:</h2>
Build Time Elapsed:  00:00:01
</pre>
</body>
</html>
